2026-03-11 06:36:32,835 - BasicTS-launcher - INFO - Launching BasicTS training.
2026-03-11 06:36:33,318 - easytorch-env - INFO - Use devices 1.
2026-03-11 06:36:33,444 - easytorch-env - INFO - Disable TF32 mode
2026-03-11 06:36:33,552 - BasicTS - INFO - Building model.
/mnt/users/rwl/MATS/src/models/experts.py:491: UserWarning: enable_nested_tensor is True, but self.use_nested_tensor is False because encoder_layer.norm_first was True
  self.transformer = nn.TransformerEncoder(
2026-03-11 06:36:35,203 - BasicTS - INFO - Set ckpt save dir: "/mnt/users/rwl/MATS/results/main/MATS-Full-ECL-96/f724e7acfcbc6212178246bde064f960"
2026-03-11 06:36:35,223 - BasicTS-training - INFO - Initializing training.
2026-03-11 06:36:35,224 - BasicTS-training - INFO - Building train data loader.
2026-03-11 06:36:35,261 - BasicTS-training - ERROR - Traceback (most recent call last):
  File "/mnt/data/conda_env/mats/lib/python3.10/site-packages/basicts/data/tsf_dataset.py", line 58, in __init__
    self._data = np.load(
  File "/mnt/data/conda_env/mats/lib/python3.10/site-packages/numpy/lib/_npyio_impl.py", line 451, in load
    fid = stack.enter_context(open(os.fspath(file), "rb"))
FileNotFoundError: [Errno 2] No such file or directory: 'data/ECL/train_data.npy'

The above exception was the direct cause of the following exception:

Traceback (most recent call last):
  File "/mnt/data/conda_env/mats/lib/python3.10/site-packages/basicts/launcher.py", line 109, in training_func
    runner.train()
  File "/mnt/data/conda_env/mats/lib/python3.10/site-packages/basicts/runners/basicts_runner.py", line 304, in train
    self.on_train_start()
  File "/mnt/data/conda_env/mats/lib/python3.10/site-packages/basicts/runners/basicts_runner.py", line 540, in on_train_start
    self._init_train()
  File "/mnt/data/conda_env/mats/lib/python3.10/site-packages/basicts/runners/basicts_runner.py", line 216, in _init_train
    self.train_data_loader = Builder._build_data_loader(self.cfg, BasicTSMode.TRAIN, self.logger)
  File "/mnt/data/conda_env/mats/lib/python3.10/site-packages/basicts/runners/builder.py", line 92, in _build_data_loader
    dataset = Builder._build_dataset(cfg, mode)
  File "/mnt/data/conda_env/mats/lib/python3.10/site-packages/basicts/runners/builder.py", line 141, in _build_dataset
    return cfg.dataset_type(**dataset_params)
  File "/mnt/data/conda_env/mats/lib/python3.10/site-packages/basicts/data/tsf_dataset.py", line 66, in __init__
    raise FileNotFoundError(f"Cannot load dataset from {data_file_path}, Please set a correct local path."\
FileNotFoundError: Cannot load dataset from data/ECL, Please set a correct local path.If you want to download the dataset, please set the argument `local` to False.

Error executing job with overrides: ['input_len=96']
Traceback (most recent call last):
  File "/mnt/data/conda_env/mats/lib/python3.10/site-packages/basicts/data/tsf_dataset.py", line 58, in __init__
    self._data = np.load(
  File "/mnt/data/conda_env/mats/lib/python3.10/site-packages/numpy/lib/_npyio_impl.py", line 451, in load
    fid = stack.enter_context(open(os.fspath(file), "rb"))
FileNotFoundError: [Errno 2] No such file or directory: 'data/ECL/train_data.npy'

The above exception was the direct cause of the following exception:

Traceback (most recent call last):
  File "/mnt/users/rwl/MATS/scripts/train.py", line 79, in main
    basicts.BasicTSLauncher.launch_training(ts_cfg)
  File "/mnt/data/conda_env/mats/lib/python3.10/site-packages/basicts/launcher.py", line 58, in launch_training
    train_dist(cfg)
  File "/mnt/data/conda_env/mats/lib/python3.10/site-packages/basicts/launcher.py", line 113, in training_func
    raise e
  File "/mnt/data/conda_env/mats/lib/python3.10/site-packages/basicts/launcher.py", line 109, in training_func
    runner.train()
  File "/mnt/data/conda_env/mats/lib/python3.10/site-packages/basicts/runners/basicts_runner.py", line 304, in train
    self.on_train_start()
  File "/mnt/data/conda_env/mats/lib/python3.10/site-packages/basicts/runners/basicts_runner.py", line 540, in on_train_start
    self._init_train()
  File "/mnt/data/conda_env/mats/lib/python3.10/site-packages/basicts/runners/basicts_runner.py", line 216, in _init_train
    self.train_data_loader = Builder._build_data_loader(self.cfg, BasicTSMode.TRAIN, self.logger)
  File "/mnt/data/conda_env/mats/lib/python3.10/site-packages/basicts/runners/builder.py", line 92, in _build_data_loader
    dataset = Builder._build_dataset(cfg, mode)
  File "/mnt/data/conda_env/mats/lib/python3.10/site-packages/basicts/runners/builder.py", line 141, in _build_dataset
    return cfg.dataset_type(**dataset_params)
  File "/mnt/data/conda_env/mats/lib/python3.10/site-packages/basicts/data/tsf_dataset.py", line 66, in __init__
    raise FileNotFoundError(f"Cannot load dataset from {data_file_path}, Please set a correct local path."\
FileNotFoundError: Cannot load dataset from data/ECL, Please set a correct local path.If you want to download the dataset, please set the argument `local` to False.

Set the environment variable HYDRA_FULL_ERROR=1 for a complete stack trace.
