2026-03-11 14:41:31,469 - BasicTS-launcher - INFO - Launching BasicTS training.
2026-03-11 14:41:31,484 - easytorch-env - INFO - Use devices 0.
2026-03-11 14:41:31,510 - easytorch-env - INFO - Disable TF32 mode
2026-03-11 14:41:31,532 - BasicTS - INFO - Building model.
/mnt/users/rwl/MATS/src/models/experts.py:491: UserWarning: enable_nested_tensor is True, but self.use_nested_tensor is False because encoder_layer.norm_first was True
  self.transformer = nn.TransformerEncoder(
2026-03-11 14:41:32,555 - BasicTS - INFO - Set ckpt save dir: "/mnt/users/rwl/MATS/results/main/MATS-Full-Traffic-96/87bd76964c2f031273e1e86d7e4ee5b3"
2026-03-11 14:41:32,651 - BasicTS-training - INFO - Initializing training.
2026-03-11 14:41:32,651 - BasicTS-training - INFO - Building train data loader.
2026-03-11 14:41:38,577 - BasicTS-training - INFO - Set optim: Adam
2026-03-11 14:41:38,577 - BasicTS-training - INFO - Set lr_scheduler: CosineAnnealingLR
2026-03-11 14:41:38,577 - BasicTS-training - INFO - Building val data loader.
2026-03-11 14:41:38,583 - BasicTS-training - INFO - Building test data loader.
2026-03-11 14:41:38,593 - BasicTS-training - INFO - Total parameters: 12746256
2026-03-11 14:41:38,593 - BasicTS-training - INFO - Trainable parameters: 12746256
2026-03-11 14:41:38,593 - BasicTS-training - INFO - Epoch 1 / 100
2026-03-11 14:58:50,495 - BasicTS-training - INFO - Result <train>: [train/time: 1031.90 (s), train/lr: 5.00e-04, train/loss: 0.3951, train/MAE: 0.3951, train/MSE: 0.5150, train/RMSE: 0.7177, train/MAPE: 2.5982, train/WAPE: 0.5439]
2026-03-11 14:58:51,564 - BasicTS-training - INFO - Start validation.
2026-03-11 15:01:03,598 - BasicTS-training - INFO - Result <val>: [val/time: 132.03 (s), val/loss: 0.3966, val/MAE: 0.3966, val/MSE: 0.6612, val/RMSE: 0.8131, val/MAPE: 2.5400, val/WAPE: 0.5152]
2026-03-11 15:01:04,899 - BasicTS-training - INFO - Checkpoint /mnt/users/rwl/MATS/results/main/MATS-Full-Traffic-96/87bd76964c2f031273e1e86d7e4ee5b3/MATSArch_best_val_MAE.pt saved
2026-03-11 15:05:44,393 - BasicTS-training - INFO - Result <test>: [test/time: 279.49 (s), test/loss: 0.4446, test/MAE: 0.4446, test/MSE: 0.8679, test/RMSE: 0.9316, test/MAPE: 2.6525, test/WAPE: 0.5493]
2026-03-11 15:05:46,198 - BasicTS-training - INFO - Checkpoint /mnt/users/rwl/MATS/results/main/MATS-Full-Traffic-96/87bd76964c2f031273e1e86d7e4ee5b3/MATSArch_001.pt saved
2026-03-11 15:05:46,199 - BasicTS-training - INFO - The estimated training finish time is 2026-03-13 06:47:57
2026-03-11 15:05:46,199 - BasicTS-training - INFO - Epoch 2 / 100
2026-03-11 15:23:02,822 - BasicTS-training - INFO - Result <train>: [train/time: 1036.62 (s), train/lr: 5.00e-04, train/loss: 0.3486, train/MAE: 0.3486, train/MSE: 0.4355, train/RMSE: 0.6599, train/MAPE: 2.3685, train/WAPE: 0.4803]
2026-03-11 15:23:04,552 - BasicTS-training - INFO - Start validation.
2026-03-11 15:25:16,004 - BasicTS-training - INFO - Result <val>: [val/time: 131.45 (s), val/loss: 0.4114, val/MAE: 0.4114, val/MSE: 0.6947, val/RMSE: 0.8335, val/MAPE: 2.6031, val/WAPE: 0.5334]
2026-03-11 15:29:54,976 - BasicTS-training - INFO - Result <test>: [test/time: 278.21 (s), test/loss: 0.4508, test/MAE: 0.4508, test/MSE: 0.9057, test/RMSE: 0.9517, test/MAPE: 2.5958, test/WAPE: 0.5554]
2026-03-11 15:29:55,900 - BasicTS-training - INFO - Checkpoint /mnt/users/rwl/MATS/results/main/MATS-Full-Traffic-96/87bd76964c2f031273e1e86d7e4ee5b3/MATSArch_002.pt saved
2026-03-11 15:29:55,900 - BasicTS-training - INFO - The estimated training finish time is 2026-03-13 06:52:52
2026-03-11 15:29:55,900 - BasicTS-training - INFO - Epoch 3 / 100
2026-03-11 15:47:09,805 - BasicTS-training - INFO - Result <train>: [train/time: 1033.90 (s), train/lr: 5.00e-04, train/loss: 0.3446, train/MAE: 0.3446, train/MSE: 0.4306, train/RMSE: 0.6562, train/MAPE: 2.3273, train/WAPE: 0.4746]
2026-03-11 15:47:11,403 - BasicTS-training - INFO - Start validation.
2026-03-11 15:49:21,356 - BasicTS-training - INFO - Result <val>: [val/time: 129.95 (s), val/loss: 0.4001, val/MAE: 0.4001, val/MSE: 0.6675, val/RMSE: 0.8170, val/MAPE: 2.5691, val/WAPE: 0.5187]
2026-03-11 15:54:00,089 - BasicTS-training - INFO - Result <test>: [test/time: 277.16 (s), test/loss: 0.4420, test/MAE: 0.4420, test/MSE: 0.8679, test/RMSE: 0.9316, test/MAPE: 2.6183, test/WAPE: 0.5452]
2026-03-11 15:54:02,064 - BasicTS-training - INFO - Checkpoint /mnt/users/rwl/MATS/results/main/MATS-Full-Traffic-96/87bd76964c2f031273e1e86d7e4ee5b3/MATSArch_003.pt saved
2026-03-11 15:54:02,064 - BasicTS-training - INFO - The estimated training finish time is 2026-03-13 06:52:33
2026-03-11 15:54:02,064 - BasicTS-training - INFO - Epoch 4 / 100
2026-03-11 16:11:16,233 - BasicTS-training - INFO - Result <train>: [train/time: 1034.17 (s), train/lr: 4.99e-04, train/loss: 0.3429, train/MAE: 0.3429, train/MSE: 0.4310, train/RMSE: 0.6565, train/MAPE: 2.2851, train/WAPE: 0.4721]
2026-03-11 16:11:19,334 - BasicTS-training - INFO - Start validation.
2026-03-11 16:13:32,280 - BasicTS-training - INFO - Result <val>: [val/time: 132.94 (s), val/loss: 0.3958, val/MAE: 0.3958, val/MSE: 0.6628, val/RMSE: 0.8141, val/MAPE: 2.5743, val/WAPE: 0.5131]
2026-03-11 16:13:35,467 - BasicTS-training - INFO - Checkpoint /mnt/users/rwl/MATS/results/main/MATS-Full-Traffic-96/87bd76964c2f031273e1e86d7e4ee5b3/MATSArch_best_val_MAE.pt saved
2026-03-11 16:18:11,597 - BasicTS-training - INFO - Result <test>: [test/time: 276.13 (s), test/loss: 0.4421, test/MAE: 0.4421, test/MSE: 0.8688, test/RMSE: 0.9321, test/MAPE: 2.6868, test/WAPE: 0.5452]
2026-03-11 16:18:15,684 - BasicTS-training - INFO - Checkpoint /mnt/users/rwl/MATS/results/main/MATS-Full-Traffic-96/87bd76964c2f031273e1e86d7e4ee5b3/MATSArch_004.pt saved
2026-03-11 16:18:15,685 - BasicTS-training - INFO - The estimated training finish time is 2026-03-13 06:55:30
2026-03-11 16:18:15,685 - BasicTS-training - INFO - Epoch 5 / 100
2026-03-11 16:35:24,360 - BasicTS-training - INFO - Result <train>: [train/time: 1028.67 (s), train/lr: 4.98e-04, train/loss: 0.3443, train/MAE: 0.3443, train/MSE: 0.4365, train/RMSE: 0.6607, train/MAPE: 2.2561, train/WAPE: 0.4738]
2026-03-11 16:35:25,643 - BasicTS-training - INFO - Start validation.
2026-03-11 16:37:36,433 - BasicTS-training - INFO - Result <val>: [val/time: 130.79 (s), val/loss: 0.3972, val/MAE: 0.3972, val/MSE: 0.6566, val/RMSE: 0.8103, val/MAPE: 2.4882, val/WAPE: 0.5157]
2026-03-11 16:42:13,447 - BasicTS-training - INFO - Result <test>: [test/time: 275.26 (s), test/loss: 0.4445, test/MAE: 0.4445, test/MSE: 0.8489, test/RMSE: 0.9213, test/MAPE: 2.6209, test/WAPE: 0.5496]
2026-03-11 16:42:17,113 - BasicTS-training - INFO - Checkpoint /mnt/users/rwl/MATS/results/main/MATS-Full-Traffic-96/87bd76964c2f031273e1e86d7e4ee5b3/MATSArch_005.pt saved
2026-03-11 16:42:17,114 - BasicTS-training - INFO - The estimated training finish time is 2026-03-13 06:53:12
2026-03-11 16:42:17,114 - BasicTS-training - INFO - Epoch 6 / 100
2026-03-11 16:59:22,183 - BasicTS-training - INFO - Result <train>: [train/time: 1025.07 (s), train/lr: 4.97e-04, train/loss: 0.3454, train/MAE: 0.3454, train/MSE: 0.4402, train/RMSE: 0.6635, train/MAPE: 2.2399, train/WAPE: 0.4752]
2026-03-11 16:59:23,184 - BasicTS-training - INFO - Start validation.
2026-03-11 17:01:30,406 - BasicTS-training - INFO - Result <val>: [val/time: 127.22 (s), val/loss: 0.3976, val/MAE: 0.3976, val/MSE: 0.6709, val/RMSE: 0.8191, val/MAPE: 2.4598, val/WAPE: 0.5149]
2026-03-11 17:06:03,028 - BasicTS-training - INFO - Result <test>: [test/time: 270.53 (s), test/loss: 0.4437, test/MAE: 0.4437, test/MSE: 0.8679, test/RMSE: 0.9316, test/MAPE: 2.5809, test/WAPE: 0.5470]
2026-03-11 17:06:05,909 - BasicTS-training - INFO - Checkpoint /mnt/users/rwl/MATS/results/main/MATS-Full-Traffic-96/87bd76964c2f031273e1e86d7e4ee5b3/MATSArch_006.pt saved
2026-03-11 17:06:05,909 - BasicTS-training - INFO - The estimated training finish time is 2026-03-13 06:48:10
2026-03-11 17:06:05,909 - BasicTS-training - INFO - Epoch 7 / 100
2026-03-11 17:22:53,086 - BasicTS-training - INFO - Result <train>: [train/time: 1007.18 (s), train/lr: 4.96e-04, train/loss: 0.3466, train/MAE: 0.3466, train/MSE: 0.4408, train/RMSE: 0.6639, train/MAPE: 2.2413, train/WAPE: 0.4769]
2026-03-11 17:22:54,805 - BasicTS-training - INFO - Start validation.
2026-03-11 17:25:03,050 - BasicTS-training - INFO - Result <val>: [val/time: 128.24 (s), val/loss: 0.4021, val/MAE: 0.4021, val/MSE: 0.6749, val/RMSE: 0.8215, val/MAPE: 2.5423, val/WAPE: 0.5202]
2026-03-11 17:29:37,160 - BasicTS-training - INFO - Result <test>: [test/time: 272.27 (s), test/loss: 0.4465, test/MAE: 0.4465, test/MSE: 0.8702, test/RMSE: 0.9329, test/MAPE: 2.6628, test/WAPE: 0.5506]
2026-03-11 17:29:40,406 - BasicTS-training - INFO - Checkpoint /mnt/users/rwl/MATS/results/main/MATS-Full-Traffic-96/87bd76964c2f031273e1e86d7e4ee5b3/MATSArch_007.pt saved
2026-03-11 17:29:40,406 - BasicTS-training - INFO - The estimated training finish time is 2026-03-13 06:41:10
2026-03-11 17:29:40,407 - BasicTS-training - INFO - Epoch 8 / 100
2026-03-11 17:46:35,071 - BasicTS-training - INFO - Result <train>: [train/time: 1014.66 (s), train/lr: 4.94e-04, train/loss: 0.3475, train/MAE: 0.3475, train/MSE: 0.4396, train/RMSE: 0.6630, train/MAPE: 2.2475, train/WAPE: 0.4783]
2026-03-11 17:46:36,522 - BasicTS-training - INFO - Start validation.
2026-03-11 17:48:45,968 - BasicTS-training - INFO - Result <val>: [val/time: 129.44 (s), val/loss: 0.3963, val/MAE: 0.3963, val/MSE: 0.6534, val/RMSE: 0.8084, val/MAPE: 2.5403, val/WAPE: 0.5144]
2026-03-11 17:53:24,645 - BasicTS-training - INFO - Result <test>: [test/time: 277.07 (s), test/loss: 0.4489, test/MAE: 0.4489, test/MSE: 0.8449, test/RMSE: 0.9192, test/MAPE: 2.7363, test/WAPE: 0.5562]
2026-03-11 17:53:27,811 - BasicTS-training - INFO - Checkpoint /mnt/users/rwl/MATS/results/main/MATS-Full-Traffic-96/87bd76964c2f031273e1e86d7e4ee5b3/MATSArch_008.pt saved
2026-03-11 17:53:27,812 - BasicTS-training - INFO - The estimated training finish time is 2026-03-13 06:38:36
2026-03-11 17:53:27,812 - BasicTS-training - INFO - Epoch 9 / 100
2026-03-11 18:10:30,051 - BasicTS-training - INFO - Result <train>: [train/time: 1022.24 (s), train/lr: 4.92e-04, train/loss: 0.3467, train/MAE: 0.3467, train/MSE: 0.4353, train/RMSE: 0.6598, train/MAPE: 2.2574, train/WAPE: 0.4774]
2026-03-11 18:10:31,727 - BasicTS-training - INFO - Start validation.
2026-03-11 18:12:42,823 - BasicTS-training - INFO - Result <val>: [val/time: 131.10 (s), val/loss: 0.3962, val/MAE: 0.3962, val/MSE: 0.6551, val/RMSE: 0.8094, val/MAPE: 2.5918, val/WAPE: 0.5139]
2026-03-11 18:17:20,643 - BasicTS-training - INFO - Result <test>: [test/time: 275.95 (s), test/loss: 0.4493, test/MAE: 0.4493, test/MSE: 0.8560, test/RMSE: 0.9252, test/MAPE: 2.7789, test/WAPE: 0.5560]
2026-03-11 18:17:22,340 - BasicTS-training - INFO - Checkpoint /mnt/users/rwl/MATS/results/main/MATS-Full-Traffic-96/87bd76964c2f031273e1e86d7e4ee5b3/MATSArch_009.pt saved
2026-03-11 18:17:22,340 - BasicTS-training - INFO - The estimated training finish time is 2026-03-13 06:37:55
2026-03-11 18:17:22,340 - BasicTS-training - INFO - Epoch 10 / 100
2026-03-11 18:34:21,453 - BasicTS-training - INFO - Result <train>: [train/time: 1019.11 (s), train/lr: 4.90e-04, train/loss: 0.3458, train/MAE: 0.3458, train/MSE: 0.4299, train/RMSE: 0.6556, train/MAPE: 2.2727, train/WAPE: 0.4764]
2026-03-11 18:34:23,083 - BasicTS-training - INFO - Start validation.
2026-03-11 18:36:33,411 - BasicTS-training - INFO - Result <val>: [val/time: 130.33 (s), val/loss: 0.4017, val/MAE: 0.4017, val/MSE: 0.6629, val/RMSE: 0.8142, val/MAPE: 2.5843, val/WAPE: 0.5207]
2026-03-11 18:41:04,013 - BasicTS-training - INFO - Result <test>: [test/time: 268.91 (s), test/loss: 0.4445, test/MAE: 0.4445, test/MSE: 0.8591, test/RMSE: 0.9269, test/MAPE: 2.6590, test/WAPE: 0.5493]
2026-03-11 18:41:06,384 - BasicTS-training - INFO - Checkpoint /mnt/users/rwl/MATS/results/main/MATS-Full-Traffic-96/87bd76964c2f031273e1e86d7e4ee5b3/MATSArch_010.pt saved
2026-03-11 18:41:06,717 - BasicTS-training - INFO - The estimated training finish time is 2026-03-13 06:35:41
2026-03-11 18:41:06,717 - BasicTS-training - INFO - Epoch 11 / 100
2026-03-11 18:57:56,643 - BasicTS-training - INFO - Result <train>: [train/time: 1009.93 (s), train/lr: 4.88e-04, train/loss: 0.3439, train/MAE: 0.3439, train/MSE: 0.4247, train/RMSE: 0.6517, train/MAPE: 2.2735, train/WAPE: 0.4740]
2026-03-11 18:57:57,863 - BasicTS-training - INFO - Start validation.
2026-03-11 19:00:05,682 - BasicTS-training - INFO - Result <val>: [val/time: 127.82 (s), val/loss: 0.3973, val/MAE: 0.3973, val/MSE: 0.6443, val/RMSE: 0.8027, val/MAPE: 2.6567, val/WAPE: 0.5156]
2026-03-11 19:04:33,388 - BasicTS-training - INFO - Result <test>: [test/time: 267.11 (s), test/loss: 0.4479, test/MAE: 0.4479, test/MSE: 0.8414, test/RMSE: 0.9173, test/MAPE: 2.7733, test/WAPE: 0.5549]
2026-03-11 19:04:36,301 - BasicTS-training - INFO - Checkpoint /mnt/users/rwl/MATS/results/main/MATS-Full-Traffic-96/87bd76964c2f031273e1e86d7e4ee5b3/MATSArch_011.pt saved
2026-03-11 19:04:36,302 - BasicTS-training - INFO - The estimated training finish time is 2026-03-13 06:31:37
2026-03-11 19:04:36,302 - BasicTS-training - INFO - Epoch 12 / 100
2026-03-11 19:21:40,953 - BasicTS-training - INFO - Result <train>: [train/time: 1024.65 (s), train/lr: 4.85e-04, train/loss: 0.3428, train/MAE: 0.3428, train/MSE: 0.4215, train/RMSE: 0.6492, train/MAPE: 2.2722, train/WAPE: 0.4726]
2026-03-11 19:21:44,288 - BasicTS-training - INFO - Start validation.
2026-03-11 19:23:58,055 - BasicTS-training - INFO - Result <val>: [val/time: 133.77 (s), val/loss: 0.4047, val/MAE: 0.4047, val/MSE: 0.6629, val/RMSE: 0.8142, val/MAPE: 2.6183, val/WAPE: 0.5243]
2026-03-11 19:28:40,876 - BasicTS-training - INFO - Result <test>: [test/time: 281.06 (s), test/loss: 0.4473, test/MAE: 0.4473, test/MSE: 0.8619, test/RMSE: 0.9284, test/MAPE: 2.6786, test/WAPE: 0.5526]
2026-03-11 19:28:44,291 - BasicTS-training - INFO - Checkpoint /mnt/users/rwl/MATS/results/main/MATS-Full-Traffic-96/87bd76964c2f031273e1e86d7e4ee5b3/MATSArch_012.pt saved
2026-03-11 19:28:44,291 - BasicTS-training - INFO - The estimated training finish time is 2026-03-13 06:33:34
2026-03-11 19:28:44,292 - BasicTS-training - INFO - Epoch 13 / 100
2026-03-11 19:46:18,408 - BasicTS-training - INFO - Result <train>: [train/time: 1054.12 (s), train/lr: 4.82e-04, train/loss: 0.3428, train/MAE: 0.3428, train/MSE: 0.4204, train/RMSE: 0.6484, train/MAPE: 2.2801, train/WAPE: 0.4726]
2026-03-11 19:46:22,029 - BasicTS-training - INFO - Start validation.
2026-03-11 19:48:35,638 - BasicTS-training - INFO - Result <val>: [val/time: 133.61 (s), val/loss: 0.4006, val/MAE: 0.4006, val/MSE: 0.6524, val/RMSE: 0.8077, val/MAPE: 2.6478, val/WAPE: 0.5196]
2026-03-11 19:53:23,435 - BasicTS-training - INFO - Result <test>: [test/time: 286.20 (s), test/loss: 0.4455, test/MAE: 0.4455, test/MSE: 0.8507, test/RMSE: 0.9223, test/MAPE: 2.7046, test/WAPE: 0.5509]
2026-03-11 19:53:27,836 - BasicTS-training - INFO - Checkpoint /mnt/users/rwl/MATS/results/main/MATS-Full-Traffic-96/87bd76964c2f031273e1e86d7e4ee5b3/MATSArch_013.pt saved
2026-03-11 19:53:27,837 - BasicTS-training - INFO - The estimated training finish time is 2026-03-13 06:39:46
2026-03-11 19:53:27,837 - BasicTS-training - INFO - Epoch 14 / 100
2026-03-11 20:10:59,078 - BasicTS-training - INFO - Result <train>: [train/time: 1051.24 (s), train/lr: 4.79e-04, train/loss: 0.3419, train/MAE: 0.3419, train/MSE: 0.4183, train/RMSE: 0.6467, train/MAPE: 2.2784, train/WAPE: 0.4715]
2026-03-11 20:11:02,207 - BasicTS-training - INFO - Start validation.
2026-03-11 20:13:16,256 - BasicTS-training - INFO - Result <val>: [val/time: 134.05 (s), val/loss: 0.3979, val/MAE: 0.3979, val/MSE: 0.6472, val/RMSE: 0.8045, val/MAPE: 2.7116, val/WAPE: 0.5165]
2026-03-11 20:18:02,498 - BasicTS-training - INFO - Result <test>: [test/time: 284.41 (s), test/loss: 0.4516, test/MAE: 0.4516, test/MSE: 0.8534, test/RMSE: 0.9238, test/MAPE: 2.8870, test/WAPE: 0.5597]
2026-03-11 20:18:08,643 - BasicTS-training - INFO - Checkpoint /mnt/users/rwl/MATS/results/main/MATS-Full-Traffic-96/87bd76964c2f031273e1e86d7e4ee5b3/MATSArch_014.pt saved
2026-03-11 20:18:08,643 - BasicTS-training - INFO - The estimated training finish time is 2026-03-13 06:44:45
2026-03-11 20:18:08,643 - BasicTS-training - INFO - Epoch 15 / 100
2026-03-11 20:35:55,658 - BasicTS-training - INFO - Result <train>: [train/time: 1067.01 (s), train/lr: 4.76e-04, train/loss: 0.3407, train/MAE: 0.3407, train/MSE: 0.4159, train/RMSE: 0.6449, train/MAPE: 2.2718, train/WAPE: 0.4698]
2026-03-11 20:35:57,926 - BasicTS-training - INFO - Start validation.
2026-03-11 20:38:14,126 - BasicTS-training - INFO - Result <val>: [val/time: 136.20 (s), val/loss: 0.3953, val/MAE: 0.3953, val/MSE: 0.6398, val/RMSE: 0.7999, val/MAPE: 2.6926, val/WAPE: 0.5140]
2026-03-11 20:38:16,699 - BasicTS-training - INFO - Checkpoint /mnt/users/rwl/MATS/results/main/MATS-Full-Traffic-96/87bd76964c2f031273e1e86d7e4ee5b3/MATSArch_best_val_MAE.pt saved
2026-03-11 20:43:03,094 - BasicTS-training - INFO - Result <test>: [test/time: 286.39 (s), test/loss: 0.4501, test/MAE: 0.4501, test/MSE: 0.8432, test/RMSE: 0.9183, test/MAPE: 2.8417, test/WAPE: 0.5591]
2026-03-11 20:43:07,369 - BasicTS-training - INFO - Checkpoint /mnt/users/rwl/MATS/results/main/MATS-Full-Traffic-96/87bd76964c2f031273e1e86d7e4ee5b3/MATSArch_015.pt saved
2026-03-11 20:43:07,370 - BasicTS-training - INFO - The estimated training finish time is 2026-03-13 06:51:04
2026-03-11 20:43:07,370 - BasicTS-training - INFO - Epoch 16 / 100
2026-03-11 21:00:49,346 - BasicTS-training - INFO - Result <train>: [train/time: 1061.98 (s), train/lr: 4.73e-04, train/loss: 0.3405, train/MAE: 0.3405, train/MSE: 0.4147, train/RMSE: 0.6440, train/MAPE: 2.2749, train/WAPE: 0.4695]
2026-03-11 21:00:52,434 - BasicTS-training - INFO - Start validation.
2026-03-11 21:03:05,544 - BasicTS-training - INFO - Result <val>: [val/time: 133.11 (s), val/loss: 0.3972, val/MAE: 0.3972, val/MSE: 0.6448, val/RMSE: 0.8030, val/MAPE: 2.6492, val/WAPE: 0.5153]
2026-03-11 21:07:52,382 - BasicTS-training - INFO - Result <test>: [test/time: 285.58 (s), test/loss: 0.4474, test/MAE: 0.4474, test/MSE: 0.8477, test/RMSE: 0.9207, test/MAPE: 2.7504, test/WAPE: 0.5543]
2026-03-11 21:07:56,404 - BasicTS-training - INFO - Checkpoint /mnt/users/rwl/MATS/results/main/MATS-Full-Traffic-96/87bd76964c2f031273e1e86d7e4ee5b3/MATSArch_016.pt saved
2026-03-11 21:07:56,405 - BasicTS-training - INFO - The estimated training finish time is 2026-03-13 06:55:35
2026-03-11 21:07:56,405 - BasicTS-training - INFO - Epoch 17 / 100
2026-03-11 21:25:25,668 - BasicTS-training - INFO - Result <train>: [train/time: 1049.26 (s), train/lr: 4.69e-04, train/loss: 0.3407, train/MAE: 0.3407, train/MSE: 0.4144, train/RMSE: 0.6437, train/MAPE: 2.2782, train/WAPE: 0.4699]
2026-03-11 21:25:27,315 - BasicTS-training - INFO - Start validation.
2026-03-11 21:27:39,970 - BasicTS-training - INFO - Result <val>: [val/time: 132.65 (s), val/loss: 0.3967, val/MAE: 0.3967, val/MSE: 0.6431, val/RMSE: 0.8019, val/MAPE: 2.6755, val/WAPE: 0.5150]
2026-03-11 21:32:25,182 - BasicTS-training - INFO - Result <test>: [test/time: 283.12 (s), test/loss: 0.4512, test/MAE: 0.4512, test/MSE: 0.8489, test/RMSE: 0.9213, test/MAPE: 2.8125, test/WAPE: 0.5593]
2026-03-11 21:32:28,482 - BasicTS-training - INFO - Checkpoint /mnt/users/rwl/MATS/results/main/MATS-Full-Traffic-96/87bd76964c2f031273e1e86d7e4ee5b3/MATSArch_017.pt saved
2026-03-11 21:32:28,482 - BasicTS-training - INFO - The estimated training finish time is 2026-03-13 06:57:55
2026-03-11 21:32:28,482 - BasicTS-training - INFO - Epoch 18 / 100
2026-03-11 21:49:56,113 - BasicTS-training - INFO - Result <train>: [train/time: 1047.63 (s), train/lr: 4.65e-04, train/loss: 0.3391, train/MAE: 0.3391, train/MSE: 0.4121, train/RMSE: 0.6419, train/MAPE: 2.2686, train/WAPE: 0.4677]
2026-03-11 21:49:57,230 - BasicTS-training - INFO - Start validation.
2026-03-11 21:52:10,483 - BasicTS-training - INFO - Result <val>: [val/time: 133.25 (s), val/loss: 0.3967, val/MAE: 0.3967, val/MSE: 0.6428, val/RMSE: 0.8018, val/MAPE: 2.6314, val/WAPE: 0.5147]
2026-03-11 21:57:12,615 - BasicTS-training - INFO - Result <test>: [test/time: 301.53 (s), test/loss: 0.4481, test/MAE: 0.4481, test/MSE: 0.8448, test/RMSE: 0.9191, test/MAPE: 2.7185, test/WAPE: 0.5551]
2026-03-11 21:57:14,300 - BasicTS-training - INFO - Checkpoint /mnt/users/rwl/MATS/results/main/MATS-Full-Traffic-96/87bd76964c2f031273e1e86d7e4ee5b3/MATSArch_018.pt saved
2026-03-11 21:57:14,300 - BasicTS-training - INFO - The estimated training finish time is 2026-03-13 07:01:15
2026-03-11 21:57:14,301 - BasicTS-training - INFO - Epoch 19 / 100
2026-03-11 22:14:55,006 - BasicTS-training - INFO - Result <train>: [train/time: 1060.71 (s), train/lr: 4.61e-04, train/loss: 0.3388, train/MAE: 0.3388, train/MSE: 0.4112, train/RMSE: 0.6413, train/MAPE: 2.2661, train/WAPE: 0.4673]
2026-03-11 22:14:55,634 - BasicTS-training - INFO - Start validation.
2026-03-11 22:17:08,798 - BasicTS-training - INFO - Result <val>: [val/time: 133.16 (s), val/loss: 0.4002, val/MAE: 0.4002, val/MSE: 0.6492, val/RMSE: 0.8058, val/MAPE: 2.6934, val/WAPE: 0.5194]
2026-03-11 22:21:54,118 - BasicTS-training - INFO - Result <test>: [test/time: 284.40 (s), test/loss: 0.4484, test/MAE: 0.4484, test/MSE: 0.8526, test/RMSE: 0.9233, test/MAPE: 2.7424, test/WAPE: 0.5553]
2026-03-11 22:21:56,224 - BasicTS-training - INFO - Checkpoint /mnt/users/rwl/MATS/results/main/MATS-Full-Traffic-96/87bd76964c2f031273e1e86d7e4ee5b3/MATSArch_019.pt saved
2026-03-11 22:21:56,224 - BasicTS-training - INFO - The estimated training finish time is 2026-03-13 07:03:54
2026-03-11 22:21:56,224 - BasicTS-training - INFO - Epoch 20 / 100
2026-03-11 22:39:24,475 - BasicTS-training - INFO - Result <train>: [train/time: 1048.25 (s), train/lr: 4.57e-04, train/loss: 0.3390, train/MAE: 0.3390, train/MSE: 0.4110, train/RMSE: 0.6411, train/MAPE: 2.2718, train/WAPE: 0.4676]
2026-03-11 22:39:25,657 - BasicTS-training - INFO - Start validation.
2026-03-11 22:41:37,819 - BasicTS-training - INFO - Result <val>: [val/time: 132.16 (s), val/loss: 0.3984, val/MAE: 0.3984, val/MSE: 0.6484, val/RMSE: 0.8052, val/MAPE: 2.6627, val/WAPE: 0.5167]
2026-03-11 22:46:20,607 - BasicTS-training - INFO - Result <test>: [test/time: 281.89 (s), test/loss: 0.4469, test/MAE: 0.4469, test/MSE: 0.8505, test/RMSE: 0.9222, test/MAPE: 2.6950, test/WAPE: 0.5532]
2026-03-11 22:46:23,751 - BasicTS-training - INFO - Checkpoint /mnt/users/rwl/MATS/results/main/MATS-Full-Traffic-96/87bd76964c2f031273e1e86d7e4ee5b3/MATSArch_020.pt saved
2026-03-11 22:46:24,328 - BasicTS-training - INFO - The estimated training finish time is 2026-03-13 07:05:08
2026-03-11 22:46:24,328 - BasicTS-training - INFO - Epoch 21 / 100
2026-03-11 23:03:49,217 - BasicTS-training - INFO - Result <train>: [train/time: 1044.89 (s), train/lr: 4.52e-04, train/loss: 0.3385, train/MAE: 0.3385, train/MSE: 0.4102, train/RMSE: 0.6405, train/MAPE: 2.2710, train/WAPE: 0.4668]
2026-03-11 23:03:49,889 - BasicTS-training - INFO - Start validation.
2026-03-11 23:05:59,863 - BasicTS-training - INFO - Result <val>: [val/time: 129.97 (s), val/loss: 0.3966, val/MAE: 0.3966, val/MSE: 0.6436, val/RMSE: 0.8022, val/MAPE: 2.7151, val/WAPE: 0.5146]
2026-03-11 23:10:33,988 - BasicTS-training - INFO - Result <test>: [test/time: 273.46 (s), test/loss: 0.4494, test/MAE: 0.4494, test/MSE: 0.8514, test/RMSE: 0.9227, test/MAPE: 2.8129, test/WAPE: 0.5570]
2026-03-11 23:10:37,028 - BasicTS-training - INFO - Checkpoint /mnt/users/rwl/MATS/results/main/MATS-Full-Traffic-96/87bd76964c2f031273e1e86d7e4ee5b3/MATSArch_021.pt saved
2026-03-11 23:10:37,028 - BasicTS-training - INFO - The estimated training finish time is 2026-03-13 07:05:01
2026-03-11 23:10:37,028 - BasicTS-training - INFO - Epoch 22 / 100
2026-03-11 23:27:25,039 - BasicTS-training - INFO - Result <train>: [train/time: 1008.01 (s), train/lr: 4.48e-04, train/loss: 0.3377, train/MAE: 0.3377, train/MSE: 0.4088, train/RMSE: 0.6394, train/MAPE: 2.2621, train/WAPE: 0.4657]
2026-03-11 23:27:26,889 - BasicTS-training - INFO - Start validation.
2026-03-11 23:29:33,444 - BasicTS-training - INFO - Result <val>: [val/time: 126.55 (s), val/loss: 0.3975, val/MAE: 0.3975, val/MSE: 0.6380, val/RMSE: 0.7987, val/MAPE: 2.7169, val/WAPE: 0.5165]
2026-03-11 23:34:07,457 - BasicTS-training - INFO - Result <test>: [test/time: 272.46 (s), test/loss: 0.4528, test/MAE: 0.4528, test/MSE: 0.8408, test/RMSE: 0.9169, test/MAPE: 2.8507, test/WAPE: 0.5628]
2026-03-11 23:34:09,938 - BasicTS-training - INFO - Checkpoint /mnt/users/rwl/MATS/results/main/MATS-Full-Traffic-96/87bd76964c2f031273e1e86d7e4ee5b3/MATSArch_022.pt saved
2026-03-11 23:34:09,938 - BasicTS-training - INFO - The estimated training finish time is 2026-03-13 07:01:54
2026-03-11 23:34:09,939 - BasicTS-training - INFO - Epoch 23 / 100
2026-03-11 23:51:01,515 - BasicTS-training - INFO - Result <train>: [train/time: 1011.58 (s), train/lr: 4.43e-04, train/loss: 0.3373, train/MAE: 0.3373, train/MSE: 0.4082, train/RMSE: 0.6389, train/MAPE: 2.2597, train/WAPE: 0.4653]
2026-03-11 23:51:02,461 - BasicTS-training - INFO - Start validation.
2026-03-11 23:53:12,764 - BasicTS-training - INFO - Result <val>: [val/time: 130.30 (s), val/loss: 0.3965, val/MAE: 0.3965, val/MSE: 0.6440, val/RMSE: 0.8025, val/MAPE: 2.6718, val/WAPE: 0.5142]
2026-03-11 23:57:48,540 - BasicTS-training - INFO - Result <test>: [test/time: 273.85 (s), test/loss: 0.4489, test/MAE: 0.4489, test/MSE: 0.8488, test/RMSE: 0.9213, test/MAPE: 2.7582, test/WAPE: 0.5567]
2026-03-11 23:57:51,011 - BasicTS-training - INFO - Checkpoint /mnt/users/rwl/MATS/results/main/MATS-Full-Traffic-96/87bd76964c2f031273e1e86d7e4ee5b3/MATSArch_023.pt saved
2026-03-11 23:57:51,012 - BasicTS-training - INFO - The estimated training finish time is 2026-03-13 06:59:39
2026-03-11 23:57:51,012 - BasicTS-training - INFO - Epoch 24 / 100
2026-03-12 00:14:47,837 - BasicTS-training - INFO - Result <train>: [train/time: 1016.82 (s), train/lr: 4.38e-04, train/loss: 0.3372, train/MAE: 0.3372, train/MSE: 0.4078, train/RMSE: 0.6386, train/MAPE: 2.2617, train/WAPE: 0.4652]
2026-03-12 00:14:49,957 - BasicTS-training - INFO - Start validation.
2026-03-12 00:16:58,905 - BasicTS-training - INFO - Result <val>: [val/time: 128.95 (s), val/loss: 0.4001, val/MAE: 0.4001, val/MSE: 0.6567, val/RMSE: 0.8104, val/MAPE: 2.6976, val/WAPE: 0.5183]
2026-03-12 00:21:35,299 - BasicTS-training - INFO - Result <test>: [test/time: 275.26 (s), test/loss: 0.4484, test/MAE: 0.4484, test/MSE: 0.8661, test/RMSE: 0.9307, test/MAPE: 2.7401, test/WAPE: 0.5544]
2026-03-12 00:21:38,032 - BasicTS-training - INFO - Checkpoint /mnt/users/rwl/MATS/results/main/MATS-Full-Traffic-96/87bd76964c2f031273e1e86d7e4ee5b3/MATSArch_024.pt saved
2026-03-12 00:21:38,033 - BasicTS-training - INFO - The estimated training finish time is 2026-03-13 06:58:00
2026-03-12 00:21:38,033 - BasicTS-training - INFO - Epoch 25 / 100
2026-03-12 00:38:40,203 - BasicTS-training - INFO - Result <train>: [train/time: 1022.17 (s), train/lr: 4.32e-04, train/loss: 0.3371, train/MAE: 0.3371, train/MSE: 0.4077, train/RMSE: 0.6385, train/MAPE: 2.2610, train/WAPE: 0.4650]
2026-03-12 00:38:41,128 - BasicTS-training - INFO - Start validation.
2026-03-12 00:40:51,237 - BasicTS-training - INFO - Result <val>: [val/time: 130.11 (s), val/loss: 0.4039, val/MAE: 0.4039, val/MSE: 0.6590, val/RMSE: 0.8118, val/MAPE: 2.6643, val/WAPE: 0.5237]
2026-03-12 00:45:27,400 - BasicTS-training - INFO - Result <test>: [test/time: 274.67 (s), test/loss: 0.4502, test/MAE: 0.4502, test/MSE: 0.8634, test/RMSE: 0.9292, test/MAPE: 2.6770, test/WAPE: 0.5573]
2026-03-12 00:45:30,782 - BasicTS-training - INFO - Checkpoint /mnt/users/rwl/MATS/results/main/MATS-Full-Traffic-96/87bd76964c2f031273e1e86d7e4ee5b3/MATSArch_025.pt saved
2026-03-12 00:45:30,783 - BasicTS-training - INFO - The estimated training finish time is 2026-03-13 06:56:52
2026-03-12 00:45:30,783 - BasicTS-training - INFO - Epoch 26 / 100
2026-03-12 01:02:35,659 - BasicTS-training - INFO - Result <train>: [train/time: 1024.88 (s), train/lr: 4.27e-04, train/loss: 0.3364, train/MAE: 0.3364, train/MSE: 0.4067, train/RMSE: 0.6377, train/MAPE: 2.2559, train/WAPE: 0.4641]
2026-03-12 01:02:37,006 - BasicTS-training - INFO - Start validation.
2026-03-12 01:04:47,297 - BasicTS-training - INFO - Result <val>: [val/time: 130.29 (s), val/loss: 0.3998, val/MAE: 0.3998, val/MSE: 0.6496, val/RMSE: 0.8060, val/MAPE: 2.7192, val/WAPE: 0.5184]
2026-03-12 01:09:23,322 - BasicTS-training - INFO - Result <test>: [test/time: 275.41 (s), test/loss: 0.4551, test/MAE: 0.4551, test/MSE: 0.8643, test/RMSE: 0.9297, test/MAPE: 2.8860, test/WAPE: 0.5640]
2026-03-12 01:09:26,183 - BasicTS-training - INFO - Checkpoint /mnt/users/rwl/MATS/results/main/MATS-Full-Traffic-96/87bd76964c2f031273e1e86d7e4ee5b3/MATSArch_026.pt saved
2026-03-12 01:09:26,183 - BasicTS-training - INFO - The estimated training finish time is 2026-03-13 06:55:59
2026-03-12 01:09:26,183 - BasicTS-training - INFO - Epoch 27 / 100
2026-03-12 01:26:31,288 - BasicTS-training - INFO - Result <train>: [train/time: 1025.10 (s), train/lr: 4.21e-04, train/loss: 0.3365, train/MAE: 0.3365, train/MSE: 0.4066, train/RMSE: 0.6376, train/MAPE: 2.2592, train/WAPE: 0.4643]
2026-03-12 01:26:32,016 - BasicTS-training - INFO - Start validation.
2026-03-12 01:28:42,781 - BasicTS-training - INFO - Result <val>: [val/time: 130.76 (s), val/loss: 0.3993, val/MAE: 0.3993, val/MSE: 0.6478, val/RMSE: 0.8049, val/MAPE: 2.7021, val/WAPE: 0.5178]
2026-03-12 01:33:19,603 - BasicTS-training - INFO - Result <test>: [test/time: 275.53 (s), test/loss: 0.4525, test/MAE: 0.4525, test/MSE: 0.8575, test/RMSE: 0.9260, test/MAPE: 2.8201, test/WAPE: 0.5607]
2026-03-12 01:33:21,325 - BasicTS-training - INFO - Checkpoint /mnt/users/rwl/MATS/results/main/MATS-Full-Traffic-96/87bd76964c2f031273e1e86d7e4ee5b3/MATSArch_027.pt saved
2026-03-12 01:33:21,326 - BasicTS-training - INFO - The estimated training finish time is 2026-03-13 06:55:09
2026-03-12 01:33:21,326 - BasicTS-training - INFO - Epoch 28 / 100
2026-03-12 01:50:26,019 - BasicTS-training - INFO - Result <train>: [train/time: 1024.69 (s), train/lr: 4.15e-04, train/loss: 0.3362, train/MAE: 0.3362, train/MSE: 0.4060, train/RMSE: 0.6372, train/MAPE: 2.2577, train/WAPE: 0.4637]
2026-03-12 01:50:27,682 - BasicTS-training - INFO - Start validation.
2026-03-12 01:52:37,971 - BasicTS-training - INFO - Result <val>: [val/time: 130.29 (s), val/loss: 0.3985, val/MAE: 0.3985, val/MSE: 0.6407, val/RMSE: 0.8004, val/MAPE: 2.6708, val/WAPE: 0.5174]
2026-03-12 01:57:17,128 - BasicTS-training - INFO - Result <test>: [test/time: 277.77 (s), test/loss: 0.4526, test/MAE: 0.4526, test/MSE: 0.8468, test/RMSE: 0.9202, test/MAPE: 2.7911, test/WAPE: 0.5616]
2026-03-12 01:57:19,450 - BasicTS-training - INFO - Checkpoint /mnt/users/rwl/MATS/results/main/MATS-Full-Traffic-96/87bd76964c2f031273e1e86d7e4ee5b3/MATSArch_028.pt saved
2026-03-12 01:57:19,451 - BasicTS-training - INFO - The estimated training finish time is 2026-03-13 06:54:33
2026-03-12 01:57:19,451 - BasicTS-training - INFO - Epoch 29 / 100
2026-03-12 02:14:21,831 - BasicTS-training - INFO - Result <train>: [train/time: 1022.38 (s), train/lr: 4.09e-04, train/loss: 0.3362, train/MAE: 0.3362, train/MSE: 0.4060, train/RMSE: 0.6372, train/MAPE: 2.2579, train/WAPE: 0.4637]
2026-03-12 02:14:24,073 - BasicTS-training - INFO - Start validation.
2026-03-12 02:16:33,837 - BasicTS-training - INFO - Result <val>: [val/time: 129.76 (s), val/loss: 0.4017, val/MAE: 0.4017, val/MSE: 0.6496, val/RMSE: 0.8060, val/MAPE: 2.6569, val/WAPE: 0.5214]
2026-03-12 02:21:12,617 - BasicTS-training - INFO - Result <test>: [test/time: 277.40 (s), test/loss: 0.4507, test/MAE: 0.4507, test/MSE: 0.8528, test/RMSE: 0.9235, test/MAPE: 2.7047, test/WAPE: 0.5589]
2026-03-12 02:21:15,536 - BasicTS-training - INFO - Checkpoint /mnt/users/rwl/MATS/results/main/MATS-Full-Traffic-96/87bd76964c2f031273e1e86d7e4ee5b3/MATSArch_029.pt saved
2026-03-12 02:21:15,537 - BasicTS-training - INFO - The estimated training finish time is 2026-03-13 06:53:53
2026-03-12 02:21:15,537 - BasicTS-training - INFO - Epoch 30 / 100
2026-03-12 02:38:21,490 - BasicTS-training - INFO - Result <train>: [train/time: 1025.95 (s), train/lr: 4.03e-04, train/loss: 0.3359, train/MAE: 0.3359, train/MSE: 0.4055, train/RMSE: 0.6368, train/MAPE: 2.2567, train/WAPE: 0.4634]
2026-03-12 02:38:23,225 - BasicTS-training - INFO - Start validation.
2026-03-12 02:40:33,075 - BasicTS-training - INFO - Result <val>: [val/time: 129.85 (s), val/loss: 0.3968, val/MAE: 0.3968, val/MSE: 0.6452, val/RMSE: 0.8033, val/MAPE: 2.6510, val/WAPE: 0.5146]
2026-03-12 02:45:10,062 - BasicTS-training - INFO - Result <test>: [test/time: 276.10 (s), test/loss: 0.4519, test/MAE: 0.4519, test/MSE: 0.8535, test/RMSE: 0.9238, test/MAPE: 2.8142, test/WAPE: 0.5603]
2026-03-12 02:45:13,228 - BasicTS-training - INFO - Checkpoint /mnt/users/rwl/MATS/results/main/MATS-Full-Traffic-96/87bd76964c2f031273e1e86d7e4ee5b3/MATSArch_030.pt saved
2026-03-12 02:45:13,854 - BasicTS-training - INFO - The estimated training finish time is 2026-03-13 06:53:23
2026-03-12 02:45:13,854 - BasicTS-training - INFO - Epoch 31 / 100
2026-03-12 03:02:03,611 - BasicTS-training - INFO - Result <train>: [train/time: 1009.76 (s), train/lr: 3.97e-04, train/loss: 0.3359, train/MAE: 0.3359, train/MSE: 0.4055, train/RMSE: 0.6368, train/MAPE: 2.2561, train/WAPE: 0.4633]
2026-03-12 03:02:07,363 - BasicTS-training - INFO - Start validation.
2026-03-12 03:04:16,354 - BasicTS-training - INFO - Result <val>: [val/time: 128.99 (s), val/loss: 0.4013, val/MAE: 0.4013, val/MSE: 0.6485, val/RMSE: 0.8053, val/MAPE: 2.8399, val/WAPE: 0.5218]
2026-03-12 03:08:50,567 - BasicTS-training - INFO - Result <test>: [test/time: 272.38 (s), test/loss: 0.4601, test/MAE: 0.4601, test/MSE: 0.8652, test/RMSE: 0.9302, test/MAPE: 3.0837, test/WAPE: 0.5719]
2026-03-12 03:08:52,909 - BasicTS-training - INFO - Checkpoint /mnt/users/rwl/MATS/results/main/MATS-Full-Traffic-96/87bd76964c2f031273e1e86d7e4ee5b3/MATSArch_031.pt saved
2026-03-12 03:08:52,910 - BasicTS-training - INFO - The estimated training finish time is 2026-03-13 06:51:53
2026-03-12 03:08:52,910 - BasicTS-training - INFO - Epoch 32 / 100
2026-03-12 03:25:49,816 - BasicTS-training - INFO - Result <train>: [train/time: 1016.91 (s), train/lr: 3.91e-04, train/loss: 0.3354, train/MAE: 0.3354, train/MSE: 0.4048, train/RMSE: 0.6362, train/MAPE: 2.2575, train/WAPE: 0.4627]
2026-03-12 03:25:50,658 - BasicTS-training - INFO - Start validation.
2026-03-12 03:27:59,229 - BasicTS-training - INFO - Result <val>: [val/time: 128.57 (s), val/loss: 0.3995, val/MAE: 0.3995, val/MSE: 0.6397, val/RMSE: 0.7998, val/MAPE: 2.7894, val/WAPE: 0.5193]
2026-03-12 03:32:34,566 - BasicTS-training - INFO - Result <test>: [test/time: 273.69 (s), test/loss: 0.4552, test/MAE: 0.4552, test/MSE: 0.8451, test/RMSE: 0.9193, test/MAPE: 2.9362, test/WAPE: 0.5656]
2026-03-12 03:32:38,166 - BasicTS-training - INFO - Checkpoint /mnt/users/rwl/MATS/results/main/MATS-Full-Traffic-96/87bd76964c2f031273e1e86d7e4ee5b3/MATSArch_032.pt saved
2026-03-12 03:32:38,167 - BasicTS-training - INFO - The estimated training finish time is 2026-03-13 06:50:47
2026-03-12 03:32:38,167 - BasicTS-training - INFO - Epoch 33 / 100
2026-03-12 03:49:29,289 - BasicTS-training - INFO - Result <train>: [train/time: 1011.12 (s), train/lr: 3.84e-04, train/loss: 0.3353, train/MAE: 0.3353, train/MSE: 0.4046, train/RMSE: 0.6360, train/MAPE: 2.2559, train/WAPE: 0.4626]
2026-03-12 03:49:30,501 - BasicTS-training - INFO - Start validation.
2026-03-12 03:51:40,675 - BasicTS-training - INFO - Result <val>: [val/time: 130.17 (s), val/loss: 0.4035, val/MAE: 0.4035, val/MSE: 0.6555, val/RMSE: 0.8096, val/MAPE: 2.7019, val/WAPE: 0.5235]
2026-03-12 03:56:11,953 - BasicTS-training - INFO - Result <test>: [test/time: 269.90 (s), test/loss: 0.4518, test/MAE: 0.4518, test/MSE: 0.8658, test/RMSE: 0.9305, test/MAPE: 2.7592, test/WAPE: 0.5596]
2026-03-12 03:56:14,209 - BasicTS-training - INFO - Checkpoint /mnt/users/rwl/MATS/results/main/MATS-Full-Traffic-96/87bd76964c2f031273e1e86d7e4ee5b3/MATSArch_033.pt saved
2026-03-12 03:56:14,209 - BasicTS-training - INFO - The estimated training finish time is 2026-03-13 06:49:18
2026-03-12 03:56:14,209 - BasicTS-training - INFO - Epoch 34 / 100
2026-03-12 04:13:04,659 - BasicTS-training - INFO - Result <train>: [train/time: 1010.45 (s), train/lr: 3.77e-04, train/loss: 0.3348, train/MAE: 0.3348, train/MSE: 0.4038, train/RMSE: 0.6355, train/MAPE: 2.2538, train/WAPE: 0.4619]
2026-03-12 04:13:06,954 - BasicTS-training - INFO - Start validation.
2026-03-12 04:15:16,944 - BasicTS-training - INFO - Result <val>: [val/time: 129.99 (s), val/loss: 0.3961, val/MAE: 0.3961, val/MSE: 0.6436, val/RMSE: 0.8022, val/MAPE: 2.6952, val/WAPE: 0.5139]
2026-03-12 04:19:50,043 - BasicTS-training - INFO - Result <test>: [test/time: 270.86 (s), test/loss: 0.4522, test/MAE: 0.4522, test/MSE: 0.8554, test/RMSE: 0.9249, test/MAPE: 2.8370, test/WAPE: 0.5611]
2026-03-12 04:19:52,344 - BasicTS-training - INFO - Checkpoint /mnt/users/rwl/MATS/results/main/MATS-Full-Traffic-96/87bd76964c2f031273e1e86d7e4ee5b3/MATSArch_034.pt saved
2026-03-12 04:19:52,345 - BasicTS-training - INFO - The estimated training finish time is 2026-03-13 06:48:00
2026-03-12 04:19:52,345 - BasicTS-training - INFO - Epoch 35 / 100
2026-03-12 04:36:40,462 - BasicTS-training - INFO - Result <train>: [train/time: 1008.12 (s), train/lr: 3.70e-04, train/loss: 0.3345, train/MAE: 0.3345, train/MSE: 0.4036, train/RMSE: 0.6353, train/MAPE: 2.2512, train/WAPE: 0.4615]
2026-03-12 04:36:42,021 - BasicTS-training - INFO - Start validation.
2026-03-12 04:38:49,836 - BasicTS-training - INFO - Result <val>: [val/time: 127.81 (s), val/loss: 0.3980, val/MAE: 0.3980, val/MSE: 0.6482, val/RMSE: 0.8051, val/MAPE: 2.6938, val/WAPE: 0.5160]
2026-03-12 04:43:22,280 - BasicTS-training - INFO - Result <test>: [test/time: 271.14 (s), test/loss: 0.4511, test/MAE: 0.4511, test/MSE: 0.8592, test/RMSE: 0.9269, test/MAPE: 2.7950, test/WAPE: 0.5591]
2026-03-12 04:43:26,842 - BasicTS-training - INFO - Checkpoint /mnt/users/rwl/MATS/results/main/MATS-Full-Traffic-96/87bd76964c2f031273e1e86d7e4ee5b3/MATSArch_035.pt saved
2026-03-12 04:43:26,843 - BasicTS-training - INFO - The estimated training finish time is 2026-03-13 06:46:36
2026-03-12 04:43:26,843 - BasicTS-training - INFO - Epoch 36 / 100
2026-03-12 05:00:19,586 - BasicTS-training - INFO - Result <train>: [train/time: 1012.74 (s), train/lr: 3.63e-04, train/loss: 0.3346, train/MAE: 0.3346, train/MSE: 0.4035, train/RMSE: 0.6352, train/MAPE: 2.2527, train/WAPE: 0.4617]
2026-03-12 05:00:21,946 - BasicTS-training - INFO - Start validation.
2026-03-12 05:02:29,955 - BasicTS-training - INFO - Result <val>: [val/time: 128.01 (s), val/loss: 0.4039, val/MAE: 0.4039, val/MSE: 0.6579, val/RMSE: 0.8111, val/MAPE: 2.7027, val/WAPE: 0.5234]
2026-03-12 05:07:04,092 - BasicTS-training - INFO - Result <test>: [test/time: 272.87 (s), test/loss: 0.4516, test/MAE: 0.4516, test/MSE: 0.8654, test/RMSE: 0.9303, test/MAPE: 2.7437, test/WAPE: 0.5589]
2026-03-12 05:07:07,135 - BasicTS-training - INFO - Checkpoint /mnt/users/rwl/MATS/results/main/MATS-Full-Traffic-96/87bd76964c2f031273e1e86d7e4ee5b3/MATSArch_036.pt saved
2026-03-12 05:07:07,136 - BasicTS-training - INFO - The estimated training finish time is 2026-03-13 06:45:33
2026-03-12 05:07:07,136 - BasicTS-training - INFO - Epoch 37 / 100
2026-03-12 05:23:58,243 - BasicTS-training - INFO - Result <train>: [train/time: 1011.11 (s), train/lr: 3.56e-04, train/loss: 0.3340, train/MAE: 0.3340, train/MSE: 0.4028, train/RMSE: 0.6347, train/MAPE: 2.2483, train/WAPE: 0.4609]
2026-03-12 05:24:02,411 - BasicTS-training - INFO - Start validation.
2026-03-12 05:26:10,425 - BasicTS-training - INFO - Result <val>: [val/time: 128.01 (s), val/loss: 0.4117, val/MAE: 0.4117, val/MSE: 0.6722, val/RMSE: 0.8199, val/MAPE: 2.7358, val/WAPE: 0.5340]
2026-03-12 05:30:43,673 - BasicTS-training - INFO - Result <test>: [test/time: 272.05 (s), test/loss: 0.4567, test/MAE: 0.4567, test/MSE: 0.8813, test/RMSE: 0.9388, test/MAPE: 2.7827, test/WAPE: 0.5654]
2026-03-12 05:30:46,656 - BasicTS-training - INFO - Checkpoint /mnt/users/rwl/MATS/results/main/MATS-Full-Traffic-96/87bd76964c2f031273e1e86d7e4ee5b3/MATSArch_037.pt saved
2026-03-12 05:30:46,656 - BasicTS-training - INFO - The estimated training finish time is 2026-03-13 06:44:32
2026-03-12 05:30:46,656 - BasicTS-training - INFO - Epoch 38 / 100
2026-03-12 05:47:38,082 - BasicTS-training - INFO - Result <train>: [train/time: 1011.43 (s), train/lr: 3.49e-04, train/loss: 0.3346, train/MAE: 0.3346, train/MSE: 0.4035, train/RMSE: 0.6352, train/MAPE: 2.2540, train/WAPE: 0.4617]
2026-03-12 05:47:39,934 - BasicTS-training - INFO - Start validation.
2026-03-12 05:49:47,133 - BasicTS-training - INFO - Result <val>: [val/time: 127.20 (s), val/loss: 0.3990, val/MAE: 0.3990, val/MSE: 0.6479, val/RMSE: 0.8049, val/MAPE: 2.7182, val/WAPE: 0.5177]
2026-03-12 05:54:22,311 - BasicTS-training - INFO - Result <test>: [test/time: 273.32 (s), test/loss: 0.4522, test/MAE: 0.4522, test/MSE: 0.8575, test/RMSE: 0.9260, test/MAPE: 2.8279, test/WAPE: 0.5604]
2026-03-12 05:54:24,994 - BasicTS-training - INFO - Checkpoint /mnt/users/rwl/MATS/results/main/MATS-Full-Traffic-96/87bd76964c2f031273e1e86d7e4ee5b3/MATSArch_038.pt saved
2026-03-12 05:54:24,994 - BasicTS-training - INFO - The estimated training finish time is 2026-03-13 06:43:30
2026-03-12 05:54:24,994 - BasicTS-training - INFO - Epoch 39 / 100
2026-03-12 06:11:12,558 - BasicTS-training - INFO - Result <train>: [train/time: 1007.56 (s), train/lr: 3.42e-04, train/loss: 0.3339, train/MAE: 0.3339, train/MSE: 0.4026, train/RMSE: 0.6345, train/MAPE: 2.2493, train/WAPE: 0.4606]
2026-03-12 06:11:14,246 - BasicTS-training - INFO - Start validation.
2026-03-12 06:13:21,857 - BasicTS-training - INFO - Result <val>: [val/time: 127.61 (s), val/loss: 0.4004, val/MAE: 0.4004, val/MSE: 0.6514, val/RMSE: 0.8071, val/MAPE: 2.7293, val/WAPE: 0.5194]
2026-03-12 06:17:54,927 - BasicTS-training - INFO - Result <test>: [test/time: 271.53 (s), test/loss: 0.4517, test/MAE: 0.4517, test/MSE: 0.8630, test/RMSE: 0.9290, test/MAPE: 2.8222, test/WAPE: 0.5596]
2026-03-12 06:17:57,051 - BasicTS-training - INFO - Checkpoint /mnt/users/rwl/MATS/results/main/MATS-Full-Traffic-96/87bd76964c2f031273e1e86d7e4ee5b3/MATSArch_039.pt saved
2026-03-12 06:17:57,052 - BasicTS-training - INFO - The estimated training finish time is 2026-03-13 06:42:16
2026-03-12 06:17:57,052 - BasicTS-training - INFO - Epoch 40 / 100
2026-03-12 06:34:42,898 - BasicTS-training - INFO - Result <train>: [train/time: 1005.85 (s), train/lr: 3.35e-04, train/loss: 0.3336, train/MAE: 0.3336, train/MSE: 0.4021, train/RMSE: 0.6341, train/MAPE: 2.2503, train/WAPE: 0.4603]
2026-03-12 06:34:46,180 - BasicTS-training - INFO - Start validation.
2026-03-12 06:36:54,328 - BasicTS-training - INFO - Result <val>: [val/time: 128.15 (s), val/loss: 0.3966, val/MAE: 0.3966, val/MSE: 0.6474, val/RMSE: 0.8046, val/MAPE: 2.6561, val/WAPE: 0.5141]
2026-03-12 06:41:28,873 - BasicTS-training - INFO - Result <test>: [test/time: 271.85 (s), test/loss: 0.4517, test/MAE: 0.4517, test/MSE: 0.8603, test/RMSE: 0.9275, test/MAPE: 2.7965, test/WAPE: 0.5595]
2026-03-12 06:41:32,067 - BasicTS-training - INFO - Checkpoint /mnt/users/rwl/MATS/results/main/MATS-Full-Traffic-96/87bd76964c2f031273e1e86d7e4ee5b3/MATSArch_040.pt saved
2026-03-12 06:41:33,227 - BasicTS-training - INFO - The estimated training finish time is 2026-03-13 06:41:15
2026-03-12 06:41:33,228 - BasicTS-training - INFO - Epoch 41 / 100
2026-03-12 06:58:22,687 - BasicTS-training - INFO - Result <train>: [train/time: 1009.46 (s), train/lr: 3.27e-04, train/loss: 0.3338, train/MAE: 0.3338, train/MSE: 0.4025, train/RMSE: 0.6344, train/MAPE: 2.2480, train/WAPE: 0.4606]
2026-03-12 06:58:25,281 - BasicTS-training - INFO - Start validation.
2026-03-12 07:00:33,747 - BasicTS-training - INFO - Result <val>: [val/time: 128.46 (s), val/loss: 0.4012, val/MAE: 0.4012, val/MSE: 0.6537, val/RMSE: 0.8085, val/MAPE: 2.7399, val/WAPE: 0.5204]
2026-03-12 07:05:05,835 - BasicTS-training - INFO - Result <test>: [test/time: 270.65 (s), test/loss: 0.4528, test/MAE: 0.4528, test/MSE: 0.8654, test/RMSE: 0.9303, test/MAPE: 2.8512, test/WAPE: 0.5611]
2026-03-12 07:05:09,311 - BasicTS-training - INFO - Checkpoint /mnt/users/rwl/MATS/results/main/MATS-Full-Traffic-96/87bd76964c2f031273e1e86d7e4ee5b3/MATSArch_041.pt saved
2026-03-12 07:05:09,312 - BasicTS-training - INFO - The estimated training finish time is 2026-03-13 06:40:17
2026-03-12 07:05:09,312 - BasicTS-training - INFO - Epoch 42 / 100
2026-03-12 07:21:56,027 - BasicTS-training - INFO - Result <train>: [train/time: 1006.71 (s), train/lr: 3.20e-04, train/loss: 0.3339, train/MAE: 0.3339, train/MSE: 0.4023, train/RMSE: 0.6343, train/MAPE: 2.2488, train/WAPE: 0.4607]
2026-03-12 07:21:58,364 - BasicTS-training - INFO - Start validation.
2026-03-12 07:24:06,397 - BasicTS-training - INFO - Result <val>: [val/time: 128.03 (s), val/loss: 0.3996, val/MAE: 0.3996, val/MSE: 0.6512, val/RMSE: 0.8070, val/MAPE: 2.7027, val/WAPE: 0.5184]
2026-03-12 07:28:38,482 - BasicTS-training - INFO - Result <test>: [test/time: 270.83 (s), test/loss: 0.4504, test/MAE: 0.4504, test/MSE: 0.8611, test/RMSE: 0.9280, test/MAPE: 2.7819, test/WAPE: 0.5579]
2026-03-12 07:28:42,283 - BasicTS-training - INFO - Checkpoint /mnt/users/rwl/MATS/results/main/MATS-Full-Traffic-96/87bd76964c2f031273e1e86d7e4ee5b3/MATSArch_042.pt saved
2026-03-12 07:28:42,284 - BasicTS-training - INFO - The estimated training finish time is 2026-03-13 06:39:15
2026-03-12 07:28:42,284 - BasicTS-training - INFO - Epoch 43 / 100
2026-03-12 07:45:31,246 - BasicTS-training - INFO - Result <train>: [train/time: 1008.96 (s), train/lr: 3.12e-04, train/loss: 0.3335, train/MAE: 0.3335, train/MSE: 0.4019, train/RMSE: 0.6340, train/MAPE: 2.2499, train/WAPE: 0.4602]
2026-03-12 07:45:34,615 - BasicTS-training - INFO - Start validation.
2026-03-12 07:47:41,978 - BasicTS-training - INFO - Result <val>: [val/time: 127.36 (s), val/loss: 0.3959, val/MAE: 0.3959, val/MSE: 0.6394, val/RMSE: 0.7996, val/MAPE: 2.6765, val/WAPE: 0.5142]
2026-03-12 07:52:14,794 - BasicTS-training - INFO - Result <test>: [test/time: 271.71 (s), test/loss: 0.4538, test/MAE: 0.4538, test/MSE: 0.8465, test/RMSE: 0.9201, test/MAPE: 2.8621, test/WAPE: 0.5637]
2026-03-12 07:52:17,112 - BasicTS-training - INFO - Checkpoint /mnt/users/rwl/MATS/results/main/MATS-Full-Traffic-96/87bd76964c2f031273e1e86d7e4ee5b3/MATSArch_043.pt saved
2026-03-12 07:52:17,113 - BasicTS-training - INFO - The estimated training finish time is 2026-03-13 06:38:20
2026-03-12 07:52:17,113 - BasicTS-training - INFO - Epoch 44 / 100
2026-03-12 08:09:01,650 - BasicTS-training - INFO - Result <train>: [train/time: 1004.54 (s), train/lr: 3.05e-04, train/loss: 0.3331, train/MAE: 0.3331, train/MSE: 0.4014, train/RMSE: 0.6336, train/MAPE: 2.2468, train/WAPE: 0.4596]
2026-03-12 08:09:04,647 - BasicTS-training - INFO - Start validation.
2026-03-12 08:11:13,188 - BasicTS-training - INFO - Result <val>: [val/time: 128.54 (s), val/loss: 0.4014, val/MAE: 0.4014, val/MSE: 0.6507, val/RMSE: 0.8066, val/MAPE: 2.7271, val/WAPE: 0.5211]
2026-03-12 08:15:45,988 - BasicTS-training - INFO - Result <test>: [test/time: 271.12 (s), test/loss: 0.4536, test/MAE: 0.4536, test/MSE: 0.8617, test/RMSE: 0.9283, test/MAPE: 2.8427, test/WAPE: 0.5624]
2026-03-12 08:15:49,087 - BasicTS-training - INFO - Checkpoint /mnt/users/rwl/MATS/results/main/MATS-Full-Traffic-96/87bd76964c2f031273e1e86d7e4ee5b3/MATSArch_044.pt saved
2026-03-12 08:15:49,088 - BasicTS-training - INFO - The estimated training finish time is 2026-03-13 06:37:21
2026-03-12 08:15:49,088 - BasicTS-training - INFO - Epoch 45 / 100
2026-03-12 08:32:36,181 - BasicTS-training - INFO - Result <train>: [train/time: 1007.09 (s), train/lr: 2.97e-04, train/loss: 0.3334, train/MAE: 0.3334, train/MSE: 0.4017, train/RMSE: 0.6338, train/MAPE: 2.2499, train/WAPE: 0.4600]
2026-03-12 08:32:38,243 - BasicTS-training - INFO - Start validation.
2026-03-12 08:34:47,136 - BasicTS-training - INFO - Result <val>: [val/time: 128.89 (s), val/loss: 0.3952, val/MAE: 0.3952, val/MSE: 0.6414, val/RMSE: 0.8009, val/MAPE: 2.6600, val/WAPE: 0.5130]
2026-03-12 08:34:49,517 - BasicTS-training - INFO - Checkpoint /mnt/users/rwl/MATS/results/main/MATS-Full-Traffic-96/87bd76964c2f031273e1e86d7e4ee5b3/MATSArch_best_val_MAE.pt saved
2026-03-12 08:39:19,088 - BasicTS-training - INFO - Result <test>: [test/time: 269.57 (s), test/loss: 0.4524, test/MAE: 0.4524, test/MSE: 0.8528, test/RMSE: 0.9235, test/MAPE: 2.8249, test/WAPE: 0.5615]
2026-03-12 08:39:22,009 - BasicTS-training - INFO - Checkpoint /mnt/users/rwl/MATS/results/main/MATS-Full-Traffic-96/87bd76964c2f031273e1e86d7e4ee5b3/MATSArch_045.pt saved
2026-03-12 08:39:22,010 - BasicTS-training - INFO - The estimated training finish time is 2026-03-13 06:36:26
2026-03-12 08:39:22,010 - BasicTS-training - INFO - Epoch 46 / 100
2026-03-12 08:56:09,710 - BasicTS-training - INFO - Result <train>: [train/time: 1007.70 (s), train/lr: 2.89e-04, train/loss: 0.3329, train/MAE: 0.3329, train/MSE: 0.4011, train/RMSE: 0.6333, train/MAPE: 2.2458, train/WAPE: 0.4594]
2026-03-12 08:56:12,413 - BasicTS-training - INFO - Start validation.
2026-03-12 08:58:19,085 - BasicTS-training - INFO - Result <val>: [val/time: 126.67 (s), val/loss: 0.3973, val/MAE: 0.3973, val/MSE: 0.6438, val/RMSE: 0.8024, val/MAPE: 2.7361, val/WAPE: 0.5155]
2026-03-12 09:02:52,644 - BasicTS-training - INFO - Result <test>: [test/time: 271.56 (s), test/loss: 0.4557, test/MAE: 0.4557, test/MSE: 0.8587, test/RMSE: 0.9267, test/MAPE: 2.9213, test/WAPE: 0.5656]
2026-03-12 09:02:56,470 - BasicTS-training - INFO - Checkpoint /mnt/users/rwl/MATS/results/main/MATS-Full-Traffic-96/87bd76964c2f031273e1e86d7e4ee5b3/MATSArch_046.pt saved
2026-03-12 09:02:56,471 - BasicTS-training - INFO - The estimated training finish time is 2026-03-13 06:35:37
2026-03-12 09:02:56,471 - BasicTS-training - INFO - Epoch 47 / 100
2026-03-12 09:19:40,694 - BasicTS-training - INFO - Result <train>: [train/time: 1004.22 (s), train/lr: 2.81e-04, train/loss: 0.3332, train/MAE: 0.3332, train/MSE: 0.4014, train/RMSE: 0.6335, train/MAPE: 2.2490, train/WAPE: 0.4598]
2026-03-12 09:19:42,357 - BasicTS-training - INFO - Start validation.
2026-03-12 09:21:51,462 - BasicTS-training - INFO - Result <val>: [val/time: 129.10 (s), val/loss: 0.4060, val/MAE: 0.4060, val/MSE: 0.6542, val/RMSE: 0.8088, val/MAPE: 2.7368, val/WAPE: 0.5272]
2026-03-12 09:26:26,552 - BasicTS-training - INFO - Result <test>: [test/time: 273.24 (s), test/loss: 0.4528, test/MAE: 0.4528, test/MSE: 0.8566, test/RMSE: 0.9255, test/MAPE: 2.7500, test/WAPE: 0.5612]
2026-03-12 09:26:29,953 - BasicTS-training - INFO - Checkpoint /mnt/users/rwl/MATS/results/main/MATS-Full-Traffic-96/87bd76964c2f031273e1e86d7e4ee5b3/MATSArch_047.pt saved
2026-03-12 09:26:29,953 - BasicTS-training - INFO - The estimated training finish time is 2026-03-13 06:34:49
2026-03-12 09:26:29,953 - BasicTS-training - INFO - Epoch 48 / 100
2026-03-12 09:43:16,817 - BasicTS-training - INFO - Result <train>: [train/time: 1006.86 (s), train/lr: 2.74e-04, train/loss: 0.3327, train/MAE: 0.3327, train/MSE: 0.4007, train/RMSE: 0.6330, train/MAPE: 2.2438, train/WAPE: 0.4591]
2026-03-12 09:43:19,407 - BasicTS-training - INFO - Start validation.
2026-03-12 09:45:27,403 - BasicTS-training - INFO - Result <val>: [val/time: 127.99 (s), val/loss: 0.4044, val/MAE: 0.4044, val/MSE: 0.6605, val/RMSE: 0.8127, val/MAPE: 2.7202, val/WAPE: 0.5251]
2026-03-12 09:50:01,040 - BasicTS-training - INFO - Result <test>: [test/time: 271.63 (s), test/loss: 0.4527, test/MAE: 0.4527, test/MSE: 0.8744, test/RMSE: 0.9351, test/MAPE: 2.7754, test/WAPE: 0.5606]
2026-03-12 09:50:04,151 - BasicTS-training - INFO - Checkpoint /mnt/users/rwl/MATS/results/main/MATS-Full-Traffic-96/87bd76964c2f031273e1e86d7e4ee5b3/MATSArch_048.pt saved
2026-03-12 09:50:04,152 - BasicTS-training - INFO - The estimated training finish time is 2026-03-13 06:34:03
2026-03-12 09:50:04,152 - BasicTS-training - INFO - Epoch 49 / 100
2026-03-12 10:06:49,524 - BasicTS-training - INFO - Result <train>: [train/time: 1005.37 (s), train/lr: 2.66e-04, train/loss: 0.3326, train/MAE: 0.3326, train/MSE: 0.4004, train/RMSE: 0.6327, train/MAPE: 2.2456, train/WAPE: 0.4589]
2026-03-12 10:06:51,905 - BasicTS-training - INFO - Start validation.
2026-03-12 10:08:59,984 - BasicTS-training - INFO - Result <val>: [val/time: 128.08 (s), val/loss: 0.3955, val/MAE: 0.3955, val/MSE: 0.6445, val/RMSE: 0.8028, val/MAPE: 2.6469, val/WAPE: 0.5129]
2026-03-12 10:13:32,113 - BasicTS-training - INFO - Result <test>: [test/time: 270.58 (s), test/loss: 0.4512, test/MAE: 0.4512, test/MSE: 0.8574, test/RMSE: 0.9260, test/MAPE: 2.8058, test/WAPE: 0.5594]
2026-03-12 10:13:36,628 - BasicTS-training - INFO - Checkpoint /mnt/users/rwl/MATS/results/main/MATS-Full-Traffic-96/87bd76964c2f031273e1e86d7e4ee5b3/MATSArch_049.pt saved
2026-03-12 10:13:36,629 - BasicTS-training - INFO - The estimated training finish time is 2026-03-13 06:33:17
2026-03-12 10:13:36,629 - BasicTS-training - INFO - Epoch 50 / 100
2026-03-12 10:30:34,075 - BasicTS-training - INFO - Result <train>: [train/time: 1017.45 (s), train/lr: 2.58e-04, train/loss: 0.3324, train/MAE: 0.3324, train/MSE: 0.4003, train/RMSE: 0.6327, train/MAPE: 2.2463, train/WAPE: 0.4587]
2026-03-12 10:30:35,829 - BasicTS-training - INFO - Start validation.
2026-03-12 10:32:45,422 - BasicTS-training - INFO - Result <val>: [val/time: 129.59 (s), val/loss: 0.4003, val/MAE: 0.4003, val/MSE: 0.6520, val/RMSE: 0.8074, val/MAPE: 2.6494, val/WAPE: 0.5192]
2026-03-12 10:37:25,416 - BasicTS-training - INFO - Result <test>: [test/time: 277.62 (s), test/loss: 0.4510, test/MAE: 0.4510, test/MSE: 0.8625, test/RMSE: 0.9287, test/MAPE: 2.7392, test/WAPE: 0.5588]
2026-03-12 10:37:28,894 - BasicTS-training - INFO - Checkpoint /mnt/users/rwl/MATS/results/main/MATS-Full-Traffic-96/87bd76964c2f031273e1e86d7e4ee5b3/MATSArch_050.pt saved
2026-03-12 10:37:29,756 - BasicTS-training - INFO - The estimated training finish time is 2026-03-13 06:33:13
2026-03-12 10:37:29,756 - BasicTS-training - INFO - Epoch 51 / 100
2026-03-12 10:54:35,276 - BasicTS-training - INFO - Result <train>: [train/time: 1025.52 (s), train/lr: 2.50e-04, train/loss: 0.3321, train/MAE: 0.3321, train/MSE: 0.3999, train/RMSE: 0.6324, train/MAPE: 2.2418, train/WAPE: 0.4583]
2026-03-12 10:54:38,409 - BasicTS-training - INFO - Start validation.
2026-03-12 10:56:49,743 - BasicTS-training - INFO - Result <val>: [val/time: 131.33 (s), val/loss: 0.3971, val/MAE: 0.3971, val/MSE: 0.6479, val/RMSE: 0.8049, val/MAPE: 2.6796, val/WAPE: 0.5149]
2026-03-12 11:01:25,262 - BasicTS-training - INFO - Result <test>: [test/time: 273.68 (s), test/loss: 0.4532, test/MAE: 0.4532, test/MSE: 0.8620, test/RMSE: 0.9284, test/MAPE: 2.8579, test/WAPE: 0.5619]
2026-03-12 11:01:28,779 - BasicTS-training - INFO - Checkpoint /mnt/users/rwl/MATS/results/main/MATS-Full-Traffic-96/87bd76964c2f031273e1e86d7e4ee5b3/MATSArch_051.pt saved
2026-03-12 11:01:28,780 - BasicTS-training - INFO - The estimated training finish time is 2026-03-13 06:33:21
2026-03-12 11:01:28,780 - BasicTS-training - INFO - Epoch 52 / 100
2026-03-12 11:19:04,939 - BasicTS-training - INFO - Result <train>: [train/time: 1056.16 (s), train/lr: 2.42e-04, train/loss: 0.3321, train/MAE: 0.3321, train/MSE: 0.3999, train/RMSE: 0.6324, train/MAPE: 2.2421, train/WAPE: 0.4582]
2026-03-12 11:19:09,093 - BasicTS-training - INFO - Start validation.
2026-03-12 11:21:27,036 - BasicTS-training - INFO - Result <val>: [val/time: 137.94 (s), val/loss: 0.4008, val/MAE: 0.4008, val/MSE: 0.6493, val/RMSE: 0.8058, val/MAPE: 2.7191, val/WAPE: 0.5200]
2026-03-12 11:26:16,216 - BasicTS-training - INFO - Result <test>: [test/time: 287.37 (s), test/loss: 0.4520, test/MAE: 0.4520, test/MSE: 0.8564, test/RMSE: 0.9254, test/MAPE: 2.7815, test/WAPE: 0.5604]
2026-03-12 11:26:24,088 - BasicTS-training - INFO - Checkpoint /mnt/users/rwl/MATS/results/main/MATS-Full-Traffic-96/87bd76964c2f031273e1e86d7e4ee5b3/MATSArch_052.pt saved
2026-03-12 11:26:24,089 - BasicTS-training - INFO - The estimated training finish time is 2026-03-13 06:35:17
2026-03-12 11:26:24,089 - BasicTS-training - INFO - Epoch 53 / 100
2026-03-12 11:44:23,229 - BasicTS-training - INFO - Result <train>: [train/time: 1079.14 (s), train/lr: 2.34e-04, train/loss: 0.3320, train/MAE: 0.3320, train/MSE: 0.3997, train/RMSE: 0.6322, train/MAPE: 2.2425, train/WAPE: 0.4581]
2026-03-12 11:44:29,635 - BasicTS-training - INFO - Start validation.
2026-03-12 11:46:46,564 - BasicTS-training - INFO - Result <val>: [val/time: 136.93 (s), val/loss: 0.4001, val/MAE: 0.4001, val/MSE: 0.6526, val/RMSE: 0.8078, val/MAPE: 2.7079, val/WAPE: 0.5188]
2026-03-12 11:51:41,716 - BasicTS-training - INFO - Result <test>: [test/time: 289.29 (s), test/loss: 0.4524, test/MAE: 0.4524, test/MSE: 0.8646, test/RMSE: 0.9298, test/MAPE: 2.8031, test/WAPE: 0.5605]
2026-03-12 11:51:46,828 - BasicTS-training - INFO - Checkpoint /mnt/users/rwl/MATS/results/main/MATS-Full-Traffic-96/87bd76964c2f031273e1e86d7e4ee5b3/MATSArch_053.pt saved
2026-03-12 11:51:46,829 - BasicTS-training - INFO - The estimated training finish time is 2026-03-13 06:38:00
2026-03-12 11:51:46,829 - BasicTS-training - INFO - Epoch 54 / 100
2026-03-12 12:09:37,965 - BasicTS-training - INFO - Result <train>: [train/time: 1071.14 (s), train/lr: 2.26e-04, train/loss: 0.3317, train/MAE: 0.3317, train/MSE: 0.3993, train/RMSE: 0.6319, train/MAPE: 2.2418, train/WAPE: 0.4577]
2026-03-12 12:09:41,724 - BasicTS-training - INFO - Start validation.
2026-03-12 12:11:55,806 - BasicTS-training - INFO - Result <val>: [val/time: 134.08 (s), val/loss: 0.3991, val/MAE: 0.3991, val/MSE: 0.6510, val/RMSE: 0.8068, val/MAPE: 2.6810, val/WAPE: 0.5175]
2026-03-12 12:16:43,991 - BasicTS-training - INFO - Result <test>: [test/time: 286.19 (s), test/loss: 0.4523, test/MAE: 0.4523, test/MSE: 0.8650, test/RMSE: 0.9300, test/MAPE: 2.8081, test/WAPE: 0.5604]
2026-03-12 12:16:47,887 - BasicTS-training - INFO - Checkpoint /mnt/users/rwl/MATS/results/main/MATS-Full-Traffic-96/87bd76964c2f031273e1e86d7e4ee5b3/MATSArch_054.pt saved
2026-03-12 12:16:47,888 - BasicTS-training - INFO - The estimated training finish time is 2026-03-13 06:39:57
2026-03-12 12:16:47,888 - BasicTS-training - INFO - Epoch 55 / 100
2026-03-12 12:34:37,918 - BasicTS-training - INFO - Result <train>: [train/time: 1070.03 (s), train/lr: 2.19e-04, train/loss: 0.3319, train/MAE: 0.3319, train/MSE: 0.3995, train/RMSE: 0.6321, train/MAPE: 2.2429, train/WAPE: 0.4580]
2026-03-12 12:34:38,739 - BasicTS-training - INFO - Start validation.
2026-03-12 12:36:55,442 - BasicTS-training - INFO - Result <val>: [val/time: 136.70 (s), val/loss: 0.3995, val/MAE: 0.3995, val/MSE: 0.6490, val/RMSE: 0.8056, val/MAPE: 2.6926, val/WAPE: 0.5186]
2026-03-12 12:41:45,071 - BasicTS-training - INFO - Result <test>: [test/time: 286.97 (s), test/loss: 0.4518, test/MAE: 0.4518, test/MSE: 0.8591, test/RMSE: 0.9269, test/MAPE: 2.8216, test/WAPE: 0.5601]
2026-03-12 12:41:48,486 - BasicTS-training - INFO - Checkpoint /mnt/users/rwl/MATS/results/main/MATS-Full-Traffic-96/87bd76964c2f031273e1e86d7e4ee5b3/MATSArch_055.pt saved
2026-03-12 12:41:48,487 - BasicTS-training - INFO - The estimated training finish time is 2026-03-13 06:41:49
2026-03-12 12:41:48,487 - BasicTS-training - INFO - Epoch 56 / 100
2026-03-12 12:59:45,409 - BasicTS-training - INFO - Result <train>: [train/time: 1076.92 (s), train/lr: 2.11e-04, train/loss: 0.3316, train/MAE: 0.3316, train/MSE: 0.3992, train/RMSE: 0.6318, train/MAPE: 2.2422, train/WAPE: 0.4575]
2026-03-12 12:59:47,345 - BasicTS-training - INFO - Start validation.
2026-03-12 13:02:04,224 - BasicTS-training - INFO - Result <val>: [val/time: 136.88 (s), val/loss: 0.3981, val/MAE: 0.3981, val/MSE: 0.6443, val/RMSE: 0.8027, val/MAPE: 2.6874, val/WAPE: 0.5164]
2026-03-12 13:06:54,532 - BasicTS-training - INFO - Result <test>: [test/time: 289.53 (s), test/loss: 0.4511, test/MAE: 0.4511, test/MSE: 0.8524, test/RMSE: 0.9233, test/MAPE: 2.8048, test/WAPE: 0.5592]
2026-03-12 13:06:58,312 - BasicTS-training - INFO - Checkpoint /mnt/users/rwl/MATS/results/main/MATS-Full-Traffic-96/87bd76964c2f031273e1e86d7e4ee5b3/MATSArch_056.pt saved
2026-03-12 13:06:58,312 - BasicTS-training - INFO - The estimated training finish time is 2026-03-13 06:43:54
2026-03-12 13:06:58,312 - BasicTS-training - INFO - Epoch 57 / 100
2026-03-12 13:24:48,081 - BasicTS-training - INFO - Result <train>: [train/time: 1069.77 (s), train/lr: 2.03e-04, train/loss: 0.3314, train/MAE: 0.3314, train/MSE: 0.3990, train/RMSE: 0.6317, train/MAPE: 2.2400, train/WAPE: 0.4573]
2026-03-12 13:24:49,783 - BasicTS-training - INFO - Start validation.
2026-03-12 13:27:05,254 - BasicTS-training - INFO - Result <val>: [val/time: 135.47 (s), val/loss: 0.3980, val/MAE: 0.3980, val/MSE: 0.6479, val/RMSE: 0.8049, val/MAPE: 2.7524, val/WAPE: 0.5167]
2026-03-12 13:31:54,531 - BasicTS-training - INFO - Result <test>: [test/time: 288.69 (s), test/loss: 0.4525, test/MAE: 0.4525, test/MSE: 0.8647, test/RMSE: 0.9299, test/MAPE: 2.9012, test/WAPE: 0.5614]
2026-03-12 13:31:57,691 - BasicTS-training - INFO - Checkpoint /mnt/users/rwl/MATS/results/main/MATS-Full-Traffic-96/87bd76964c2f031273e1e86d7e4ee5b3/MATSArch_057.pt saved
2026-03-12 13:31:57,692 - BasicTS-training - INFO - The estimated training finish time is 2026-03-13 06:45:35
2026-03-12 13:31:57,692 - BasicTS-training - INFO - Epoch 58 / 100
2026-03-12 13:49:51,121 - BasicTS-training - INFO - Result <train>: [train/time: 1073.43 (s), train/lr: 1.95e-04, train/loss: 0.3311, train/MAE: 0.3311, train/MSE: 0.3985, train/RMSE: 0.6312, train/MAPE: 2.2405, train/WAPE: 0.4569]
2026-03-12 13:49:52,470 - BasicTS-training - INFO - Start validation.
2026-03-12 13:52:10,087 - BasicTS-training - INFO - Result <val>: [val/time: 137.62 (s), val/loss: 0.3974, val/MAE: 0.3974, val/MSE: 0.6467, val/RMSE: 0.8042, val/MAPE: 2.7243, val/WAPE: 0.5158]
2026-03-12 13:56:59,572 - BasicTS-training - INFO - Result <test>: [test/time: 288.50 (s), test/loss: 0.4534, test/MAE: 0.4534, test/MSE: 0.8615, test/RMSE: 0.9282, test/MAPE: 2.8751, test/WAPE: 0.5623]
2026-03-12 13:57:00,577 - BasicTS-training - INFO - Checkpoint /mnt/users/rwl/MATS/results/main/MATS-Full-Traffic-96/87bd76964c2f031273e1e86d7e4ee5b3/MATSArch_058.pt saved
2026-03-12 13:57:00,578 - BasicTS-training - INFO - The estimated training finish time is 2026-03-13 06:47:20
2026-03-12 13:57:00,578 - BasicTS-training - INFO - Epoch 59 / 100
2026-03-12 14:14:58,802 - BasicTS-training - INFO - Result <train>: [train/time: 1078.22 (s), train/lr: 1.88e-04, train/loss: 0.3311, train/MAE: 0.3311, train/MSE: 0.3982, train/RMSE: 0.6311, train/MAPE: 2.2384, train/WAPE: 0.4568]
2026-03-12 14:14:59,848 - BasicTS-training - INFO - Start validation.
2026-03-12 14:17:17,536 - BasicTS-training - INFO - Result <val>: [val/time: 137.69 (s), val/loss: 0.3978, val/MAE: 0.3978, val/MSE: 0.6484, val/RMSE: 0.8052, val/MAPE: 2.6965, val/WAPE: 0.5161]
2026-03-12 14:22:09,479 - BasicTS-training - INFO - Result <test>: [test/time: 291.04 (s), test/loss: 0.4510, test/MAE: 0.4510, test/MSE: 0.8606, test/RMSE: 0.9277, test/MAPE: 2.8136, test/WAPE: 0.5589]
2026-03-12 14:22:11,520 - BasicTS-training - INFO - Checkpoint /mnt/users/rwl/MATS/results/main/MATS-Full-Traffic-96/87bd76964c2f031273e1e86d7e4ee5b3/MATSArch_059.pt saved
2026-03-12 14:22:11,520 - BasicTS-training - INFO - The estimated training finish time is 2026-03-13 06:49:14
2026-03-12 14:22:11,521 - BasicTS-training - INFO - Epoch 60 / 100
2026-03-12 14:40:13,808 - BasicTS-training - INFO - Result <train>: [train/time: 1082.29 (s), train/lr: 1.80e-04, train/loss: 0.3312, train/MAE: 0.3312, train/MSE: 0.3985, train/RMSE: 0.6313, train/MAPE: 2.2400, train/WAPE: 0.4570]
2026-03-12 14:40:15,063 - BasicTS-training - INFO - Start validation.
2026-03-12 14:42:29,973 - BasicTS-training - INFO - Result <val>: [val/time: 134.91 (s), val/loss: 0.3965, val/MAE: 0.3965, val/MSE: 0.6475, val/RMSE: 0.8047, val/MAPE: 2.6648, val/WAPE: 0.5143]
2026-03-12 14:47:19,883 - BasicTS-training - INFO - Result <test>: [test/time: 289.65 (s), test/loss: 0.4511, test/MAE: 0.4511, test/MSE: 0.8599, test/RMSE: 0.9273, test/MAPE: 2.7938, test/WAPE: 0.5591]
2026-03-12 14:47:20,984 - BasicTS-training - INFO - Checkpoint /mnt/users/rwl/MATS/results/main/MATS-Full-Traffic-96/87bd76964c2f031273e1e86d7e4ee5b3/MATSArch_060.pt saved
2026-03-12 14:47:21,552 - BasicTS-training - INFO - The estimated training finish time is 2026-03-13 06:51:03
2026-03-12 14:47:21,552 - BasicTS-training - INFO - Epoch 61 / 100
2026-03-12 15:05:20,888 - BasicTS-training - INFO - Result <train>: [train/time: 1079.34 (s), train/lr: 1.73e-04, train/loss: 0.3308, train/MAE: 0.3308, train/MSE: 0.3980, train/RMSE: 0.6309, train/MAPE: 2.2404, train/WAPE: 0.4566]
2026-03-12 15:05:22,452 - BasicTS-training - INFO - Start validation.
2026-03-12 15:07:39,504 - BasicTS-training - INFO - Result <val>: [val/time: 137.05 (s), val/loss: 0.4018, val/MAE: 0.4018, val/MSE: 0.6514, val/RMSE: 0.8071, val/MAPE: 2.6945, val/WAPE: 0.5214]
2026-03-12 15:12:31,177 - BasicTS-training - INFO - Result <test>: [test/time: 290.81 (s), test/loss: 0.4522, test/MAE: 0.4522, test/MSE: 0.8580, test/RMSE: 0.9263, test/MAPE: 2.7814, test/WAPE: 0.5606]
2026-03-12 15:12:33,943 - BasicTS-training - INFO - Checkpoint /mnt/users/rwl/MATS/results/main/MATS-Full-Traffic-96/87bd76964c2f031273e1e86d7e4ee5b3/MATSArch_061.pt saved
2026-03-12 15:12:33,944 - BasicTS-training - INFO - The estimated training finish time is 2026-03-13 06:52:53
2026-03-12 15:12:33,944 - BasicTS-training - INFO - Epoch 62 / 100
2026-03-12 15:30:26,651 - BasicTS-training - INFO - Result <train>: [train/time: 1072.71 (s), train/lr: 1.65e-04, train/loss: 0.3307, train/MAE: 0.3307, train/MSE: 0.3979, train/RMSE: 0.6308, train/MAPE: 2.2395, train/WAPE: 0.4563]
2026-03-12 15:30:27,622 - BasicTS-training - INFO - Start validation.
2026-03-12 15:32:42,790 - BasicTS-training - INFO - Result <val>: [val/time: 135.17 (s), val/loss: 0.3974, val/MAE: 0.3974, val/MSE: 0.6473, val/RMSE: 0.8045, val/MAPE: 2.6863, val/WAPE: 0.5158]
2026-03-12 15:37:31,654 - BasicTS-training - INFO - Result <test>: [test/time: 287.63 (s), test/loss: 0.4513, test/MAE: 0.4513, test/MSE: 0.8571, test/RMSE: 0.9258, test/MAPE: 2.8112, test/WAPE: 0.5598]
2026-03-12 15:37:33,502 - BasicTS-training - INFO - Checkpoint /mnt/users/rwl/MATS/results/main/MATS-Full-Traffic-96/87bd76964c2f031273e1e86d7e4ee5b3/MATSArch_062.pt saved
2026-03-12 15:37:33,503 - BasicTS-training - INFO - The estimated training finish time is 2026-03-13 06:54:18
2026-03-12 15:37:33,503 - BasicTS-training - INFO - Epoch 63 / 100
2026-03-12 15:55:26,380 - BasicTS-training - INFO - Result <train>: [train/time: 1072.88 (s), train/lr: 1.58e-04, train/loss: 0.3304, train/MAE: 0.3304, train/MSE: 0.3975, train/RMSE: 0.6305, train/MAPE: 2.2379, train/WAPE: 0.4559]
2026-03-12 15:55:27,927 - BasicTS-training - INFO - Start validation.
2026-03-12 15:57:43,472 - BasicTS-training - INFO - Result <val>: [val/time: 135.54 (s), val/loss: 0.4041, val/MAE: 0.4041, val/MSE: 0.6579, val/RMSE: 0.8111, val/MAPE: 2.7756, val/WAPE: 0.5242]
2026-03-12 16:02:27,542 - BasicTS-training - INFO - Result <test>: [test/time: 283.03 (s), test/loss: 0.4539, test/MAE: 0.4539, test/MSE: 0.8723, test/RMSE: 0.9340, test/MAPE: 2.8619, test/WAPE: 0.5622]
2026-03-12 16:02:30,176 - BasicTS-training - INFO - Checkpoint /mnt/users/rwl/MATS/results/main/MATS-Full-Traffic-96/87bd76964c2f031273e1e86d7e4ee5b3/MATSArch_063.pt saved
2026-03-12 16:02:30,177 - BasicTS-training - INFO - The estimated training finish time is 2026-03-13 06:55:36
2026-03-12 16:02:30,177 - BasicTS-training - INFO - Epoch 64 / 100
2026-03-12 16:20:07,495 - BasicTS-training - INFO - Result <train>: [train/time: 1057.32 (s), train/lr: 1.51e-04, train/loss: 0.3304, train/MAE: 0.3304, train/MSE: 0.3975, train/RMSE: 0.6304, train/MAPE: 2.2389, train/WAPE: 0.4560]
2026-03-12 16:20:09,670 - BasicTS-training - INFO - Start validation.
2026-03-12 16:22:24,312 - BasicTS-training - INFO - Result <val>: [val/time: 134.64 (s), val/loss: 0.3986, val/MAE: 0.3986, val/MSE: 0.6435, val/RMSE: 0.8022, val/MAPE: 2.7134, val/WAPE: 0.5173]
2026-03-12 16:27:09,278 - BasicTS-training - INFO - Result <test>: [test/time: 284.38 (s), test/loss: 0.4528, test/MAE: 0.4528, test/MSE: 0.8518, test/RMSE: 0.9229, test/MAPE: 2.8766, test/WAPE: 0.5619]
2026-03-12 16:27:11,001 - BasicTS-training - INFO - Checkpoint /mnt/users/rwl/MATS/results/main/MATS-Full-Traffic-96/87bd76964c2f031273e1e86d7e4ee5b3/MATSArch_064.pt saved
2026-03-12 16:27:11,002 - BasicTS-training - INFO - The estimated training finish time is 2026-03-13 06:56:26
2026-03-12 16:27:11,002 - BasicTS-training - INFO - Epoch 65 / 100
2026-03-12 16:44:40,970 - BasicTS-training - INFO - Result <train>: [train/time: 1049.97 (s), train/lr: 1.44e-04, train/loss: 0.3302, train/MAE: 0.3302, train/MSE: 0.3972, train/RMSE: 0.6302, train/MAPE: 2.2355, train/WAPE: 0.4557]
2026-03-12 16:44:41,937 - BasicTS-training - INFO - Start validation.
2026-03-12 16:46:55,730 - BasicTS-training - INFO - Result <val>: [val/time: 133.79 (s), val/loss: 0.3964, val/MAE: 0.3964, val/MSE: 0.6432, val/RMSE: 0.8020, val/MAPE: 2.7044, val/WAPE: 0.5147]
2026-03-12 16:51:40,568 - BasicTS-training - INFO - Result <test>: [test/time: 284.43 (s), test/loss: 0.4510, test/MAE: 0.4510, test/MSE: 0.8531, test/RMSE: 0.9236, test/MAPE: 2.8202, test/WAPE: 0.5597]
2026-03-12 16:51:43,345 - BasicTS-training - INFO - Checkpoint /mnt/users/rwl/MATS/results/main/MATS-Full-Traffic-96/87bd76964c2f031273e1e86d7e4ee5b3/MATSArch_065.pt saved
2026-03-12 16:51:43,346 - BasicTS-training - INFO - The estimated training finish time is 2026-03-13 06:57:03
2026-03-12 16:51:43,346 - BasicTS-training - INFO - Epoch 66 / 100
