2026-03-11 14:41:31,740 - BasicTS-launcher - INFO - Launching BasicTS training.
2026-03-11 14:41:31,794 - easytorch-env - INFO - Use devices 0.
2026-03-11 14:41:31,834 - easytorch-env - INFO - Disable TF32 mode
2026-03-11 14:41:32,000 - BasicTS - INFO - Building model.
/mnt/users/rwl/MATS/src/models/experts.py:491: UserWarning: enable_nested_tensor is True, but self.use_nested_tensor is False because encoder_layer.norm_first was True
  self.transformer = nn.TransformerEncoder(
2026-03-11 14:41:32,925 - BasicTS - INFO - Set ckpt save dir: "/mnt/users/rwl/MATS/results/main/MATS-Full-Traffic-192/fa72867542a48ef11ee4353e5c51d7e6"
2026-03-11 14:41:32,928 - BasicTS-training - INFO - Initializing training.
2026-03-11 14:41:32,929 - BasicTS-training - INFO - Building train data loader.
2026-03-11 14:41:38,875 - BasicTS-training - INFO - Set optim: Adam
2026-03-11 14:41:38,875 - BasicTS-training - INFO - Set lr_scheduler: CosineAnnealingLR
2026-03-11 14:41:38,875 - BasicTS-training - INFO - Building val data loader.
2026-03-11 14:41:38,889 - BasicTS-training - INFO - Building test data loader.
2026-03-11 14:41:38,902 - BasicTS-training - INFO - Total parameters: 12764688
2026-03-11 14:41:38,902 - BasicTS-training - INFO - Trainable parameters: 12764688
2026-03-11 14:41:38,902 - BasicTS-training - INFO - Epoch 1 / 100
2026-03-11 14:58:47,554 - BasicTS-training - INFO - Result <train>: [train/time: 1028.65 (s), train/lr: 5.00e-04, train/loss: 0.4613, train/MAE: 0.4613, train/MSE: 0.5835, train/RMSE: 0.7639, train/MAPE: 2.7669, train/WAPE: 0.6358]
2026-03-11 14:58:48,576 - BasicTS-training - INFO - Start validation.
2026-03-11 15:00:53,234 - BasicTS-training - INFO - Result <val>: [val/time: 124.66 (s), val/loss: 0.3893, val/MAE: 0.3893, val/MSE: 0.6319, val/RMSE: 0.7949, val/MAPE: 2.6654, val/WAPE: 0.5080]
2026-03-11 15:00:55,895 - BasicTS-training - INFO - Checkpoint /mnt/users/rwl/MATS/results/main/MATS-Full-Traffic-192/fa72867542a48ef11ee4353e5c51d7e6/MATSArch_best_val_MAE.pt saved
2026-03-11 15:05:30,278 - BasicTS-training - INFO - Result <test>: [test/time: 274.38 (s), test/loss: 0.4356, test/MAE: 0.4356, test/MSE: 0.8166, test/RMSE: 0.9037, test/MAPE: 2.8671, test/WAPE: 0.5372]
2026-03-11 15:05:32,061 - BasicTS-training - INFO - Checkpoint /mnt/users/rwl/MATS/results/main/MATS-Full-Traffic-192/fa72867542a48ef11ee4353e5c51d7e6/MATSArch_001.pt saved
2026-03-11 15:05:32,062 - BasicTS-training - INFO - The estimated training finish time is 2026-03-13 06:23:53
2026-03-11 15:05:32,062 - BasicTS-training - INFO - Epoch 2 / 100
2026-03-11 15:22:49,104 - BasicTS-training - INFO - Result <train>: [train/time: 1037.04 (s), train/lr: 5.00e-04, train/loss: 0.3554, train/MAE: 0.3554, train/MSE: 0.4314, train/RMSE: 0.6568, train/MAPE: 2.4678, train/WAPE: 0.4921]
2026-03-11 15:22:49,429 - BasicTS-training - INFO - Start validation.
2026-03-11 15:24:53,467 - BasicTS-training - INFO - Result <val>: [val/time: 124.04 (s), val/loss: 0.3863, val/MAE: 0.3863, val/MSE: 0.6326, val/RMSE: 0.7953, val/MAPE: 2.4998, val/WAPE: 0.5037]
2026-03-11 15:24:55,398 - BasicTS-training - INFO - Checkpoint /mnt/users/rwl/MATS/results/main/MATS-Full-Traffic-192/fa72867542a48ef11ee4353e5c51d7e6/MATSArch_best_val_MAE.pt saved
2026-03-11 15:29:28,442 - BasicTS-training - INFO - Result <test>: [test/time: 273.04 (s), test/loss: 0.4314, test/MAE: 0.4314, test/MSE: 0.8109, test/RMSE: 0.9005, test/MAPE: 2.6974, test/WAPE: 0.5319]
2026-03-11 15:29:30,203 - BasicTS-training - INFO - Checkpoint /mnt/users/rwl/MATS/results/main/MATS-Full-Traffic-192/fa72867542a48ef11ee4353e5c51d7e6/MATSArch_002.pt saved
2026-03-11 15:29:30,204 - BasicTS-training - INFO - The estimated training finish time is 2026-03-13 06:31:12
2026-03-11 15:29:30,204 - BasicTS-training - INFO - Epoch 3 / 100
2026-03-11 15:46:37,431 - BasicTS-training - INFO - Result <train>: [train/time: 1027.23 (s), train/lr: 5.00e-04, train/loss: 0.3534, train/MAE: 0.3534, train/MSE: 0.4348, train/RMSE: 0.6594, train/MAPE: 2.3874, train/WAPE: 0.4890]
2026-03-11 15:46:37,719 - BasicTS-training - INFO - Start validation.
2026-03-11 15:48:39,843 - BasicTS-training - INFO - Result <val>: [val/time: 122.12 (s), val/loss: 0.3847, val/MAE: 0.3847, val/MSE: 0.6388, val/RMSE: 0.7992, val/MAPE: 2.4509, val/WAPE: 0.5008]
2026-03-11 15:48:40,658 - BasicTS-training - INFO - Checkpoint /mnt/users/rwl/MATS/results/main/MATS-Full-Traffic-192/fa72867542a48ef11ee4353e5c51d7e6/MATSArch_best_val_MAE.pt saved
2026-03-11 15:53:12,249 - BasicTS-training - INFO - Result <test>: [test/time: 271.59 (s), test/loss: 0.4286, test/MAE: 0.4286, test/MSE: 0.8200, test/RMSE: 0.9055, test/MAPE: 2.6430, test/WAPE: 0.5278]
2026-03-11 15:53:13,854 - BasicTS-training - INFO - Checkpoint /mnt/users/rwl/MATS/results/main/MATS-Full-Traffic-192/fa72867542a48ef11ee4353e5c51d7e6/MATSArch_003.pt saved
2026-03-11 15:53:13,855 - BasicTS-training - INFO - The estimated training finish time is 2026-03-13 06:25:36
2026-03-11 15:53:13,855 - BasicTS-training - INFO - Epoch 4 / 100
2026-03-11 16:10:24,365 - BasicTS-training - INFO - Result <train>: [train/time: 1030.51 (s), train/lr: 4.99e-04, train/loss: 0.3528, train/MAE: 0.3528, train/MSE: 0.4400, train/RMSE: 0.6633, train/MAPE: 2.3257, train/WAPE: 0.4880]
2026-03-11 16:10:27,097 - BasicTS-training - INFO - Start validation.
2026-03-11 16:12:30,173 - BasicTS-training - INFO - Result <val>: [val/time: 123.08 (s), val/loss: 0.3831, val/MAE: 0.3831, val/MSE: 0.6386, val/RMSE: 0.7991, val/MAPE: 2.4033, val/WAPE: 0.4988]
2026-03-11 16:12:32,738 - BasicTS-training - INFO - Checkpoint /mnt/users/rwl/MATS/results/main/MATS-Full-Traffic-192/fa72867542a48ef11ee4353e5c51d7e6/MATSArch_best_val_MAE.pt saved
2026-03-11 16:17:04,333 - BasicTS-training - INFO - Result <test>: [test/time: 271.59 (s), test/loss: 0.4273, test/MAE: 0.4273, test/MSE: 0.8188, test/RMSE: 0.9049, test/MAPE: 2.5915, test/WAPE: 0.5261]
2026-03-11 16:17:07,941 - BasicTS-training - INFO - Checkpoint /mnt/users/rwl/MATS/results/main/MATS-Full-Traffic-192/fa72867542a48ef11ee4353e5c51d7e6/MATSArch_004.pt saved
2026-03-11 16:17:07,942 - BasicTS-training - INFO - The estimated training finish time is 2026-03-13 06:27:09
2026-03-11 16:17:07,942 - BasicTS-training - INFO - Epoch 5 / 100
2026-03-11 16:34:07,368 - BasicTS-training - INFO - Result <train>: [train/time: 1019.43 (s), train/lr: 4.98e-04, train/loss: 0.3524, train/MAE: 0.3524, train/MSE: 0.4452, train/RMSE: 0.6673, train/MAPE: 2.2701, train/WAPE: 0.4873]
2026-03-11 16:34:09,077 - BasicTS-training - INFO - Start validation.
2026-03-11 16:36:12,651 - BasicTS-training - INFO - Result <val>: [val/time: 123.57 (s), val/loss: 0.3836, val/MAE: 0.3836, val/MSE: 0.6491, val/RMSE: 0.8057, val/MAPE: 2.3140, val/WAPE: 0.4995]
2026-03-11 16:40:43,993 - BasicTS-training - INFO - Result <test>: [test/time: 270.24 (s), test/loss: 0.4269, test/MAE: 0.4269, test/MSE: 0.8345, test/RMSE: 0.9135, test/MAPE: 2.4870, test/WAPE: 0.5252]
2026-03-11 16:40:46,810 - BasicTS-training - INFO - Checkpoint /mnt/users/rwl/MATS/results/main/MATS-Full-Traffic-192/fa72867542a48ef11ee4353e5c51d7e6/MATSArch_005.pt saved
2026-03-11 16:40:46,811 - BasicTS-training - INFO - The estimated training finish time is 2026-03-13 06:23:00
2026-03-11 16:40:46,811 - BasicTS-training - INFO - Epoch 6 / 100
2026-03-11 16:57:44,395 - BasicTS-training - INFO - Result <train>: [train/time: 1017.58 (s), train/lr: 4.97e-04, train/loss: 0.3525, train/MAE: 0.3525, train/MSE: 0.4504, train/RMSE: 0.6711, train/MAPE: 2.2292, train/WAPE: 0.4873]
2026-03-11 16:57:45,200 - BasicTS-training - INFO - Start validation.
2026-03-11 16:59:46,991 - BasicTS-training - INFO - Result <val>: [val/time: 121.79 (s), val/loss: 0.3831, val/MAE: 0.3831, val/MSE: 0.6526, val/RMSE: 0.8078, val/MAPE: 2.2733, val/WAPE: 0.4986]
2026-03-11 16:59:49,786 - BasicTS-training - INFO - Checkpoint /mnt/users/rwl/MATS/results/main/MATS-Full-Traffic-192/fa72867542a48ef11ee4353e5c51d7e6/MATSArch_best_val_MAE.pt saved
2026-03-11 17:04:14,929 - BasicTS-training - INFO - Result <test>: [test/time: 265.14 (s), test/loss: 0.4261, test/MAE: 0.4261, test/MSE: 0.8397, test/RMSE: 0.9163, test/MAPE: 2.4446, test/WAPE: 0.5241]
2026-03-11 17:04:18,293 - BasicTS-training - INFO - Checkpoint /mnt/users/rwl/MATS/results/main/MATS-Full-Traffic-192/fa72867542a48ef11ee4353e5c51d7e6/MATSArch_006.pt saved
2026-03-11 17:04:18,294 - BasicTS-training - INFO - The estimated training finish time is 2026-03-13 06:18:12
2026-03-11 17:04:18,294 - BasicTS-training - INFO - Epoch 7 / 100
2026-03-11 17:20:59,577 - BasicTS-training - INFO - Result <train>: [train/time: 1001.28 (s), train/lr: 4.96e-04, train/loss: 0.3524, train/MAE: 0.3524, train/MSE: 0.4539, train/RMSE: 0.6738, train/MAPE: 2.2015, train/WAPE: 0.4872]
2026-03-11 17:21:01,025 - BasicTS-training - INFO - Start validation.
2026-03-11 17:23:02,776 - BasicTS-training - INFO - Result <val>: [val/time: 121.75 (s), val/loss: 0.3838, val/MAE: 0.3838, val/MSE: 0.6562, val/RMSE: 0.8101, val/MAPE: 2.2868, val/WAPE: 0.4993]
2026-03-11 17:27:31,355 - BasicTS-training - INFO - Result <test>: [test/time: 267.04 (s), test/loss: 0.4269, test/MAE: 0.4269, test/MSE: 0.8433, test/RMSE: 0.9183, test/MAPE: 2.4572, test/WAPE: 0.5249]
2026-03-11 17:27:33,897 - BasicTS-training - INFO - Checkpoint /mnt/users/rwl/MATS/results/main/MATS-Full-Traffic-192/fa72867542a48ef11ee4353e5c51d7e6/MATSArch_007.pt saved
2026-03-11 17:27:33,897 - BasicTS-training - INFO - The estimated training finish time is 2026-03-13 06:10:58
2026-03-11 17:27:33,897 - BasicTS-training - INFO - Epoch 8 / 100
2026-03-11 17:44:23,887 - BasicTS-training - INFO - Result <train>: [train/time: 1009.99 (s), train/lr: 4.94e-04, train/loss: 0.3519, train/MAE: 0.3519, train/MSE: 0.4555, train/RMSE: 0.6749, train/MAPE: 2.1792, train/WAPE: 0.4865]
2026-03-11 17:44:24,737 - BasicTS-training - INFO - Start validation.
2026-03-11 17:46:26,306 - BasicTS-training - INFO - Result <val>: [val/time: 121.57 (s), val/loss: 0.3827, val/MAE: 0.3827, val/MSE: 0.6571, val/RMSE: 0.8106, val/MAPE: 2.2361, val/WAPE: 0.4979]
2026-03-11 17:46:30,089 - BasicTS-training - INFO - Checkpoint /mnt/users/rwl/MATS/results/main/MATS-Full-Traffic-192/fa72867542a48ef11ee4353e5c51d7e6/MATSArch_best_val_MAE.pt saved
2026-03-11 17:50:57,791 - BasicTS-training - INFO - Result <test>: [test/time: 267.70 (s), test/loss: 0.4253, test/MAE: 0.4253, test/MSE: 0.8413, test/RMSE: 0.9172, test/MAPE: 2.3945, test/WAPE: 0.5231]
2026-03-11 17:51:01,353 - BasicTS-training - INFO - Checkpoint /mnt/users/rwl/MATS/results/main/MATS-Full-Traffic-192/fa72867542a48ef11ee4353e5c51d7e6/MATSArch_008.pt saved
2026-03-11 17:51:01,353 - BasicTS-training - INFO - The estimated training finish time is 2026-03-13 06:08:02
2026-03-11 17:51:01,353 - BasicTS-training - INFO - Epoch 9 / 100
2026-03-11 18:07:59,829 - BasicTS-training - INFO - Result <train>: [train/time: 1018.48 (s), train/lr: 4.92e-04, train/loss: 0.3507, train/MAE: 0.3507, train/MSE: 0.4544, train/RMSE: 0.6741, train/MAPE: 2.1549, train/WAPE: 0.4851]
2026-03-11 18:08:02,916 - BasicTS-training - INFO - Start validation.
2026-03-11 18:10:06,615 - BasicTS-training - INFO - Result <val>: [val/time: 123.70 (s), val/loss: 0.3793, val/MAE: 0.3793, val/MSE: 0.6475, val/RMSE: 0.8047, val/MAPE: 2.2574, val/WAPE: 0.4938]
2026-03-11 18:10:08,879 - BasicTS-training - INFO - Checkpoint /mnt/users/rwl/MATS/results/main/MATS-Full-Traffic-192/fa72867542a48ef11ee4353e5c51d7e6/MATSArch_best_val_MAE.pt saved
2026-03-11 18:14:38,955 - BasicTS-training - INFO - Result <test>: [test/time: 270.07 (s), test/loss: 0.4240, test/MAE: 0.4240, test/MSE: 0.8315, test/RMSE: 0.9119, test/MAPE: 2.4315, test/WAPE: 0.5220]
2026-03-11 18:14:41,590 - BasicTS-training - INFO - Checkpoint /mnt/users/rwl/MATS/results/main/MATS-Full-Traffic-192/fa72867542a48ef11ee4353e5c51d7e6/MATSArch_009.pt saved
2026-03-11 18:14:41,591 - BasicTS-training - INFO - The estimated training finish time is 2026-03-13 06:08:06
2026-03-11 18:14:41,591 - BasicTS-training - INFO - Epoch 10 / 100
2026-03-11 18:31:37,881 - BasicTS-training - INFO - Result <train>: [train/time: 1016.29 (s), train/lr: 4.90e-04, train/loss: 0.3458, train/MAE: 0.3458, train/MSE: 0.4330, train/RMSE: 0.6580, train/MAPE: 2.2021, train/WAPE: 0.4796]
2026-03-11 18:31:39,484 - BasicTS-training - INFO - Start validation.
2026-03-11 18:33:40,727 - BasicTS-training - INFO - Result <val>: [val/time: 121.24 (s), val/loss: 0.3752, val/MAE: 0.3752, val/MSE: 0.6139, val/RMSE: 0.7835, val/MAPE: 2.2901, val/WAPE: 0.4897]
2026-03-11 18:33:43,930 - BasicTS-training - INFO - Checkpoint /mnt/users/rwl/MATS/results/main/MATS-Full-Traffic-192/fa72867542a48ef11ee4353e5c51d7e6/MATSArch_best_val_MAE.pt saved
2026-03-11 18:38:11,287 - BasicTS-training - INFO - Result <test>: [test/time: 267.36 (s), test/loss: 0.4202, test/MAE: 0.4202, test/MSE: 0.8005, test/RMSE: 0.8947, test/MAPE: 2.4985, test/WAPE: 0.5189]
2026-03-11 18:38:14,726 - BasicTS-training - INFO - Checkpoint /mnt/users/rwl/MATS/results/main/MATS-Full-Traffic-192/fa72867542a48ef11ee4353e5c51d7e6/MATSArch_010.pt saved
2026-03-11 18:38:15,690 - BasicTS-training - INFO - The estimated training finish time is 2026-03-13 06:07:08
2026-03-11 18:38:15,690 - BasicTS-training - INFO - Epoch 11 / 100
2026-03-11 18:54:59,904 - BasicTS-training - INFO - Result <train>: [train/time: 1004.21 (s), train/lr: 4.88e-04, train/loss: 0.3412, train/MAE: 0.3412, train/MSE: 0.4096, train/RMSE: 0.6400, train/MAPE: 2.2633, train/WAPE: 0.4741]
2026-03-11 18:55:00,731 - BasicTS-training - INFO - Start validation.
2026-03-11 18:57:01,406 - BasicTS-training - INFO - Result <val>: [val/time: 120.67 (s), val/loss: 0.3730, val/MAE: 0.3730, val/MSE: 0.6042, val/RMSE: 0.7773, val/MAPE: 2.3483, val/WAPE: 0.4866]
2026-03-11 18:57:03,846 - BasicTS-training - INFO - Checkpoint /mnt/users/rwl/MATS/results/main/MATS-Full-Traffic-192/fa72867542a48ef11ee4353e5c51d7e6/MATSArch_best_val_MAE.pt saved
2026-03-11 19:01:28,440 - BasicTS-training - INFO - Result <test>: [test/time: 264.59 (s), test/loss: 0.4190, test/MAE: 0.4190, test/MSE: 0.7891, test/RMSE: 0.8883, test/MAPE: 2.5721, test/WAPE: 0.5175]
2026-03-11 19:01:30,587 - BasicTS-training - INFO - Checkpoint /mnt/users/rwl/MATS/results/main/MATS-Full-Traffic-192/fa72867542a48ef11ee4353e5c51d7e6/MATSArch_011.pt saved
2026-03-11 19:01:30,587 - BasicTS-training - INFO - The estimated training finish time is 2026-03-13 06:03:27
2026-03-11 19:01:30,587 - BasicTS-training - INFO - Epoch 12 / 100
2026-03-11 19:18:23,329 - BasicTS-training - INFO - Result <train>: [train/time: 1012.74 (s), train/lr: 4.85e-04, train/loss: 0.3391, train/MAE: 0.3391, train/MSE: 0.4050, train/RMSE: 0.6364, train/MAPE: 2.2619, train/WAPE: 0.4713]
2026-03-11 19:18:25,512 - BasicTS-training - INFO - Start validation.
2026-03-11 19:20:29,261 - BasicTS-training - INFO - Result <val>: [val/time: 123.75 (s), val/loss: 0.3702, val/MAE: 0.3702, val/MSE: 0.5965, val/RMSE: 0.7723, val/MAPE: 2.3290, val/WAPE: 0.4832]
2026-03-11 19:20:30,781 - BasicTS-training - INFO - Checkpoint /mnt/users/rwl/MATS/results/main/MATS-Full-Traffic-192/fa72867542a48ef11ee4353e5c51d7e6/MATSArch_best_val_MAE.pt saved
2026-03-11 19:25:06,845 - BasicTS-training - INFO - Result <test>: [test/time: 276.06 (s), test/loss: 0.4168, test/MAE: 0.4168, test/MSE: 0.7782, test/RMSE: 0.8822, test/MAPE: 2.5639, test/WAPE: 0.5150]
2026-03-11 19:25:10,907 - BasicTS-training - INFO - Checkpoint /mnt/users/rwl/MATS/results/main/MATS-Full-Traffic-192/fa72867542a48ef11ee4353e5c51d7e6/MATSArch_012.pt saved
2026-03-11 19:25:10,908 - BasicTS-training - INFO - The estimated training finish time is 2026-03-13 06:03:54
2026-03-11 19:25:10,908 - BasicTS-training - INFO - Epoch 13 / 100
2026-03-11 19:42:41,043 - BasicTS-training - INFO - Result <train>: [train/time: 1050.14 (s), train/lr: 4.82e-04, train/loss: 0.3381, train/MAE: 0.3381, train/MSE: 0.4035, train/RMSE: 0.6352, train/MAPE: 2.2577, train/WAPE: 0.4700]
2026-03-11 19:42:42,847 - BasicTS-training - INFO - Start validation.
2026-03-11 19:44:47,642 - BasicTS-training - INFO - Result <val>: [val/time: 124.79 (s), val/loss: 0.3682, val/MAE: 0.3682, val/MSE: 0.5942, val/RMSE: 0.7708, val/MAPE: 2.2850, val/WAPE: 0.4807]
2026-03-11 19:44:51,392 - BasicTS-training - INFO - Checkpoint /mnt/users/rwl/MATS/results/main/MATS-Full-Traffic-192/fa72867542a48ef11ee4353e5c51d7e6/MATSArch_best_val_MAE.pt saved
2026-03-11 19:49:28,763 - BasicTS-training - INFO - Result <test>: [test/time: 277.37 (s), test/loss: 0.4136, test/MAE: 0.4136, test/MSE: 0.7770, test/RMSE: 0.8815, test/MAPE: 2.5000, test/WAPE: 0.5110]
2026-03-11 19:49:32,649 - BasicTS-training - INFO - Checkpoint /mnt/users/rwl/MATS/results/main/MATS-Full-Traffic-192/fa72867542a48ef11ee4353e5c51d7e6/MATSArch_013.pt saved
2026-03-11 19:49:32,650 - BasicTS-training - INFO - The estimated training finish time is 2026-03-13 06:09:35
2026-03-11 19:49:32,650 - BasicTS-training - INFO - Epoch 14 / 100
2026-03-11 20:06:59,090 - BasicTS-training - INFO - Result <train>: [train/time: 1046.44 (s), train/lr: 4.79e-04, train/loss: 0.3375, train/MAE: 0.3375, train/MSE: 0.4020, train/RMSE: 0.6341, train/MAPE: 2.2545, train/WAPE: 0.4690]
2026-03-11 20:07:01,610 - BasicTS-training - INFO - Start validation.
2026-03-11 20:09:08,234 - BasicTS-training - INFO - Result <val>: [val/time: 126.62 (s), val/loss: 0.3674, val/MAE: 0.3674, val/MSE: 0.5886, val/RMSE: 0.7672, val/MAPE: 2.2555, val/WAPE: 0.4796]
2026-03-11 20:09:11,207 - BasicTS-training - INFO - Checkpoint /mnt/users/rwl/MATS/results/main/MATS-Full-Traffic-192/fa72867542a48ef11ee4353e5c51d7e6/MATSArch_best_val_MAE.pt saved
2026-03-11 20:13:44,391 - BasicTS-training - INFO - Result <test>: [test/time: 273.18 (s), test/loss: 0.4122, test/MAE: 0.4122, test/MSE: 0.7630, test/RMSE: 0.8735, test/MAPE: 2.4719, test/WAPE: 0.5097]
2026-03-11 20:13:48,334 - BasicTS-training - INFO - Checkpoint /mnt/users/rwl/MATS/results/main/MATS-Full-Traffic-192/fa72867542a48ef11ee4353e5c51d7e6/MATSArch_014.pt saved
2026-03-11 20:13:48,335 - BasicTS-training - INFO - The estimated training finish time is 2026-03-13 06:13:44
2026-03-11 20:13:48,335 - BasicTS-training - INFO - Epoch 15 / 100
2026-03-11 20:31:28,112 - BasicTS-training - INFO - Result <train>: [train/time: 1059.78 (s), train/lr: 4.76e-04, train/loss: 0.3365, train/MAE: 0.3365, train/MSE: 0.4005, train/RMSE: 0.6329, train/MAPE: 2.2509, train/WAPE: 0.4675]
2026-03-11 20:31:29,267 - BasicTS-training - INFO - Start validation.
2026-03-11 20:33:38,464 - BasicTS-training - INFO - Result <val>: [val/time: 129.20 (s), val/loss: 0.3667, val/MAE: 0.3667, val/MSE: 0.5942, val/RMSE: 0.7708, val/MAPE: 2.3147, val/WAPE: 0.4781]
2026-03-11 20:33:40,154 - BasicTS-training - INFO - Checkpoint /mnt/users/rwl/MATS/results/main/MATS-Full-Traffic-192/fa72867542a48ef11ee4353e5c51d7e6/MATSArch_best_val_MAE.pt saved
2026-03-11 20:38:19,206 - BasicTS-training - INFO - Result <test>: [test/time: 279.05 (s), test/loss: 0.4137, test/MAE: 0.4137, test/MSE: 0.7772, test/RMSE: 0.8816, test/MAPE: 2.5538, test/WAPE: 0.5108]
2026-03-11 20:38:22,288 - BasicTS-training - INFO - Checkpoint /mnt/users/rwl/MATS/results/main/MATS-Full-Traffic-192/fa72867542a48ef11ee4353e5c51d7e6/MATSArch_015.pt saved
2026-03-11 20:38:22,289 - BasicTS-training - INFO - The estimated training finish time is 2026-03-13 06:19:22
2026-03-11 20:38:22,289 - BasicTS-training - INFO - Epoch 16 / 100
2026-03-11 20:56:01,079 - BasicTS-training - INFO - Result <train>: [train/time: 1058.79 (s), train/lr: 4.73e-04, train/loss: 0.3361, train/MAE: 0.3361, train/MSE: 0.4000, train/RMSE: 0.6324, train/MAPE: 2.2482, train/WAPE: 0.4670]
2026-03-11 20:56:02,763 - BasicTS-training - INFO - Start validation.
2026-03-11 20:58:08,488 - BasicTS-training - INFO - Result <val>: [val/time: 125.72 (s), val/loss: 0.3694, val/MAE: 0.3694, val/MSE: 0.5982, val/RMSE: 0.7734, val/MAPE: 2.4141, val/WAPE: 0.4816]
2026-03-11 21:02:45,339 - BasicTS-training - INFO - Result <test>: [test/time: 276.13 (s), test/loss: 0.4175, test/MAE: 0.4175, test/MSE: 0.7873, test/RMSE: 0.8873, test/MAPE: 2.6751, test/WAPE: 0.5156]
2026-03-11 21:02:48,314 - BasicTS-training - INFO - Checkpoint /mnt/users/rwl/MATS/results/main/MATS-Full-Traffic-192/fa72867542a48ef11ee4353e5c51d7e6/MATSArch_016.pt saved
2026-03-11 21:02:48,315 - BasicTS-training - INFO - The estimated training finish time is 2026-03-13 06:23:28
2026-03-11 21:02:48,315 - BasicTS-training - INFO - Epoch 17 / 100
2026-03-11 21:20:13,852 - BasicTS-training - INFO - Result <train>: [train/time: 1045.54 (s), train/lr: 4.69e-04, train/loss: 0.3359, train/MAE: 0.3359, train/MSE: 0.3995, train/RMSE: 0.6320, train/MAPE: 2.2481, train/WAPE: 0.4667]
2026-03-11 21:20:15,440 - BasicTS-training - INFO - Start validation.
2026-03-11 21:22:22,929 - BasicTS-training - INFO - Result <val>: [val/time: 127.49 (s), val/loss: 0.3687, val/MAE: 0.3687, val/MSE: 0.6022, val/RMSE: 0.7760, val/MAPE: 2.3775, val/WAPE: 0.4804]
2026-03-11 21:27:01,723 - BasicTS-training - INFO - Result <test>: [test/time: 276.44 (s), test/loss: 0.4164, test/MAE: 0.4164, test/MSE: 0.7965, test/RMSE: 0.8925, test/MAPE: 2.6442, test/WAPE: 0.5133]
2026-03-11 21:27:05,680 - BasicTS-training - INFO - Checkpoint /mnt/users/rwl/MATS/results/main/MATS-Full-Traffic-192/fa72867542a48ef11ee4353e5c51d7e6/MATSArch_017.pt saved
2026-03-11 21:27:05,681 - BasicTS-training - INFO - The estimated training finish time is 2026-03-13 06:26:15
2026-03-11 21:27:05,681 - BasicTS-training - INFO - Epoch 18 / 100
2026-03-11 21:44:30,801 - BasicTS-training - INFO - Result <train>: [train/time: 1045.12 (s), train/lr: 4.65e-04, train/loss: 0.3356, train/MAE: 0.3356, train/MSE: 0.3992, train/RMSE: 0.6318, train/MAPE: 2.2476, train/WAPE: 0.4663]
2026-03-11 21:44:32,772 - BasicTS-training - INFO - Start validation.
2026-03-11 21:46:38,154 - BasicTS-training - INFO - Result <val>: [val/time: 125.38 (s), val/loss: 0.3673, val/MAE: 0.3673, val/MSE: 0.5910, val/RMSE: 0.7688, val/MAPE: 2.2491, val/WAPE: 0.4790]
2026-03-11 21:51:15,918 - BasicTS-training - INFO - Result <test>: [test/time: 276.73 (s), test/loss: 0.4139, test/MAE: 0.4139, test/MSE: 0.7733, test/RMSE: 0.8794, test/MAPE: 2.4932, test/WAPE: 0.5110]
2026-03-11 21:51:18,197 - BasicTS-training - INFO - Checkpoint /mnt/users/rwl/MATS/results/main/MATS-Full-Traffic-192/fa72867542a48ef11ee4353e5c51d7e6/MATSArch_018.pt saved
2026-03-11 21:51:18,198 - BasicTS-training - INFO - The estimated training finish time is 2026-03-13 06:28:15
2026-03-11 21:51:18,198 - BasicTS-training - INFO - Epoch 19 / 100
2026-03-11 22:09:10,584 - BasicTS-training - INFO - Result <train>: [train/time: 1072.39 (s), train/lr: 4.61e-04, train/loss: 0.3356, train/MAE: 0.3356, train/MSE: 0.3991, train/RMSE: 0.6317, train/MAPE: 2.2466, train/WAPE: 0.4663]
2026-03-11 22:09:11,267 - BasicTS-training - INFO - Start validation.
2026-03-11 22:11:17,379 - BasicTS-training - INFO - Result <val>: [val/time: 126.11 (s), val/loss: 0.3655, val/MAE: 0.3655, val/MSE: 0.5969, val/RMSE: 0.7726, val/MAPE: 2.2999, val/WAPE: 0.4760]
2026-03-11 22:11:19,934 - BasicTS-training - INFO - Checkpoint /mnt/users/rwl/MATS/results/main/MATS-Full-Traffic-192/fa72867542a48ef11ee4353e5c51d7e6/MATSArch_best_val_MAE.pt saved
2026-03-11 22:15:57,184 - BasicTS-training - INFO - Result <test>: [test/time: 277.25 (s), test/loss: 0.4122, test/MAE: 0.4122, test/MSE: 0.7852, test/RMSE: 0.8861, test/MAPE: 2.5368, test/WAPE: 0.5084]
2026-03-11 22:15:59,464 - BasicTS-training - INFO - Checkpoint /mnt/users/rwl/MATS/results/main/MATS-Full-Traffic-192/fa72867542a48ef11ee4353e5c51d7e6/MATSArch_019.pt saved
2026-03-11 22:15:59,465 - BasicTS-training - INFO - The estimated training finish time is 2026-03-13 06:32:35
2026-03-11 22:15:59,465 - BasicTS-training - INFO - Epoch 20 / 100
2026-03-11 22:33:24,261 - BasicTS-training - INFO - Result <train>: [train/time: 1044.80 (s), train/lr: 4.57e-04, train/loss: 0.3352, train/MAE: 0.3352, train/MSE: 0.3987, train/RMSE: 0.6314, train/MAPE: 2.2442, train/WAPE: 0.4658]
2026-03-11 22:33:25,756 - BasicTS-training - INFO - Start validation.
2026-03-11 22:35:31,461 - BasicTS-training - INFO - Result <val>: [val/time: 125.70 (s), val/loss: 0.3661, val/MAE: 0.3661, val/MSE: 0.5869, val/RMSE: 0.7661, val/MAPE: 2.2624, val/WAPE: 0.4775]
2026-03-11 22:40:09,197 - BasicTS-training - INFO - Result <test>: [test/time: 276.49 (s), test/loss: 0.4128, test/MAE: 0.4128, test/MSE: 0.7664, test/RMSE: 0.8754, test/MAPE: 2.4967, test/WAPE: 0.5100]
2026-03-11 22:40:11,133 - BasicTS-training - INFO - Checkpoint /mnt/users/rwl/MATS/results/main/MATS-Full-Traffic-192/fa72867542a48ef11ee4353e5c51d7e6/MATSArch_020.pt saved
2026-03-11 22:40:12,157 - BasicTS-training - INFO - The estimated training finish time is 2026-03-13 06:34:06
2026-03-11 22:40:12,157 - BasicTS-training - INFO - Epoch 21 / 100
2026-03-11 22:57:30,145 - BasicTS-training - INFO - Result <train>: [train/time: 1037.99 (s), train/lr: 4.52e-04, train/loss: 0.3353, train/MAE: 0.3353, train/MSE: 0.3986, train/RMSE: 0.6314, train/MAPE: 2.2454, train/WAPE: 0.4658]
2026-03-11 22:57:30,842 - BasicTS-training - INFO - Start validation.
2026-03-11 22:59:35,834 - BasicTS-training - INFO - Result <val>: [val/time: 124.99 (s), val/loss: 0.3651, val/MAE: 0.3651, val/MSE: 0.5883, val/RMSE: 0.7670, val/MAPE: 2.2578, val/WAPE: 0.4760]
2026-03-11 22:59:38,162 - BasicTS-training - INFO - Checkpoint /mnt/users/rwl/MATS/results/main/MATS-Full-Traffic-192/fa72867542a48ef11ee4353e5c51d7e6/MATSArch_best_val_MAE.pt saved
2026-03-11 23:04:14,962 - BasicTS-training - INFO - Result <test>: [test/time: 276.80 (s), test/loss: 0.4112, test/MAE: 0.4112, test/MSE: 0.7628, test/RMSE: 0.8734, test/MAPE: 2.4913, test/WAPE: 0.5081]
2026-03-11 23:04:16,035 - BasicTS-training - INFO - Checkpoint /mnt/users/rwl/MATS/results/main/MATS-Full-Traffic-192/fa72867542a48ef11ee4353e5c51d7e6/MATSArch_021.pt saved
2026-03-11 23:04:16,036 - BasicTS-training - INFO - The estimated training finish time is 2026-03-13 06:34:46
2026-03-11 23:04:16,036 - BasicTS-training - INFO - Epoch 22 / 100
2026-03-11 23:21:01,787 - BasicTS-training - INFO - Result <train>: [train/time: 1005.75 (s), train/lr: 4.48e-04, train/loss: 0.3351, train/MAE: 0.3351, train/MSE: 0.3984, train/RMSE: 0.6312, train/MAPE: 2.2447, train/WAPE: 0.4656]
2026-03-11 23:21:02,894 - BasicTS-training - INFO - Start validation.
2026-03-11 23:23:04,485 - BasicTS-training - INFO - Result <val>: [val/time: 121.59 (s), val/loss: 0.3680, val/MAE: 0.3680, val/MSE: 0.5938, val/RMSE: 0.7706, val/MAPE: 2.3148, val/WAPE: 0.4795]
2026-03-11 23:27:31,817 - BasicTS-training - INFO - Result <test>: [test/time: 265.14 (s), test/loss: 0.4143, test/MAE: 0.4143, test/MSE: 0.7770, test/RMSE: 0.8815, test/MAPE: 2.5736, test/WAPE: 0.5114]
2026-03-11 23:27:35,209 - BasicTS-training - INFO - Checkpoint /mnt/users/rwl/MATS/results/main/MATS-Full-Traffic-192/fa72867542a48ef11ee4353e5c51d7e6/MATSArch_022.pt saved
2026-03-11 23:27:35,210 - BasicTS-training - INFO - The estimated training finish time is 2026-03-13 06:31:59
2026-03-11 23:27:35,210 - BasicTS-training - INFO - Epoch 23 / 100
2026-03-11 23:44:20,441 - BasicTS-training - INFO - Result <train>: [train/time: 1005.23 (s), train/lr: 4.43e-04, train/loss: 0.3350, train/MAE: 0.3350, train/MSE: 0.3982, train/RMSE: 0.6311, train/MAPE: 2.2434, train/WAPE: 0.4654]
2026-03-11 23:44:22,633 - BasicTS-training - INFO - Start validation.
2026-03-11 23:46:24,837 - BasicTS-training - INFO - Result <val>: [val/time: 122.20 (s), val/loss: 0.3651, val/MAE: 0.3651, val/MSE: 0.5909, val/RMSE: 0.7687, val/MAPE: 2.3085, val/WAPE: 0.4760]
2026-03-11 23:50:53,903 - BasicTS-training - INFO - Result <test>: [test/time: 267.42 (s), test/loss: 0.4107, test/MAE: 0.4107, test/MSE: 0.7690, test/RMSE: 0.8769, test/MAPE: 2.5407, test/WAPE: 0.5075]
2026-03-11 23:50:56,115 - BasicTS-training - INFO - Checkpoint /mnt/users/rwl/MATS/results/main/MATS-Full-Traffic-192/fa72867542a48ef11ee4353e5c51d7e6/MATSArch_023.pt saved
2026-03-11 23:50:56,116 - BasicTS-training - INFO - The estimated training finish time is 2026-03-13 06:29:34
2026-03-11 23:50:56,116 - BasicTS-training - INFO - Epoch 24 / 100
2026-03-12 00:07:51,285 - BasicTS-training - INFO - Result <train>: [train/time: 1015.17 (s), train/lr: 4.38e-04, train/loss: 0.3347, train/MAE: 0.3347, train/MSE: 0.3975, train/RMSE: 0.6305, train/MAPE: 2.2436, train/WAPE: 0.4650]
2026-03-12 00:07:52,327 - BasicTS-training - INFO - Start validation.
2026-03-12 00:09:53,994 - BasicTS-training - INFO - Result <val>: [val/time: 121.67 (s), val/loss: 0.3648, val/MAE: 0.3648, val/MSE: 0.5845, val/RMSE: 0.7645, val/MAPE: 2.2918, val/WAPE: 0.4759]
2026-03-12 00:09:56,641 - BasicTS-training - INFO - Checkpoint /mnt/users/rwl/MATS/results/main/MATS-Full-Traffic-192/fa72867542a48ef11ee4353e5c51d7e6/MATSArch_best_val_MAE.pt saved
2026-03-12 00:14:23,692 - BasicTS-training - INFO - Result <test>: [test/time: 267.05 (s), test/loss: 0.4111, test/MAE: 0.4111, test/MSE: 0.7580, test/RMSE: 0.8707, test/MAPE: 2.5245, test/WAPE: 0.5086]
2026-03-12 00:14:26,246 - BasicTS-training - INFO - Checkpoint /mnt/users/rwl/MATS/results/main/MATS-Full-Traffic-192/fa72867542a48ef11ee4353e5c51d7e6/MATSArch_024.pt saved
2026-03-12 00:14:26,246 - BasicTS-training - INFO - The estimated training finish time is 2026-03-13 06:28:00
2026-03-12 00:14:26,246 - BasicTS-training - INFO - Epoch 25 / 100
2026-03-12 00:31:21,484 - BasicTS-training - INFO - Result <train>: [train/time: 1015.24 (s), train/lr: 4.32e-04, train/loss: 0.3346, train/MAE: 0.3346, train/MSE: 0.3974, train/RMSE: 0.6304, train/MAPE: 2.2429, train/WAPE: 0.4649]
2026-03-12 00:31:23,136 - BasicTS-training - INFO - Start validation.
2026-03-12 00:33:25,032 - BasicTS-training - INFO - Result <val>: [val/time: 121.89 (s), val/loss: 0.3654, val/MAE: 0.3654, val/MSE: 0.5878, val/RMSE: 0.7667, val/MAPE: 2.2804, val/WAPE: 0.4764]
2026-03-12 00:37:53,870 - BasicTS-training - INFO - Result <test>: [test/time: 267.34 (s), test/loss: 0.4113, test/MAE: 0.4113, test/MSE: 0.7675, test/RMSE: 0.8761, test/MAPE: 2.5136, test/WAPE: 0.5079]
2026-03-12 00:37:56,902 - BasicTS-training - INFO - Checkpoint /mnt/users/rwl/MATS/results/main/MATS-Full-Traffic-192/fa72867542a48ef11ee4353e5c51d7e6/MATSArch_025.pt saved
2026-03-12 00:37:56,902 - BasicTS-training - INFO - The estimated training finish time is 2026-03-13 06:26:35
2026-03-12 00:37:56,902 - BasicTS-training - INFO - Epoch 26 / 100
2026-03-12 00:54:57,490 - BasicTS-training - INFO - Result <train>: [train/time: 1020.59 (s), train/lr: 4.27e-04, train/loss: 0.3345, train/MAE: 0.3345, train/MSE: 0.3973, train/RMSE: 0.6303, train/MAPE: 2.2424, train/WAPE: 0.4647]
2026-03-12 00:54:59,560 - BasicTS-training - INFO - Start validation.
2026-03-12 00:57:01,809 - BasicTS-training - INFO - Result <val>: [val/time: 122.25 (s), val/loss: 0.3665, val/MAE: 0.3665, val/MSE: 0.5955, val/RMSE: 0.7717, val/MAPE: 2.3009, val/WAPE: 0.4772]
2026-03-12 01:01:32,307 - BasicTS-training - INFO - Result <test>: [test/time: 268.37 (s), test/loss: 0.4114, test/MAE: 0.4114, test/MSE: 0.7747, test/RMSE: 0.8802, test/MAPE: 2.5293, test/WAPE: 0.5077]
2026-03-12 01:01:34,944 - BasicTS-training - INFO - Checkpoint /mnt/users/rwl/MATS/results/main/MATS-Full-Traffic-192/fa72867542a48ef11ee4353e5c51d7e6/MATSArch_026.pt saved
2026-03-12 01:01:34,944 - BasicTS-training - INFO - The estimated training finish time is 2026-03-13 06:25:45
2026-03-12 01:01:34,944 - BasicTS-training - INFO - Epoch 27 / 100
2026-03-12 01:18:36,506 - BasicTS-training - INFO - Result <train>: [train/time: 1021.56 (s), train/lr: 4.21e-04, train/loss: 0.3343, train/MAE: 0.3343, train/MSE: 0.3970, train/RMSE: 0.6301, train/MAPE: 2.2415, train/WAPE: 0.4644]
2026-03-12 01:18:37,587 - BasicTS-training - INFO - Start validation.
2026-03-12 01:20:41,553 - BasicTS-training - INFO - Result <val>: [val/time: 123.97 (s), val/loss: 0.3655, val/MAE: 0.3655, val/MSE: 0.5872, val/RMSE: 0.7663, val/MAPE: 2.2854, val/WAPE: 0.4763]
2026-03-12 01:25:13,116 - BasicTS-training - INFO - Result <test>: [test/time: 269.91 (s), test/loss: 0.4113, test/MAE: 0.4113, test/MSE: 0.7633, test/RMSE: 0.8737, test/MAPE: 2.5384, test/WAPE: 0.5085]
2026-03-12 01:25:16,218 - BasicTS-training - INFO - Checkpoint /mnt/users/rwl/MATS/results/main/MATS-Full-Traffic-192/fa72867542a48ef11ee4353e5c51d7e6/MATSArch_027.pt saved
2026-03-12 01:25:16,219 - BasicTS-training - INFO - The estimated training finish time is 2026-03-13 06:25:11
2026-03-12 01:25:16,219 - BasicTS-training - INFO - Epoch 28 / 100
2026-03-12 01:42:19,205 - BasicTS-training - INFO - Result <train>: [train/time: 1022.99 (s), train/lr: 4.15e-04, train/loss: 0.3343, train/MAE: 0.3343, train/MSE: 0.3970, train/RMSE: 0.6301, train/MAPE: 2.2421, train/WAPE: 0.4644]
2026-03-12 01:42:21,225 - BasicTS-training - INFO - Start validation.
2026-03-12 01:44:22,822 - BasicTS-training - INFO - Result <val>: [val/time: 121.58 (s), val/loss: 0.3662, val/MAE: 0.3662, val/MSE: 0.5980, val/RMSE: 0.7733, val/MAPE: 2.2659, val/WAPE: 0.4764]
2026-03-12 01:48:52,257 - BasicTS-training - INFO - Result <test>: [test/time: 268.00 (s), test/loss: 0.4134, test/MAE: 0.4134, test/MSE: 0.7847, test/RMSE: 0.8858, test/MAPE: 2.5148, test/WAPE: 0.5095]
2026-03-12 01:48:55,005 - BasicTS-training - INFO - Checkpoint /mnt/users/rwl/MATS/results/main/MATS-Full-Traffic-192/fa72867542a48ef11ee4353e5c51d7e6/MATSArch_028.pt saved
2026-03-12 01:48:55,005 - BasicTS-training - INFO - The estimated training finish time is 2026-03-13 06:24:31
2026-03-12 01:48:55,005 - BasicTS-training - INFO - Epoch 29 / 100
2026-03-12 02:05:53,154 - BasicTS-training - INFO - Result <train>: [train/time: 1018.15 (s), train/lr: 4.09e-04, train/loss: 0.3343, train/MAE: 0.3343, train/MSE: 0.3971, train/RMSE: 0.6302, train/MAPE: 2.2411, train/WAPE: 0.4644]
2026-03-12 02:05:55,277 - BasicTS-training - INFO - Start validation.
2026-03-12 02:07:58,030 - BasicTS-training - INFO - Result <val>: [val/time: 122.75 (s), val/loss: 0.3638, val/MAE: 0.3638, val/MSE: 0.5901, val/RMSE: 0.7682, val/MAPE: 2.2638, val/WAPE: 0.4741]
2026-03-12 02:08:00,718 - BasicTS-training - INFO - Checkpoint /mnt/users/rwl/MATS/results/main/MATS-Full-Traffic-192/fa72867542a48ef11ee4353e5c51d7e6/MATSArch_best_val_MAE.pt saved
2026-03-12 02:12:29,721 - BasicTS-training - INFO - Result <test>: [test/time: 269.00 (s), test/loss: 0.4116, test/MAE: 0.4116, test/MSE: 0.7737, test/RMSE: 0.8796, test/MAPE: 2.5193, test/WAPE: 0.5080]
2026-03-12 02:12:32,577 - BasicTS-training - INFO - Checkpoint /mnt/users/rwl/MATS/results/main/MATS-Full-Traffic-192/fa72867542a48ef11ee4353e5c51d7e6/MATSArch_029.pt saved
2026-03-12 02:12:32,578 - BasicTS-training - INFO - The estimated training finish time is 2026-03-13 06:23:49
2026-03-12 02:12:32,578 - BasicTS-training - INFO - Epoch 30 / 100
2026-03-12 02:29:35,229 - BasicTS-training - INFO - Result <train>: [train/time: 1022.65 (s), train/lr: 4.03e-04, train/loss: 0.3340, train/MAE: 0.3340, train/MSE: 0.3967, train/RMSE: 0.6298, train/MAPE: 2.2387, train/WAPE: 0.4640]
2026-03-12 02:29:37,759 - BasicTS-training - INFO - Start validation.
2026-03-12 02:31:40,561 - BasicTS-training - INFO - Result <val>: [val/time: 122.80 (s), val/loss: 0.3652, val/MAE: 0.3652, val/MSE: 0.5900, val/RMSE: 0.7681, val/MAPE: 2.3143, val/WAPE: 0.4757]
2026-03-12 02:36:12,578 - BasicTS-training - INFO - Result <test>: [test/time: 270.47 (s), test/loss: 0.4132, test/MAE: 0.4132, test/MSE: 0.7766, test/RMSE: 0.8812, test/MAPE: 2.5997, test/WAPE: 0.5101]
2026-03-12 02:36:15,985 - BasicTS-training - INFO - Checkpoint /mnt/users/rwl/MATS/results/main/MATS-Full-Traffic-192/fa72867542a48ef11ee4353e5c51d7e6/MATSArch_030.pt saved
2026-03-12 02:36:17,194 - BasicTS-training - INFO - The estimated training finish time is 2026-03-13 06:23:33
2026-03-12 02:36:17,194 - BasicTS-training - INFO - Epoch 31 / 100
2026-03-12 02:53:13,614 - BasicTS-training - INFO - Result <train>: [train/time: 1016.42 (s), train/lr: 3.97e-04, train/loss: 0.3339, train/MAE: 0.3339, train/MSE: 0.3965, train/RMSE: 0.6297, train/MAPE: 2.2401, train/WAPE: 0.4639]
2026-03-12 02:53:15,856 - BasicTS-training - INFO - Start validation.
2026-03-12 02:55:16,790 - BasicTS-training - INFO - Result <val>: [val/time: 120.93 (s), val/loss: 0.3643, val/MAE: 0.3643, val/MSE: 0.5869, val/RMSE: 0.7661, val/MAPE: 2.2656, val/WAPE: 0.4747]
2026-03-12 02:59:43,531 - BasicTS-training - INFO - Result <test>: [test/time: 265.25 (s), test/loss: 0.4115, test/MAE: 0.4115, test/MSE: 0.7672, test/RMSE: 0.8759, test/MAPE: 2.5237, test/WAPE: 0.5084]
2026-03-12 02:59:46,547 - BasicTS-training - INFO - Checkpoint /mnt/users/rwl/MATS/results/main/MATS-Full-Traffic-192/fa72867542a48ef11ee4353e5c51d7e6/MATSArch_031.pt saved
2026-03-12 02:59:46,548 - BasicTS-training - INFO - The estimated training finish time is 2026-03-13 06:22:29
2026-03-12 02:59:46,548 - BasicTS-training - INFO - Epoch 32 / 100
2026-03-12 03:16:34,908 - BasicTS-training - INFO - Result <train>: [train/time: 1008.36 (s), train/lr: 3.91e-04, train/loss: 0.3339, train/MAE: 0.3339, train/MSE: 0.3966, train/RMSE: 0.6297, train/MAPE: 2.2390, train/WAPE: 0.4639]
2026-03-12 03:16:37,005 - BasicTS-training - INFO - Start validation.
2026-03-12 03:18:38,653 - BasicTS-training - INFO - Result <val>: [val/time: 121.65 (s), val/loss: 0.3662, val/MAE: 0.3662, val/MSE: 0.5928, val/RMSE: 0.7699, val/MAPE: 2.3108, val/WAPE: 0.4773]
2026-03-12 03:23:09,868 - BasicTS-training - INFO - Result <test>: [test/time: 269.14 (s), test/loss: 0.4121, test/MAE: 0.4121, test/MSE: 0.7725, test/RMSE: 0.8789, test/MAPE: 2.5360, test/WAPE: 0.5089]
2026-03-12 03:23:13,295 - BasicTS-training - INFO - Checkpoint /mnt/users/rwl/MATS/results/main/MATS-Full-Traffic-192/fa72867542a48ef11ee4353e5c51d7e6/MATSArch_032.pt saved
2026-03-12 03:23:13,296 - BasicTS-training - INFO - The estimated training finish time is 2026-03-13 06:21:21
2026-03-12 03:23:13,296 - BasicTS-training - INFO - Epoch 33 / 100
2026-03-12 03:40:05,495 - BasicTS-training - INFO - Result <train>: [train/time: 1012.20 (s), train/lr: 3.84e-04, train/loss: 0.3339, train/MAE: 0.3339, train/MSE: 0.3967, train/RMSE: 0.6298, train/MAPE: 2.2402, train/WAPE: 0.4639]
2026-03-12 03:40:09,135 - BasicTS-training - INFO - Start validation.
2026-03-12 03:42:09,817 - BasicTS-training - INFO - Result <val>: [val/time: 120.68 (s), val/loss: 0.3649, val/MAE: 0.3649, val/MSE: 0.5921, val/RMSE: 0.7695, val/MAPE: 2.2935, val/WAPE: 0.4754]
2026-03-12 03:46:36,870 - BasicTS-training - INFO - Result <test>: [test/time: 265.73 (s), test/loss: 0.4115, test/MAE: 0.4115, test/MSE: 0.7754, test/RMSE: 0.8806, test/MAPE: 2.5225, test/WAPE: 0.5075]
2026-03-12 03:46:39,699 - BasicTS-training - INFO - Checkpoint /mnt/users/rwl/MATS/results/main/MATS-Full-Traffic-192/fa72867542a48ef11ee4353e5c51d7e6/MATSArch_033.pt saved
2026-03-12 03:46:39,700 - BasicTS-training - INFO - The estimated training finish time is 2026-03-13 06:20:17
2026-03-12 03:46:39,700 - BasicTS-training - INFO - Epoch 34 / 100
2026-03-12 04:03:28,147 - BasicTS-training - INFO - Result <train>: [train/time: 1008.45 (s), train/lr: 3.77e-04, train/loss: 0.3336, train/MAE: 0.3336, train/MSE: 0.3962, train/RMSE: 0.6295, train/MAPE: 2.2385, train/WAPE: 0.4635]
2026-03-12 04:03:29,889 - BasicTS-training - INFO - Start validation.
2026-03-12 04:05:31,309 - BasicTS-training - INFO - Result <val>: [val/time: 121.42 (s), val/loss: 0.3649, val/MAE: 0.3649, val/MSE: 0.5869, val/RMSE: 0.7661, val/MAPE: 2.2659, val/WAPE: 0.4760]
2026-03-12 04:09:58,180 - BasicTS-training - INFO - Result <test>: [test/time: 265.34 (s), test/loss: 0.4099, test/MAE: 0.4099, test/MSE: 0.7650, test/RMSE: 0.8746, test/MAPE: 2.4970, test/WAPE: 0.5063]
2026-03-12 04:10:01,014 - BasicTS-training - INFO - Checkpoint /mnt/users/rwl/MATS/results/main/MATS-Full-Traffic-192/fa72867542a48ef11ee4353e5c51d7e6/MATSArch_034.pt saved
2026-03-12 04:10:01,014 - BasicTS-training - INFO - The estimated training finish time is 2026-03-13 06:19:00
2026-03-12 04:10:01,014 - BasicTS-training - INFO - Epoch 35 / 100
2026-03-12 04:26:48,106 - BasicTS-training - INFO - Result <train>: [train/time: 1007.09 (s), train/lr: 3.70e-04, train/loss: 0.3335, train/MAE: 0.3335, train/MSE: 0.3961, train/RMSE: 0.6294, train/MAPE: 2.2373, train/WAPE: 0.4634]
2026-03-12 04:26:50,787 - BasicTS-training - INFO - Start validation.
2026-03-12 04:28:52,299 - BasicTS-training - INFO - Result <val>: [val/time: 121.51 (s), val/loss: 0.3623, val/MAE: 0.3623, val/MSE: 0.5842, val/RMSE: 0.7643, val/MAPE: 2.2718, val/WAPE: 0.4724]
2026-03-12 04:28:55,342 - BasicTS-training - INFO - Checkpoint /mnt/users/rwl/MATS/results/main/MATS-Full-Traffic-192/fa72867542a48ef11ee4353e5c51d7e6/MATSArch_best_val_MAE.pt saved
2026-03-12 04:33:21,516 - BasicTS-training - INFO - Result <test>: [test/time: 266.17 (s), test/loss: 0.4094, test/MAE: 0.4094, test/MSE: 0.7638, test/RMSE: 0.8739, test/MAPE: 2.5103, test/WAPE: 0.5056]
2026-03-12 04:33:24,632 - BasicTS-training - INFO - Checkpoint /mnt/users/rwl/MATS/results/main/MATS-Full-Traffic-192/fa72867542a48ef11ee4353e5c51d7e6/MATSArch_035.pt saved
2026-03-12 04:33:24,632 - BasicTS-training - INFO - The estimated training finish time is 2026-03-13 06:17:55
2026-03-12 04:33:24,632 - BasicTS-training - INFO - Epoch 36 / 100
2026-03-12 04:50:11,372 - BasicTS-training - INFO - Result <train>: [train/time: 1006.74 (s), train/lr: 3.63e-04, train/loss: 0.3335, train/MAE: 0.3335, train/MSE: 0.3960, train/RMSE: 0.6293, train/MAPE: 2.2370, train/WAPE: 0.4633]
2026-03-12 04:50:13,557 - BasicTS-training - INFO - Start validation.
2026-03-12 04:52:15,579 - BasicTS-training - INFO - Result <val>: [val/time: 122.02 (s), val/loss: 0.3663, val/MAE: 0.3663, val/MSE: 0.5937, val/RMSE: 0.7705, val/MAPE: 2.3186, val/WAPE: 0.4770]
2026-03-12 04:56:42,355 - BasicTS-training - INFO - Result <test>: [test/time: 264.34 (s), test/loss: 0.4123, test/MAE: 0.4123, test/MSE: 0.7773, test/RMSE: 0.8817, test/MAPE: 2.5724, test/WAPE: 0.5088]
2026-03-12 04:56:46,735 - BasicTS-training - INFO - Checkpoint /mnt/users/rwl/MATS/results/main/MATS-Full-Traffic-192/fa72867542a48ef11ee4353e5c51d7e6/MATSArch_036.pt saved
2026-03-12 04:56:46,735 - BasicTS-training - INFO - The estimated training finish time is 2026-03-13 06:16:50
2026-03-12 04:56:46,736 - BasicTS-training - INFO - Epoch 37 / 100
2026-03-12 05:13:32,987 - BasicTS-training - INFO - Result <train>: [train/time: 1006.25 (s), train/lr: 3.56e-04, train/loss: 0.3334, train/MAE: 0.3334, train/MSE: 0.3961, train/RMSE: 0.6293, train/MAPE: 2.2374, train/WAPE: 0.4632]
2026-03-12 05:13:35,329 - BasicTS-training - INFO - Start validation.
2026-03-12 05:15:35,128 - BasicTS-training - INFO - Result <val>: [val/time: 119.80 (s), val/loss: 0.3636, val/MAE: 0.3636, val/MSE: 0.5853, val/RMSE: 0.7650, val/MAPE: 2.2851, val/WAPE: 0.4744]
2026-03-12 05:20:02,792 - BasicTS-training - INFO - Result <test>: [test/time: 265.75 (s), test/loss: 0.4102, test/MAE: 0.4102, test/MSE: 0.7644, test/RMSE: 0.8743, test/MAPE: 2.5234, test/WAPE: 0.5065]
2026-03-12 05:20:05,255 - BasicTS-training - INFO - Checkpoint /mnt/users/rwl/MATS/results/main/MATS-Full-Traffic-192/fa72867542a48ef11ee4353e5c51d7e6/MATSArch_037.pt saved
2026-03-12 05:20:05,256 - BasicTS-training - INFO - The estimated training finish time is 2026-03-13 06:15:38
2026-03-12 05:20:05,256 - BasicTS-training - INFO - Epoch 38 / 100
2026-03-12 05:36:51,084 - BasicTS-training - INFO - Result <train>: [train/time: 1005.83 (s), train/lr: 3.49e-04, train/loss: 0.3333, train/MAE: 0.3333, train/MSE: 0.3959, train/RMSE: 0.6292, train/MAPE: 2.2364, train/WAPE: 0.4631]
2026-03-12 05:36:53,964 - BasicTS-training - INFO - Start validation.
2026-03-12 05:38:53,800 - BasicTS-training - INFO - Result <val>: [val/time: 119.83 (s), val/loss: 0.3646, val/MAE: 0.3646, val/MSE: 0.5873, val/RMSE: 0.7664, val/MAPE: 2.3046, val/WAPE: 0.4754]
2026-03-12 05:43:20,782 - BasicTS-training - INFO - Result <test>: [test/time: 265.26 (s), test/loss: 0.4108, test/MAE: 0.4108, test/MSE: 0.7654, test/RMSE: 0.8748, test/MAPE: 2.5428, test/WAPE: 0.5077]
2026-03-12 05:43:23,794 - BasicTS-training - INFO - Checkpoint /mnt/users/rwl/MATS/results/main/MATS-Full-Traffic-192/fa72867542a48ef11ee4353e5c51d7e6/MATSArch_038.pt saved
2026-03-12 05:43:23,795 - BasicTS-training - INFO - The estimated training finish time is 2026-03-13 06:14:30
2026-03-12 05:43:23,795 - BasicTS-training - INFO - Epoch 39 / 100
2026-03-12 06:00:08,768 - BasicTS-training - INFO - Result <train>: [train/time: 1004.97 (s), train/lr: 3.42e-04, train/loss: 0.3332, train/MAE: 0.3332, train/MSE: 0.3957, train/RMSE: 0.6291, train/MAPE: 2.2357, train/WAPE: 0.4629]
2026-03-12 06:00:10,248 - BasicTS-training - INFO - Start validation.
2026-03-12 06:02:11,269 - BasicTS-training - INFO - Result <val>: [val/time: 121.02 (s), val/loss: 0.3632, val/MAE: 0.3632, val/MSE: 0.5889, val/RMSE: 0.7674, val/MAPE: 2.2754, val/WAPE: 0.4729]
2026-03-12 06:06:37,455 - BasicTS-training - INFO - Result <test>: [test/time: 264.01 (s), test/loss: 0.4096, test/MAE: 0.4096, test/MSE: 0.7682, test/RMSE: 0.8765, test/MAPE: 2.5229, test/WAPE: 0.5055]
2026-03-12 06:06:40,142 - BasicTS-training - INFO - Checkpoint /mnt/users/rwl/MATS/results/main/MATS-Full-Traffic-192/fa72867542a48ef11ee4353e5c51d7e6/MATSArch_039.pt saved
2026-03-12 06:06:40,143 - BasicTS-training - INFO - The estimated training finish time is 2026-03-13 06:13:20
2026-03-12 06:06:40,143 - BasicTS-training - INFO - Epoch 40 / 100
2026-03-12 06:23:26,745 - BasicTS-training - INFO - Result <train>: [train/time: 1006.60 (s), train/lr: 3.35e-04, train/loss: 0.3332, train/MAE: 0.3332, train/MSE: 0.3957, train/RMSE: 0.6290, train/MAPE: 2.2366, train/WAPE: 0.4630]
2026-03-12 06:23:29,904 - BasicTS-training - INFO - Start validation.
2026-03-12 06:25:30,260 - BasicTS-training - INFO - Result <val>: [val/time: 120.35 (s), val/loss: 0.3639, val/MAE: 0.3639, val/MSE: 0.5868, val/RMSE: 0.7660, val/MAPE: 2.2801, val/WAPE: 0.4741]
2026-03-12 06:29:56,956 - BasicTS-training - INFO - Result <test>: [test/time: 264.78 (s), test/loss: 0.4106, test/MAE: 0.4106, test/MSE: 0.7661, test/RMSE: 0.8753, test/MAPE: 2.5271, test/WAPE: 0.5071]
2026-03-12 06:29:59,939 - BasicTS-training - INFO - Checkpoint /mnt/users/rwl/MATS/results/main/MATS-Full-Traffic-192/fa72867542a48ef11ee4353e5c51d7e6/MATSArch_040.pt saved
2026-03-12 06:30:00,495 - BasicTS-training - INFO - The estimated training finish time is 2026-03-13 06:12:23
2026-03-12 06:30:00,495 - BasicTS-training - INFO - Epoch 41 / 100
2026-03-12 06:46:43,134 - BasicTS-training - INFO - Result <train>: [train/time: 1002.64 (s), train/lr: 3.27e-04, train/loss: 0.3330, train/MAE: 0.3330, train/MSE: 0.3956, train/RMSE: 0.6289, train/MAPE: 2.2346, train/WAPE: 0.4626]
2026-03-12 06:46:45,180 - BasicTS-training - INFO - Start validation.
2026-03-12 06:48:44,826 - BasicTS-training - INFO - Result <val>: [val/time: 119.65 (s), val/loss: 0.3639, val/MAE: 0.3639, val/MSE: 0.5861, val/RMSE: 0.7656, val/MAPE: 2.3014, val/WAPE: 0.4747]
2026-03-12 06:53:12,993 - BasicTS-training - INFO - Result <test>: [test/time: 266.52 (s), test/loss: 0.4115, test/MAE: 0.4115, test/MSE: 0.7706, test/RMSE: 0.8779, test/MAPE: 2.5595, test/WAPE: 0.5082]
2026-03-12 06:53:15,703 - BasicTS-training - INFO - Checkpoint /mnt/users/rwl/MATS/results/main/MATS-Full-Traffic-192/fa72867542a48ef11ee4353e5c51d7e6/MATSArch_041.pt saved
2026-03-12 06:53:15,703 - BasicTS-training - INFO - The estimated training finish time is 2026-03-13 06:11:16
2026-03-12 06:53:15,703 - BasicTS-training - INFO - Epoch 42 / 100
2026-03-12 07:10:00,883 - BasicTS-training - INFO - Result <train>: [train/time: 1005.18 (s), train/lr: 3.20e-04, train/loss: 0.3328, train/MAE: 0.3328, train/MSE: 0.3952, train/RMSE: 0.6287, train/MAPE: 2.2341, train/WAPE: 0.4624]
2026-03-12 07:10:02,905 - BasicTS-training - INFO - Start validation.
2026-03-12 07:12:04,089 - BasicTS-training - INFO - Result <val>: [val/time: 121.18 (s), val/loss: 0.3645, val/MAE: 0.3645, val/MSE: 0.5887, val/RMSE: 0.7673, val/MAPE: 2.2970, val/WAPE: 0.4749]
2026-03-12 07:16:31,155 - BasicTS-training - INFO - Result <test>: [test/time: 265.95 (s), test/loss: 0.4113, test/MAE: 0.4113, test/MSE: 0.7677, test/RMSE: 0.8762, test/MAPE: 2.5516, test/WAPE: 0.5082]
2026-03-12 07:16:35,495 - BasicTS-training - INFO - Checkpoint /mnt/users/rwl/MATS/results/main/MATS-Full-Traffic-192/fa72867542a48ef11ee4353e5c51d7e6/MATSArch_042.pt saved
2026-03-12 07:16:35,496 - BasicTS-training - INFO - The estimated training finish time is 2026-03-13 06:10:24
2026-03-12 07:16:35,496 - BasicTS-training - INFO - Epoch 43 / 100
2026-03-12 07:33:19,864 - BasicTS-training - INFO - Result <train>: [train/time: 1004.37 (s), train/lr: 3.12e-04, train/loss: 0.3329, train/MAE: 0.3329, train/MSE: 0.3953, train/RMSE: 0.6288, train/MAPE: 2.2352, train/WAPE: 0.4626]
2026-03-12 07:33:23,195 - BasicTS-training - INFO - Start validation.
2026-03-12 07:35:24,266 - BasicTS-training - INFO - Result <val>: [val/time: 121.07 (s), val/loss: 0.3637, val/MAE: 0.3637, val/MSE: 0.5861, val/RMSE: 0.7656, val/MAPE: 2.3075, val/WAPE: 0.4741]
2026-03-12 07:39:52,247 - BasicTS-training - INFO - Result <test>: [test/time: 266.10 (s), test/loss: 0.4101, test/MAE: 0.4101, test/MSE: 0.7657, test/RMSE: 0.8750, test/MAPE: 2.5615, test/WAPE: 0.5065]
2026-03-12 07:39:56,124 - BasicTS-training - INFO - Checkpoint /mnt/users/rwl/MATS/results/main/MATS-Full-Traffic-192/fa72867542a48ef11ee4353e5c51d7e6/MATSArch_043.pt saved
2026-03-12 07:39:56,125 - BasicTS-training - INFO - The estimated training finish time is 2026-03-13 06:09:36
2026-03-12 07:39:56,125 - BasicTS-training - INFO - Epoch 44 / 100
2026-03-12 07:56:40,819 - BasicTS-training - INFO - Result <train>: [train/time: 1004.69 (s), train/lr: 3.05e-04, train/loss: 0.3326, train/MAE: 0.3326, train/MSE: 0.3951, train/RMSE: 0.6285, train/MAPE: 2.2326, train/WAPE: 0.4621]
2026-03-12 07:56:44,384 - BasicTS-training - INFO - Start validation.
2026-03-12 07:58:43,543 - BasicTS-training - INFO - Result <val>: [val/time: 119.16 (s), val/loss: 0.3646, val/MAE: 0.3646, val/MSE: 0.5865, val/RMSE: 0.7659, val/MAPE: 2.2860, val/WAPE: 0.4755]
2026-03-12 08:03:10,259 - BasicTS-training - INFO - Result <test>: [test/time: 266.04 (s), test/loss: 0.4107, test/MAE: 0.4107, test/MSE: 0.7652, test/RMSE: 0.8747, test/MAPE: 2.5450, test/WAPE: 0.5074]
2026-03-12 08:03:13,132 - BasicTS-training - INFO - Checkpoint /mnt/users/rwl/MATS/results/main/MATS-Full-Traffic-192/fa72867542a48ef11ee4353e5c51d7e6/MATSArch_044.pt saved
2026-03-12 08:03:13,133 - BasicTS-training - INFO - The estimated training finish time is 2026-03-13 06:08:42
2026-03-12 08:03:13,133 - BasicTS-training - INFO - Epoch 45 / 100
2026-03-12 08:19:53,757 - BasicTS-training - INFO - Result <train>: [train/time: 1000.62 (s), train/lr: 2.97e-04, train/loss: 0.3326, train/MAE: 0.3326, train/MSE: 0.3951, train/RMSE: 0.6286, train/MAPE: 2.2344, train/WAPE: 0.4622]
2026-03-12 08:19:56,404 - BasicTS-training - INFO - Start validation.
2026-03-12 08:21:56,772 - BasicTS-training - INFO - Result <val>: [val/time: 120.37 (s), val/loss: 0.3651, val/MAE: 0.3651, val/MSE: 0.5919, val/RMSE: 0.7693, val/MAPE: 2.2925, val/WAPE: 0.4753]
2026-03-12 08:26:23,252 - BasicTS-training - INFO - Result <test>: [test/time: 265.25 (s), test/loss: 0.4112, test/MAE: 0.4112, test/MSE: 0.7735, test/RMSE: 0.8795, test/MAPE: 2.5272, test/WAPE: 0.5074]
2026-03-12 08:26:26,823 - BasicTS-training - INFO - Checkpoint /mnt/users/rwl/MATS/results/main/MATS-Full-Traffic-192/fa72867542a48ef11ee4353e5c51d7e6/MATSArch_045.pt saved
2026-03-12 08:26:26,823 - BasicTS-training - INFO - The estimated training finish time is 2026-03-13 06:07:43
2026-03-12 08:26:26,823 - BasicTS-training - INFO - Epoch 46 / 100
2026-03-12 08:43:10,525 - BasicTS-training - INFO - Result <train>: [train/time: 1003.70 (s), train/lr: 2.89e-04, train/loss: 0.3324, train/MAE: 0.3324, train/MSE: 0.3949, train/RMSE: 0.6284, train/MAPE: 2.2322, train/WAPE: 0.4618]
2026-03-12 08:43:15,283 - BasicTS-training - INFO - Start validation.
2026-03-12 08:45:15,159 - BasicTS-training - INFO - Result <val>: [val/time: 119.87 (s), val/loss: 0.3637, val/MAE: 0.3637, val/MSE: 0.5836, val/RMSE: 0.7639, val/MAPE: 2.2972, val/WAPE: 0.4745]
2026-03-12 08:49:43,550 - BasicTS-training - INFO - Result <test>: [test/time: 266.60 (s), test/loss: 0.4106, test/MAE: 0.4106, test/MSE: 0.7622, test/RMSE: 0.8731, test/MAPE: 2.5486, test/WAPE: 0.5075]
2026-03-12 08:49:47,273 - BasicTS-training - INFO - Checkpoint /mnt/users/rwl/MATS/results/main/MATS-Full-Traffic-192/fa72867542a48ef11ee4353e5c51d7e6/MATSArch_046.pt saved
2026-03-12 08:49:47,274 - BasicTS-training - INFO - The estimated training finish time is 2026-03-13 06:07:01
2026-03-12 08:49:47,274 - BasicTS-training - INFO - Epoch 47 / 100
2026-03-12 09:06:31,274 - BasicTS-training - INFO - Result <train>: [train/time: 1004.00 (s), train/lr: 2.81e-04, train/loss: 0.3324, train/MAE: 0.3324, train/MSE: 0.3949, train/RMSE: 0.6284, train/MAPE: 2.2327, train/WAPE: 0.4618]
2026-03-12 09:06:34,626 - BasicTS-training - INFO - Start validation.
2026-03-12 09:08:34,884 - BasicTS-training - INFO - Result <val>: [val/time: 120.26 (s), val/loss: 0.3646, val/MAE: 0.3646, val/MSE: 0.5981, val/RMSE: 0.7734, val/MAPE: 2.3003, val/WAPE: 0.4744]
2026-03-12 09:13:02,403 - BasicTS-training - INFO - Result <test>: [test/time: 265.79 (s), test/loss: 0.4113, test/MAE: 0.4113, test/MSE: 0.7891, test/RMSE: 0.8883, test/MAPE: 2.5504, test/WAPE: 0.5068]
2026-03-12 09:13:04,415 - BasicTS-training - INFO - Checkpoint /mnt/users/rwl/MATS/results/main/MATS-Full-Traffic-192/fa72867542a48ef11ee4353e5c51d7e6/MATSArch_047.pt saved
2026-03-12 09:13:04,416 - BasicTS-training - INFO - The estimated training finish time is 2026-03-13 06:06:14
2026-03-12 09:13:04,416 - BasicTS-training - INFO - Epoch 48 / 100
2026-03-12 09:29:49,391 - BasicTS-training - INFO - Result <train>: [train/time: 1004.98 (s), train/lr: 2.74e-04, train/loss: 0.3322, train/MAE: 0.3322, train/MSE: 0.3946, train/RMSE: 0.6282, train/MAPE: 2.2320, train/WAPE: 0.4616]
2026-03-12 09:29:50,587 - BasicTS-training - INFO - Start validation.
2026-03-12 09:31:51,571 - BasicTS-training - INFO - Result <val>: [val/time: 120.98 (s), val/loss: 0.3636, val/MAE: 0.3636, val/MSE: 0.5911, val/RMSE: 0.7688, val/MAPE: 2.2729, val/WAPE: 0.4735]
2026-03-12 09:36:17,148 - BasicTS-training - INFO - Result <test>: [test/time: 264.63 (s), test/loss: 0.4104, test/MAE: 0.4104, test/MSE: 0.7737, test/RMSE: 0.8796, test/MAPE: 2.5206, test/WAPE: 0.5064]
2026-03-12 09:36:20,130 - BasicTS-training - INFO - Checkpoint /mnt/users/rwl/MATS/results/main/MATS-Full-Traffic-192/fa72867542a48ef11ee4353e5c51d7e6/MATSArch_048.pt saved
2026-03-12 09:36:20,131 - BasicTS-training - INFO - The estimated training finish time is 2026-03-13 06:05:26
2026-03-12 09:36:20,131 - BasicTS-training - INFO - Epoch 49 / 100
2026-03-12 09:53:02,831 - BasicTS-training - INFO - Result <train>: [train/time: 1002.70 (s), train/lr: 2.66e-04, train/loss: 0.3321, train/MAE: 0.3321, train/MSE: 0.3944, train/RMSE: 0.6281, train/MAPE: 2.2313, train/WAPE: 0.4614]
2026-03-12 09:53:06,478 - BasicTS-training - INFO - Start validation.
2026-03-12 09:55:07,805 - BasicTS-training - INFO - Result <val>: [val/time: 121.33 (s), val/loss: 0.3632, val/MAE: 0.3632, val/MSE: 0.5885, val/RMSE: 0.7672, val/MAPE: 2.2305, val/WAPE: 0.4732]
2026-03-12 09:59:34,652 - BasicTS-training - INFO - Result <test>: [test/time: 264.70 (s), test/loss: 0.4089, test/MAE: 0.4089, test/MSE: 0.7657, test/RMSE: 0.8750, test/MAPE: 2.4753, test/WAPE: 0.5049]
2026-03-12 09:59:38,413 - BasicTS-training - INFO - Checkpoint /mnt/users/rwl/MATS/results/main/MATS-Full-Traffic-192/fa72867542a48ef11ee4353e5c51d7e6/MATSArch_049.pt saved
2026-03-12 09:59:38,414 - BasicTS-training - INFO - The estimated training finish time is 2026-03-13 06:04:46
2026-03-12 09:59:38,414 - BasicTS-training - INFO - Epoch 50 / 100
2026-03-12 10:16:23,897 - BasicTS-training - INFO - Result <train>: [train/time: 1005.48 (s), train/lr: 2.58e-04, train/loss: 0.3320, train/MAE: 0.3320, train/MSE: 0.3945, train/RMSE: 0.6281, train/MAPE: 2.2312, train/WAPE: 0.4613]
2026-03-12 10:16:27,007 - BasicTS-training - INFO - Start validation.
2026-03-12 10:18:28,763 - BasicTS-training - INFO - Result <val>: [val/time: 121.75 (s), val/loss: 0.3634, val/MAE: 0.3634, val/MSE: 0.5921, val/RMSE: 0.7695, val/MAPE: 2.3011, val/WAPE: 0.4728]
2026-03-12 10:22:58,468 - BasicTS-training - INFO - Result <test>: [test/time: 268.08 (s), test/loss: 0.4094, test/MAE: 0.4094, test/MSE: 0.7747, test/RMSE: 0.8802, test/MAPE: 2.5409, test/WAPE: 0.5050]
2026-03-12 10:23:01,319 - BasicTS-training - INFO - Checkpoint /mnt/users/rwl/MATS/results/main/MATS-Full-Traffic-192/fa72867542a48ef11ee4353e5c51d7e6/MATSArch_050.pt saved
2026-03-12 10:23:02,505 - BasicTS-training - INFO - The estimated training finish time is 2026-03-13 06:04:18
2026-03-12 10:23:02,505 - BasicTS-training - INFO - Epoch 51 / 100
2026-03-12 10:40:02,402 - BasicTS-training - INFO - Result <train>: [train/time: 1019.90 (s), train/lr: 2.50e-04, train/loss: 0.3318, train/MAE: 0.3318, train/MSE: 0.3941, train/RMSE: 0.6278, train/MAPE: 2.2300, train/WAPE: 0.4610]
2026-03-12 10:40:05,963 - BasicTS-training - INFO - Start validation.
2026-03-12 10:42:11,389 - BasicTS-training - INFO - Result <val>: [val/time: 125.42 (s), val/loss: 0.3659, val/MAE: 0.3659, val/MSE: 0.5837, val/RMSE: 0.7640, val/MAPE: 2.3305, val/WAPE: 0.4771]
2026-03-12 10:46:42,284 - BasicTS-training - INFO - Result <test>: [test/time: 269.23 (s), test/loss: 0.4137, test/MAE: 0.4137, test/MSE: 0.7671, test/RMSE: 0.8759, test/MAPE: 2.6022, test/WAPE: 0.5112]
2026-03-12 10:46:45,156 - BasicTS-training - INFO - Checkpoint /mnt/users/rwl/MATS/results/main/MATS-Full-Traffic-192/fa72867542a48ef11ee4353e5c51d7e6/MATSArch_051.pt saved
2026-03-12 10:46:45,157 - BasicTS-training - INFO - The estimated training finish time is 2026-03-13 06:04:28
2026-03-12 10:46:45,157 - BasicTS-training - INFO - Epoch 52 / 100
2026-03-12 11:03:48,376 - BasicTS-training - INFO - Result <train>: [train/time: 1023.22 (s), train/lr: 2.42e-04, train/loss: 0.3318, train/MAE: 0.3318, train/MSE: 0.3942, train/RMSE: 0.6279, train/MAPE: 2.2297, train/WAPE: 0.4610]
2026-03-12 11:03:50,022 - BasicTS-training - INFO - Start validation.
2026-03-12 11:05:55,378 - BasicTS-training - INFO - Result <val>: [val/time: 125.35 (s), val/loss: 0.3636, val/MAE: 0.3636, val/MSE: 0.5940, val/RMSE: 0.7707, val/MAPE: 2.2336, val/WAPE: 0.4735]
2026-03-12 11:10:28,979 - BasicTS-training - INFO - Result <test>: [test/time: 271.43 (s), test/loss: 0.4097, test/MAE: 0.4097, test/MSE: 0.7795, test/RMSE: 0.8829, test/MAPE: 2.4798, test/WAPE: 0.5051]
2026-03-12 11:10:32,843 - BasicTS-training - INFO - Checkpoint /mnt/users/rwl/MATS/results/main/MATS-Full-Traffic-192/fa72867542a48ef11ee4353e5c51d7e6/MATSArch_052.pt saved
2026-03-12 11:10:32,844 - BasicTS-training - INFO - The estimated training finish time is 2026-03-13 06:04:47
2026-03-12 11:10:32,844 - BasicTS-training - INFO - Epoch 53 / 100
2026-03-12 11:28:22,981 - BasicTS-training - INFO - Result <train>: [train/time: 1070.14 (s), train/lr: 2.34e-04, train/loss: 0.3316, train/MAE: 0.3316, train/MSE: 0.3940, train/RMSE: 0.6277, train/MAPE: 2.2279, train/WAPE: 0.4607]
2026-03-12 11:28:24,439 - BasicTS-training - INFO - Start validation.
2026-03-12 11:30:34,020 - BasicTS-training - INFO - Result <val>: [val/time: 129.58 (s), val/loss: 0.3633, val/MAE: 0.3633, val/MSE: 0.5912, val/RMSE: 0.7689, val/MAPE: 2.3278, val/WAPE: 0.4732]
2026-03-12 11:35:19,036 - BasicTS-training - INFO - Result <test>: [test/time: 281.47 (s), test/loss: 0.4099, test/MAE: 0.4099, test/MSE: 0.7765, test/RMSE: 0.8812, test/MAPE: 2.5898, test/WAPE: 0.5058]
2026-03-12 11:35:26,000 - BasicTS-training - INFO - Checkpoint /mnt/users/rwl/MATS/results/main/MATS-Full-Traffic-192/fa72867542a48ef11ee4353e5c51d7e6/MATSArch_053.pt saved
2026-03-12 11:35:26,002 - BasicTS-training - INFO - The estimated training finish time is 2026-03-13 06:07:09
2026-03-12 11:35:26,002 - BasicTS-training - INFO - Epoch 54 / 100
2026-03-12 11:53:06,524 - BasicTS-training - INFO - Result <train>: [train/time: 1060.52 (s), train/lr: 2.26e-04, train/loss: 0.3315, train/MAE: 0.3315, train/MSE: 0.3938, train/RMSE: 0.6275, train/MAPE: 2.2276, train/WAPE: 0.4605]
2026-03-12 11:53:07,556 - BasicTS-training - INFO - Start validation.
2026-03-12 11:55:15,686 - BasicTS-training - INFO - Result <val>: [val/time: 128.13 (s), val/loss: 0.3634, val/MAE: 0.3634, val/MSE: 0.5869, val/RMSE: 0.7661, val/MAPE: 2.3454, val/WAPE: 0.4736]
2026-03-12 11:59:55,868 - BasicTS-training - INFO - Result <test>: [test/time: 278.32 (s), test/loss: 0.4114, test/MAE: 0.4114, test/MSE: 0.7725, test/RMSE: 0.8789, test/MAPE: 2.6081, test/WAPE: 0.5079]
2026-03-12 12:00:00,703 - BasicTS-training - INFO - Checkpoint /mnt/users/rwl/MATS/results/main/MATS-Full-Traffic-192/fa72867542a48ef11ee4353e5c51d7e6/MATSArch_054.pt saved
2026-03-12 12:00:00,704 - BasicTS-training - INFO - The estimated training finish time is 2026-03-13 06:08:52
2026-03-12 12:00:00,704 - BasicTS-training - INFO - Epoch 55 / 100
2026-03-12 12:17:47,253 - BasicTS-training - INFO - Result <train>: [train/time: 1066.55 (s), train/lr: 2.19e-04, train/loss: 0.3312, train/MAE: 0.3312, train/MSE: 0.3935, train/RMSE: 0.6273, train/MAPE: 2.2274, train/WAPE: 0.4602]
2026-03-12 12:17:49,393 - BasicTS-training - INFO - Start validation.
2026-03-12 12:19:57,894 - BasicTS-training - INFO - Result <val>: [val/time: 128.50 (s), val/loss: 0.3645, val/MAE: 0.3645, val/MSE: 0.5856, val/RMSE: 0.7653, val/MAPE: 2.3013, val/WAPE: 0.4750]
2026-03-12 12:24:40,491 - BasicTS-training - INFO - Result <test>: [test/time: 279.19 (s), test/loss: 0.4098, test/MAE: 0.4098, test/MSE: 0.7611, test/RMSE: 0.8724, test/MAPE: 2.5322, test/WAPE: 0.5065]
2026-03-12 12:24:43,168 - BasicTS-training - INFO - Checkpoint /mnt/users/rwl/MATS/results/main/MATS-Full-Traffic-192/fa72867542a48ef11ee4353e5c51d7e6/MATSArch_055.pt saved
2026-03-12 12:24:43,169 - BasicTS-training - INFO - The estimated training finish time is 2026-03-13 06:10:45
2026-03-12 12:24:43,169 - BasicTS-training - INFO - Epoch 56 / 100
2026-03-12 12:42:24,822 - BasicTS-training - INFO - Result <train>: [train/time: 1061.65 (s), train/lr: 2.11e-04, train/loss: 0.3311, train/MAE: 0.3311, train/MSE: 0.3935, train/RMSE: 0.6273, train/MAPE: 2.2269, train/WAPE: 0.4601]
2026-03-12 12:42:26,584 - BasicTS-training - INFO - Start validation.
2026-03-12 12:44:34,881 - BasicTS-training - INFO - Result <val>: [val/time: 128.29 (s), val/loss: 0.3633, val/MAE: 0.3633, val/MSE: 0.5909, val/RMSE: 0.7687, val/MAPE: 2.3459, val/WAPE: 0.4734]
2026-03-12 12:49:19,336 - BasicTS-training - INFO - Result <test>: [test/time: 283.09 (s), test/loss: 0.4118, test/MAE: 0.4118, test/MSE: 0.7825, test/RMSE: 0.8846, test/MAPE: 2.6350, test/WAPE: 0.5082]
2026-03-12 12:49:24,288 - BasicTS-training - INFO - Checkpoint /mnt/users/rwl/MATS/results/main/MATS-Full-Traffic-192/fa72867542a48ef11ee4353e5c51d7e6/MATSArch_056.pt saved
2026-03-12 12:49:24,290 - BasicTS-training - INFO - The estimated training finish time is 2026-03-13 06:12:31
2026-03-12 12:49:24,290 - BasicTS-training - INFO - Epoch 57 / 100
2026-03-12 13:07:18,837 - BasicTS-training - INFO - Result <train>: [train/time: 1074.55 (s), train/lr: 2.03e-04, train/loss: 0.3309, train/MAE: 0.3309, train/MSE: 0.3932, train/RMSE: 0.6270, train/MAPE: 2.2259, train/WAPE: 0.4598]
2026-03-12 13:07:21,215 - BasicTS-training - INFO - Start validation.
2026-03-12 13:09:30,277 - BasicTS-training - INFO - Result <val>: [val/time: 129.06 (s), val/loss: 0.3635, val/MAE: 0.3635, val/MSE: 0.5829, val/RMSE: 0.7635, val/MAPE: 2.2559, val/WAPE: 0.4738]
2026-03-12 13:14:15,333 - BasicTS-training - INFO - Result <test>: [test/time: 283.30 (s), test/loss: 0.4109, test/MAE: 0.4109, test/MSE: 0.7603, test/RMSE: 0.8720, test/MAPE: 2.5124, test/WAPE: 0.5075]
2026-03-12 13:14:19,038 - BasicTS-training - INFO - Checkpoint /mnt/users/rwl/MATS/results/main/MATS-Full-Traffic-192/fa72867542a48ef11ee4353e5c51d7e6/MATSArch_057.pt saved
2026-03-12 13:14:19,039 - BasicTS-training - INFO - The estimated training finish time is 2026-03-13 06:14:38
2026-03-12 13:14:19,039 - BasicTS-training - INFO - Epoch 58 / 100
2026-03-12 13:32:07,612 - BasicTS-training - INFO - Result <train>: [train/time: 1068.57 (s), train/lr: 1.95e-04, train/loss: 0.3309, train/MAE: 0.3309, train/MSE: 0.3931, train/RMSE: 0.6270, train/MAPE: 2.2246, train/WAPE: 0.4597]
2026-03-12 13:32:08,880 - BasicTS-training - INFO - Start validation.
2026-03-12 13:34:16,077 - BasicTS-training - INFO - Result <val>: [val/time: 127.20 (s), val/loss: 0.3629, val/MAE: 0.3629, val/MSE: 0.5871, val/RMSE: 0.7662, val/MAPE: 2.3009, val/WAPE: 0.4727]
2026-03-12 13:38:57,724 - BasicTS-training - INFO - Result <test>: [test/time: 281.21 (s), test/loss: 0.4097, test/MAE: 0.4097, test/MSE: 0.7689, test/RMSE: 0.8769, test/MAPE: 2.5602, test/WAPE: 0.5057]
2026-03-12 13:39:00,487 - BasicTS-training - INFO - Checkpoint /mnt/users/rwl/MATS/results/main/MATS-Full-Traffic-192/fa72867542a48ef11ee4353e5c51d7e6/MATSArch_058.pt saved
2026-03-12 13:39:00,488 - BasicTS-training - INFO - The estimated training finish time is 2026-03-13 06:16:17
2026-03-12 13:39:00,488 - BasicTS-training - INFO - Epoch 59 / 100
2026-03-12 13:56:52,949 - BasicTS-training - INFO - Result <train>: [train/time: 1072.46 (s), train/lr: 1.88e-04, train/loss: 0.3306, train/MAE: 0.3306, train/MSE: 0.3929, train/RMSE: 0.6268, train/MAPE: 2.2261, train/WAPE: 0.4594]
2026-03-12 13:56:54,000 - BasicTS-training - INFO - Start validation.
2026-03-12 13:59:03,736 - BasicTS-training - INFO - Result <val>: [val/time: 129.73 (s), val/loss: 0.3616, val/MAE: 0.3616, val/MSE: 0.5873, val/RMSE: 0.7664, val/MAPE: 2.2576, val/WAPE: 0.4711]
2026-03-12 13:59:06,427 - BasicTS-training - INFO - Checkpoint /mnt/users/rwl/MATS/results/main/MATS-Full-Traffic-192/fa72867542a48ef11ee4353e5c51d7e6/MATSArch_best_val_MAE.pt saved
2026-03-12 14:03:47,896 - BasicTS-training - INFO - Result <test>: [test/time: 281.47 (s), test/loss: 0.4083, test/MAE: 0.4083, test/MSE: 0.7678, test/RMSE: 0.8762, test/MAPE: 2.5014, test/WAPE: 0.5039]
2026-03-12 14:03:50,358 - BasicTS-training - INFO - Checkpoint /mnt/users/rwl/MATS/results/main/MATS-Full-Traffic-192/fa72867542a48ef11ee4353e5c51d7e6/MATSArch_059.pt saved
2026-03-12 14:03:50,359 - BasicTS-training - INFO - The estimated training finish time is 2026-03-13 06:18:08
2026-03-12 14:03:50,359 - BasicTS-training - INFO - Epoch 60 / 100
2026-03-12 14:21:45,049 - BasicTS-training - INFO - Result <train>: [train/time: 1074.69 (s), train/lr: 1.80e-04, train/loss: 0.3305, train/MAE: 0.3305, train/MSE: 0.3927, train/RMSE: 0.6266, train/MAPE: 2.2236, train/WAPE: 0.4593]
2026-03-12 14:21:46,332 - BasicTS-training - INFO - Start validation.
2026-03-12 14:23:54,021 - BasicTS-training - INFO - Result <val>: [val/time: 127.69 (s), val/loss: 0.3606, val/MAE: 0.3606, val/MSE: 0.5857, val/RMSE: 0.7653, val/MAPE: 2.2699, val/WAPE: 0.4702]
2026-03-12 14:23:56,431 - BasicTS-training - INFO - Checkpoint /mnt/users/rwl/MATS/results/main/MATS-Full-Traffic-192/fa72867542a48ef11ee4353e5c51d7e6/MATSArch_best_val_MAE.pt saved
2026-03-12 14:28:48,703 - BasicTS-training - INFO - Result <test>: [test/time: 292.27 (s), test/loss: 0.4077, test/MAE: 0.4077, test/MSE: 0.7677, test/RMSE: 0.8762, test/MAPE: 2.5156, test/WAPE: 0.5031]
2026-03-12 14:28:50,929 - BasicTS-training - INFO - Checkpoint /mnt/users/rwl/MATS/results/main/MATS-Full-Traffic-192/fa72867542a48ef11ee4353e5c51d7e6/MATSArch_060.pt saved
2026-03-12 14:28:52,241 - BasicTS-training - INFO - The estimated training finish time is 2026-03-13 06:20:14
2026-03-12 14:28:52,241 - BasicTS-training - INFO - Epoch 61 / 100
2026-03-12 14:46:41,322 - BasicTS-training - INFO - Result <train>: [train/time: 1069.08 (s), train/lr: 1.73e-04, train/loss: 0.3303, train/MAE: 0.3303, train/MSE: 0.3925, train/RMSE: 0.6265, train/MAPE: 2.2233, train/WAPE: 0.4589]
2026-03-12 14:46:42,486 - BasicTS-training - INFO - Start validation.
2026-03-12 14:48:50,301 - BasicTS-training - INFO - Result <val>: [val/time: 127.81 (s), val/loss: 0.3628, val/MAE: 0.3628, val/MSE: 0.5895, val/RMSE: 0.7678, val/MAPE: 2.2864, val/WAPE: 0.4725]
2026-03-12 14:53:36,094 - BasicTS-training - INFO - Result <test>: [test/time: 284.88 (s), test/loss: 0.4099, test/MAE: 0.4099, test/MSE: 0.7737, test/RMSE: 0.8796, test/MAPE: 2.5314, test/WAPE: 0.5059]
2026-03-12 14:53:37,862 - BasicTS-training - INFO - Checkpoint /mnt/users/rwl/MATS/results/main/MATS-Full-Traffic-192/fa72867542a48ef11ee4353e5c51d7e6/MATSArch_061.pt saved
2026-03-12 14:53:37,863 - BasicTS-training - INFO - The estimated training finish time is 2026-03-13 06:21:50
2026-03-12 14:53:37,863 - BasicTS-training - INFO - Epoch 62 / 100
2026-03-12 15:11:30,788 - BasicTS-training - INFO - Result <train>: [train/time: 1072.92 (s), train/lr: 1.65e-04, train/loss: 0.3301, train/MAE: 0.3301, train/MSE: 0.3923, train/RMSE: 0.6263, train/MAPE: 2.2225, train/WAPE: 0.4587]
2026-03-12 15:11:31,582 - BasicTS-training - INFO - Start validation.
2026-03-12 15:13:39,304 - BasicTS-training - INFO - Result <val>: [val/time: 127.72 (s), val/loss: 0.3626, val/MAE: 0.3626, val/MSE: 0.5882, val/RMSE: 0.7669, val/MAPE: 2.2863, val/WAPE: 0.4722]
2026-03-12 15:18:20,493 - BasicTS-training - INFO - Result <test>: [test/time: 280.13 (s), test/loss: 0.4101, test/MAE: 0.4101, test/MSE: 0.7700, test/RMSE: 0.8775, test/MAPE: 2.5369, test/WAPE: 0.5062]
2026-03-12 15:18:21,955 - BasicTS-training - INFO - Checkpoint /mnt/users/rwl/MATS/results/main/MATS-Full-Traffic-192/fa72867542a48ef11ee4353e5c51d7e6/MATSArch_062.pt saved
2026-03-12 15:18:21,956 - BasicTS-training - INFO - The estimated training finish time is 2026-03-13 06:23:20
2026-03-12 15:18:21,956 - BasicTS-training - INFO - Epoch 63 / 100
2026-03-12 15:36:14,629 - BasicTS-training - INFO - Result <train>: [train/time: 1072.67 (s), train/lr: 1.58e-04, train/loss: 0.3301, train/MAE: 0.3301, train/MSE: 0.3923, train/RMSE: 0.6263, train/MAPE: 2.2211, train/WAPE: 0.4586]
2026-03-12 15:36:14,961 - BasicTS-training - INFO - Start validation.
2026-03-12 15:38:23,528 - BasicTS-training - INFO - Result <val>: [val/time: 128.56 (s), val/loss: 0.3614, val/MAE: 0.3614, val/MSE: 0.5877, val/RMSE: 0.7666, val/MAPE: 2.3082, val/WAPE: 0.4707]
2026-03-12 15:43:09,525 - BasicTS-training - INFO - Result <test>: [test/time: 284.27 (s), test/loss: 0.4097, test/MAE: 0.4097, test/MSE: 0.7745, test/RMSE: 0.8801, test/MAPE: 2.5727, test/WAPE: 0.5055]
2026-03-12 15:43:12,578 - BasicTS-training - INFO - Checkpoint /mnt/users/rwl/MATS/results/main/MATS-Full-Traffic-192/fa72867542a48ef11ee4353e5c51d7e6/MATSArch_063.pt saved
2026-03-12 15:43:12,579 - BasicTS-training - INFO - The estimated training finish time is 2026-03-13 06:24:58
2026-03-12 15:43:12,579 - BasicTS-training - INFO - Epoch 64 / 100
2026-03-12 16:00:56,702 - BasicTS-training - INFO - Result <train>: [train/time: 1064.12 (s), train/lr: 1.51e-04, train/loss: 0.3298, train/MAE: 0.3298, train/MSE: 0.3919, train/RMSE: 0.6260, train/MAPE: 2.2211, train/WAPE: 0.4582]
2026-03-12 16:00:58,580 - BasicTS-training - INFO - Start validation.
2026-03-12 16:03:05,035 - BasicTS-training - INFO - Result <val>: [val/time: 126.45 (s), val/loss: 0.3628, val/MAE: 0.3628, val/MSE: 0.5821, val/RMSE: 0.7630, val/MAPE: 2.3216, val/WAPE: 0.4728]
2026-03-12 16:07:45,185 - BasicTS-training - INFO - Result <test>: [test/time: 278.56 (s), test/loss: 0.4096, test/MAE: 0.4096, test/MSE: 0.7605, test/RMSE: 0.8721, test/MAPE: 2.5889, test/WAPE: 0.5062]
2026-03-12 16:07:47,677 - BasicTS-training - INFO - Checkpoint /mnt/users/rwl/MATS/results/main/MATS-Full-Traffic-192/fa72867542a48ef11ee4353e5c51d7e6/MATSArch_064.pt saved
2026-03-12 16:07:47,678 - BasicTS-training - INFO - The estimated training finish time is 2026-03-13 06:26:09
2026-03-12 16:07:47,678 - BasicTS-training - INFO - Epoch 65 / 100
2026-03-12 16:25:19,267 - BasicTS-training - INFO - Result <train>: [train/time: 1051.59 (s), train/lr: 1.44e-04, train/loss: 0.3298, train/MAE: 0.3298, train/MSE: 0.3920, train/RMSE: 0.6261, train/MAPE: 2.2208, train/WAPE: 0.4582]
2026-03-12 16:25:19,552 - BasicTS-training - INFO - Start validation.
2026-03-12 16:27:25,318 - BasicTS-training - INFO - Result <val>: [val/time: 125.76 (s), val/loss: 0.3620, val/MAE: 0.3620, val/MSE: 0.5806, val/RMSE: 0.7620, val/MAPE: 2.3205, val/WAPE: 0.4718]
2026-03-12 16:32:00,995 - BasicTS-training - INFO - Result <test>: [test/time: 274.55 (s), test/loss: 0.4091, test/MAE: 0.4091, test/MSE: 0.7577, test/RMSE: 0.8704, test/MAPE: 2.5710, test/WAPE: 0.5056]
2026-03-12 16:32:04,179 - BasicTS-training - INFO - Checkpoint /mnt/users/rwl/MATS/results/main/MATS-Full-Traffic-192/fa72867542a48ef11ee4353e5c51d7e6/MATSArch_065.pt saved
2026-03-12 16:32:04,179 - BasicTS-training - INFO - The estimated training finish time is 2026-03-13 06:26:48
2026-03-12 16:32:04,179 - BasicTS-training - INFO - Epoch 66 / 100
2026-03-12 16:49:30,408 - BasicTS-training - INFO - Result <train>: [train/time: 1046.23 (s), train/lr: 1.37e-04, train/loss: 0.3295, train/MAE: 0.3295, train/MSE: 0.3916, train/RMSE: 0.6257, train/MAPE: 2.2205, train/WAPE: 0.4579]
2026-03-12 16:49:31,904 - BasicTS-training - INFO - Start validation.
2026-03-12 16:51:38,481 - BasicTS-training - INFO - Result <val>: [val/time: 126.58 (s), val/loss: 0.3606, val/MAE: 0.3606, val/MSE: 0.5894, val/RMSE: 0.7677, val/MAPE: 2.2432, val/WAPE: 0.4694]
2026-03-12 16:56:19,395 - BasicTS-training - INFO - Result <test>: [test/time: 280.28 (s), test/loss: 0.4079, test/MAE: 0.4079, test/MSE: 0.7746, test/RMSE: 0.8801, test/MAPE: 2.4975, test/WAPE: 0.5030]
2026-03-12 16:56:21,478 - BasicTS-training - INFO - Checkpoint /mnt/users/rwl/MATS/results/main/MATS-Full-Traffic-192/fa72867542a48ef11ee4353e5c51d7e6/MATSArch_066.pt saved
2026-03-12 16:56:21,479 - BasicTS-training - INFO - The estimated training finish time is 2026-03-13 06:27:28
2026-03-12 16:56:21,479 - BasicTS-training - INFO - Epoch 67 / 100
