2026-03-11 14:41:31,740 - BasicTS-launcher - INFO - Launching BasicTS training.
2026-03-11 14:41:31,792 - easytorch-env - INFO - Use devices 0.
2026-03-11 14:41:31,828 - easytorch-env - INFO - Disable TF32 mode
2026-03-11 14:41:31,842 - BasicTS - INFO - Building model.
/mnt/users/rwl/MATS/src/models/experts.py:491: UserWarning: enable_nested_tensor is True, but self.use_nested_tensor is False because encoder_layer.norm_first was True
  self.transformer = nn.TransformerEncoder(
2026-03-11 14:41:32,904 - BasicTS - INFO - Set ckpt save dir: "/mnt/users/rwl/MATS/results/main/MATS-Full-Traffic-336/9e6544deba72e22048e9cfadc53b8401"
2026-03-11 14:41:32,908 - BasicTS-training - INFO - Initializing training.
2026-03-11 14:41:32,908 - BasicTS-training - INFO - Building train data loader.
2026-03-11 14:41:38,576 - BasicTS-training - INFO - Set optim: Adam
2026-03-11 14:41:38,577 - BasicTS-training - INFO - Set lr_scheduler: CosineAnnealingLR
2026-03-11 14:41:38,577 - BasicTS-training - INFO - Building val data loader.
2026-03-11 14:41:38,583 - BasicTS-training - INFO - Building test data loader.
2026-03-11 14:41:38,593 - BasicTS-training - INFO - Total parameters: 12778512
2026-03-11 14:41:38,593 - BasicTS-training - INFO - Trainable parameters: 12778512
2026-03-11 14:41:38,593 - BasicTS-training - INFO - Epoch 1 / 100
2026-03-11 14:58:40,220 - BasicTS-training - INFO - Result <train>: [train/time: 1021.63 (s), train/lr: 5.00e-04, train/loss: 0.4679, train/MAE: 0.4679, train/MSE: 0.5949, train/RMSE: 0.7713, train/MAPE: 2.6837, train/WAPE: 0.6450]
2026-03-11 14:58:41,649 - BasicTS-training - INFO - Start validation.
2026-03-11 15:00:34,453 - BasicTS-training - INFO - Result <val>: [val/time: 112.80 (s), val/loss: 0.3898, val/MAE: 0.3898, val/MSE: 0.6267, val/RMSE: 0.7916, val/MAPE: 2.6410, val/WAPE: 0.5104]
2026-03-11 15:00:35,981 - BasicTS-training - INFO - Checkpoint /mnt/users/rwl/MATS/results/main/MATS-Full-Traffic-336/9e6544deba72e22048e9cfadc53b8401/MATSArch_best_val_MAE.pt saved
2026-03-11 15:04:58,262 - BasicTS-training - INFO - Result <test>: [test/time: 262.28 (s), test/loss: 0.4401, test/MAE: 0.4401, test/MSE: 0.8259, test/RMSE: 0.9088, test/MAPE: 2.8389, test/WAPE: 0.5407]
2026-03-11 15:05:00,873 - BasicTS-training - INFO - Checkpoint /mnt/users/rwl/MATS/results/main/MATS-Full-Traffic-336/9e6544deba72e22048e9cfadc53b8401/MATSArch_001.pt saved
2026-03-11 15:05:00,874 - BasicTS-training - INFO - The estimated training finish time is 2026-03-13 05:32:29
2026-03-11 15:05:00,874 - BasicTS-training - INFO - Epoch 2 / 100
2026-03-11 15:22:06,620 - BasicTS-training - INFO - Result <train>: [train/time: 1025.75 (s), train/lr: 5.00e-04, train/loss: 0.3600, train/MAE: 0.3600, train/MSE: 0.4386, train/RMSE: 0.6623, train/MAPE: 2.5148, train/WAPE: 0.4990]
2026-03-11 15:22:07,182 - BasicTS-training - INFO - Start validation.
2026-03-11 15:24:00,045 - BasicTS-training - INFO - Result <val>: [val/time: 112.86 (s), val/loss: 0.3874, val/MAE: 0.3874, val/MSE: 0.6312, val/RMSE: 0.7945, val/MAPE: 2.5798, val/WAPE: 0.5066]
2026-03-11 15:24:01,962 - BasicTS-training - INFO - Checkpoint /mnt/users/rwl/MATS/results/main/MATS-Full-Traffic-336/9e6544deba72e22048e9cfadc53b8401/MATSArch_best_val_MAE.pt saved
2026-03-11 15:28:25,191 - BasicTS-training - INFO - Result <test>: [test/time: 263.23 (s), test/loss: 0.4370, test/MAE: 0.4370, test/MSE: 0.8326, test/RMSE: 0.9125, test/MAPE: 2.7711, test/WAPE: 0.5363]
2026-03-11 15:28:27,682 - BasicTS-training - INFO - Checkpoint /mnt/users/rwl/MATS/results/main/MATS-Full-Traffic-336/9e6544deba72e22048e9cfadc53b8401/MATSArch_002.pt saved
2026-03-11 15:28:27,682 - BasicTS-training - INFO - The estimated training finish time is 2026-03-13 05:39:24
2026-03-11 15:28:27,682 - BasicTS-training - INFO - Epoch 3 / 100
2026-03-11 15:45:27,606 - BasicTS-training - INFO - Result <train>: [train/time: 1019.92 (s), train/lr: 5.00e-04, train/loss: 0.3585, train/MAE: 0.3585, train/MSE: 0.4428, train/RMSE: 0.6655, train/MAPE: 2.4361, train/WAPE: 0.4967]
2026-03-11 15:45:28,659 - BasicTS-training - INFO - Start validation.
2026-03-11 15:47:20,274 - BasicTS-training - INFO - Result <val>: [val/time: 111.61 (s), val/loss: 0.3867, val/MAE: 0.3867, val/MSE: 0.6354, val/RMSE: 0.7971, val/MAPE: 2.4686, val/WAPE: 0.5058]
2026-03-11 15:47:22,853 - BasicTS-training - INFO - Checkpoint /mnt/users/rwl/MATS/results/main/MATS-Full-Traffic-336/9e6544deba72e22048e9cfadc53b8401/MATSArch_best_val_MAE.pt saved
2026-03-11 15:51:44,147 - BasicTS-training - INFO - Result <test>: [test/time: 261.29 (s), test/loss: 0.4352, test/MAE: 0.4352, test/MSE: 0.8340, test/RMSE: 0.9132, test/MAPE: 2.6440, test/WAPE: 0.5343]
2026-03-11 15:51:47,502 - BasicTS-training - INFO - Checkpoint /mnt/users/rwl/MATS/results/main/MATS-Full-Traffic-336/9e6544deba72e22048e9cfadc53b8401/MATSArch_003.pt saved
2026-03-11 15:51:47,502 - BasicTS-training - INFO - The estimated training finish time is 2026-03-13 05:37:49
2026-03-11 15:51:47,503 - BasicTS-training - INFO - Epoch 4 / 100
2026-03-11 16:08:48,304 - BasicTS-training - INFO - Result <train>: [train/time: 1020.80 (s), train/lr: 4.99e-04, train/loss: 0.3579, train/MAE: 0.3579, train/MSE: 0.4486, train/RMSE: 0.6698, train/MAPE: 2.3649, train/WAPE: 0.4957]
2026-03-11 16:08:50,902 - BasicTS-training - INFO - Start validation.
2026-03-11 16:10:42,743 - BasicTS-training - INFO - Result <val>: [val/time: 111.84 (s), val/loss: 0.3857, val/MAE: 0.3857, val/MSE: 0.6393, val/RMSE: 0.7995, val/MAPE: 2.3865, val/WAPE: 0.5043]
2026-03-11 16:10:45,947 - BasicTS-training - INFO - Checkpoint /mnt/users/rwl/MATS/results/main/MATS-Full-Traffic-336/9e6544deba72e22048e9cfadc53b8401/MATSArch_best_val_MAE.pt saved
2026-03-11 16:15:08,227 - BasicTS-training - INFO - Result <test>: [test/time: 262.28 (s), test/loss: 0.4340, test/MAE: 0.4340, test/MSE: 0.8393, test/RMSE: 0.9161, test/MAPE: 2.5606, test/WAPE: 0.5324]
2026-03-11 16:15:11,641 - BasicTS-training - INFO - Checkpoint /mnt/users/rwl/MATS/results/main/MATS-Full-Traffic-336/9e6544deba72e22048e9cfadc53b8401/MATSArch_004.pt saved
2026-03-11 16:15:11,642 - BasicTS-training - INFO - The estimated training finish time is 2026-03-13 05:38:50
2026-03-11 16:15:11,642 - BasicTS-training - INFO - Epoch 5 / 100
2026-03-11 16:32:02,927 - BasicTS-training - INFO - Result <train>: [train/time: 1011.28 (s), train/lr: 4.98e-04, train/loss: 0.3576, train/MAE: 0.3576, train/MSE: 0.4546, train/RMSE: 0.6742, train/MAPE: 2.3040, train/WAPE: 0.4952]
2026-03-11 16:32:04,370 - BasicTS-training - INFO - Start validation.
2026-03-11 16:33:56,671 - BasicTS-training - INFO - Result <val>: [val/time: 112.30 (s), val/loss: 0.3867, val/MAE: 0.3867, val/MSE: 0.6500, val/RMSE: 0.8062, val/MAPE: 2.3262, val/WAPE: 0.5053]
2026-03-11 16:38:17,357 - BasicTS-training - INFO - Result <test>: [test/time: 259.34 (s), test/loss: 0.4337, test/MAE: 0.4337, test/MSE: 0.8547, test/RMSE: 0.9245, test/MAPE: 2.4857, test/WAPE: 0.5317]
2026-03-11 16:38:20,003 - BasicTS-training - INFO - Checkpoint /mnt/users/rwl/MATS/results/main/MATS-Full-Traffic-336/9e6544deba72e22048e9cfadc53b8401/MATSArch_005.pt saved
2026-03-11 16:38:20,004 - BasicTS-training - INFO - The estimated training finish time is 2026-03-13 05:34:11
2026-03-11 16:38:20,004 - BasicTS-training - INFO - Epoch 6 / 100
2026-03-11 16:55:13,290 - BasicTS-training - INFO - Result <train>: [train/time: 1013.29 (s), train/lr: 4.97e-04, train/loss: 0.3575, train/MAE: 0.3575, train/MSE: 0.4603, train/RMSE: 0.6785, train/MAPE: 2.2575, train/WAPE: 0.4951]
2026-03-11 16:55:14,078 - BasicTS-training - INFO - Start validation.
2026-03-11 16:57:05,017 - BasicTS-training - INFO - Result <val>: [val/time: 110.94 (s), val/loss: 0.3862, val/MAE: 0.3862, val/MSE: 0.6516, val/RMSE: 0.8072, val/MAPE: 2.3115, val/WAPE: 0.5046]
2026-03-11 17:01:20,398 - BasicTS-training - INFO - Result <test>: [test/time: 254.67 (s), test/loss: 0.4341, test/MAE: 0.4341, test/MSE: 0.8604, test/RMSE: 0.9276, test/MAPE: 2.4765, test/WAPE: 0.5320]
2026-03-11 17:01:22,636 - BasicTS-training - INFO - Checkpoint /mnt/users/rwl/MATS/results/main/MATS-Full-Traffic-336/9e6544deba72e22048e9cfadc53b8401/MATSArch_006.pt saved
2026-03-11 17:01:22,637 - BasicTS-training - INFO - The estimated training finish time is 2026-03-13 05:29:29
2026-03-11 17:01:22,637 - BasicTS-training - INFO - Epoch 7 / 100
2026-03-11 17:17:53,466 - BasicTS-training - INFO - Result <train>: [train/time: 990.83 (s), train/lr: 4.96e-04, train/loss: 0.3576, train/MAE: 0.3576, train/MSE: 0.4644, train/RMSE: 0.6815, train/MAPE: 2.2274, train/WAPE: 0.4953]
2026-03-11 17:17:54,308 - BasicTS-training - INFO - Start validation.
2026-03-11 17:19:44,550 - BasicTS-training - INFO - Result <val>: [val/time: 110.24 (s), val/loss: 0.3858, val/MAE: 0.3858, val/MSE: 0.6575, val/RMSE: 0.8109, val/MAPE: 2.2896, val/WAPE: 0.5040]
2026-03-11 17:24:02,223 - BasicTS-training - INFO - Result <test>: [test/time: 256.39 (s), test/loss: 0.4330, test/MAE: 0.4330, test/MSE: 0.8626, test/RMSE: 0.9288, test/MAPE: 2.4404, test/WAPE: 0.5308]
2026-03-11 17:24:05,594 - BasicTS-training - INFO - Checkpoint /mnt/users/rwl/MATS/results/main/MATS-Full-Traffic-336/9e6544deba72e22048e9cfadc53b8401/MATSArch_007.pt saved
2026-03-11 17:24:05,594 - BasicTS-training - INFO - The estimated training finish time is 2026-03-13 05:21:27
2026-03-11 17:24:05,595 - BasicTS-training - INFO - Epoch 8 / 100
2026-03-11 17:40:47,224 - BasicTS-training - INFO - Result <train>: [train/time: 1001.63 (s), train/lr: 4.94e-04, train/loss: 0.3571, train/MAE: 0.3571, train/MSE: 0.4664, train/RMSE: 0.6829, train/MAPE: 2.2021, train/WAPE: 0.4947]
2026-03-11 17:40:49,045 - BasicTS-training - INFO - Start validation.
2026-03-11 17:42:39,397 - BasicTS-training - INFO - Result <val>: [val/time: 110.35 (s), val/loss: 0.3853, val/MAE: 0.3853, val/MSE: 0.6563, val/RMSE: 0.8102, val/MAPE: 2.2795, val/WAPE: 0.5034]
2026-03-11 17:42:41,699 - BasicTS-training - INFO - Checkpoint /mnt/users/rwl/MATS/results/main/MATS-Full-Traffic-336/9e6544deba72e22048e9cfadc53b8401/MATSArch_best_val_MAE.pt saved
2026-03-11 17:46:56,970 - BasicTS-training - INFO - Result <test>: [test/time: 255.27 (s), test/loss: 0.4332, test/MAE: 0.4332, test/MSE: 0.8661, test/RMSE: 0.9306, test/MAPE: 2.4389, test/WAPE: 0.5309]
2026-03-11 17:46:58,927 - BasicTS-training - INFO - Checkpoint /mnt/users/rwl/MATS/results/main/MATS-Full-Traffic-336/9e6544deba72e22048e9cfadc53b8401/MATSArch_008.pt saved
2026-03-11 17:46:58,928 - BasicTS-training - INFO - The estimated training finish time is 2026-03-13 05:17:35
2026-03-11 17:46:58,928 - BasicTS-training - INFO - Epoch 9 / 100
2026-03-11 18:03:52,663 - BasicTS-training - INFO - Result <train>: [train/time: 1013.73 (s), train/lr: 4.92e-04, train/loss: 0.3559, train/MAE: 0.3559, train/MSE: 0.4655, train/RMSE: 0.6823, train/MAPE: 2.1786, train/WAPE: 0.4932]
2026-03-11 18:03:55,174 - BasicTS-training - INFO - Start validation.
2026-03-11 18:05:46,473 - BasicTS-training - INFO - Result <val>: [val/time: 111.30 (s), val/loss: 0.3843, val/MAE: 0.3843, val/MSE: 0.6544, val/RMSE: 0.8089, val/MAPE: 2.2510, val/WAPE: 0.5027]
2026-03-11 18:05:49,561 - BasicTS-training - INFO - Checkpoint /mnt/users/rwl/MATS/results/main/MATS-Full-Traffic-336/9e6544deba72e22048e9cfadc53b8401/MATSArch_best_val_MAE.pt saved
2026-03-11 18:10:08,161 - BasicTS-training - INFO - Result <test>: [test/time: 258.60 (s), test/loss: 0.4316, test/MAE: 0.4316, test/MSE: 0.8586, test/RMSE: 0.9266, test/MAPE: 2.3809, test/WAPE: 0.5298]
2026-03-11 18:10:10,827 - BasicTS-training - INFO - Checkpoint /mnt/users/rwl/MATS/results/main/MATS-Full-Traffic-336/9e6544deba72e22048e9cfadc53b8401/MATSArch_009.pt saved
2026-03-11 18:10:10,827 - BasicTS-training - INFO - The estimated training finish time is 2026-03-13 05:18:01
2026-03-11 18:10:10,828 - BasicTS-training - INFO - Epoch 10 / 100
2026-03-11 18:27:02,739 - BasicTS-training - INFO - Result <train>: [train/time: 1011.91 (s), train/lr: 4.90e-04, train/loss: 0.3536, train/MAE: 0.3536, train/MSE: 0.4475, train/RMSE: 0.6689, train/MAPE: 2.2379, train/WAPE: 0.4910]
2026-03-11 18:27:04,719 - BasicTS-training - INFO - Start validation.
2026-03-11 18:28:55,548 - BasicTS-training - INFO - Result <val>: [val/time: 110.83 (s), val/loss: 0.3863, val/MAE: 0.3863, val/MSE: 0.6171, val/RMSE: 0.7856, val/MAPE: 2.3767, val/WAPE: 0.5059]
2026-03-11 18:33:14,930 - BasicTS-training - INFO - Result <test>: [test/time: 257.22 (s), test/loss: 0.4356, test/MAE: 0.4356, test/MSE: 0.8236, test/RMSE: 0.9075, test/MAPE: 2.5927, test/WAPE: 0.5358]
2026-03-11 18:33:18,271 - BasicTS-training - INFO - Checkpoint /mnt/users/rwl/MATS/results/main/MATS-Full-Traffic-336/9e6544deba72e22048e9cfadc53b8401/MATSArch_010.pt saved
2026-03-11 18:33:18,853 - BasicTS-training - INFO - The estimated training finish time is 2026-03-13 05:17:43
2026-03-11 18:33:18,853 - BasicTS-training - INFO - Epoch 11 / 100
2026-03-11 18:49:52,328 - BasicTS-training - INFO - Result <train>: [train/time: 993.47 (s), train/lr: 4.88e-04, train/loss: 0.3470, train/MAE: 0.3470, train/MSE: 0.4174, train/RMSE: 0.6461, train/MAPE: 2.3079, train/WAPE: 0.4825]
2026-03-11 18:49:54,336 - BasicTS-training - INFO - Start validation.
2026-03-11 18:51:44,555 - BasicTS-training - INFO - Result <val>: [val/time: 110.22 (s), val/loss: 0.3766, val/MAE: 0.3766, val/MSE: 0.6074, val/RMSE: 0.7794, val/MAPE: 2.2806, val/WAPE: 0.4935]
2026-03-11 18:51:46,566 - BasicTS-training - INFO - Checkpoint /mnt/users/rwl/MATS/results/main/MATS-Full-Traffic-336/9e6544deba72e22048e9cfadc53b8401/MATSArch_best_val_MAE.pt saved
2026-03-11 18:56:04,014 - BasicTS-training - INFO - Result <test>: [test/time: 257.45 (s), test/loss: 0.4243, test/MAE: 0.4243, test/MSE: 0.8005, test/RMSE: 0.8947, test/MAPE: 2.4553, test/WAPE: 0.5218]
2026-03-11 18:56:06,889 - BasicTS-training - INFO - Checkpoint /mnt/users/rwl/MATS/results/main/MATS-Full-Traffic-336/9e6544deba72e22048e9cfadc53b8401/MATSArch_011.pt saved
2026-03-11 18:56:06,890 - BasicTS-training - INFO - The estimated training finish time is 2026-03-13 05:14:27
2026-03-11 18:56:06,891 - BasicTS-training - INFO - Epoch 12 / 100
2026-03-11 19:12:38,349 - BasicTS-training - INFO - Result <train>: [train/time: 991.46 (s), train/lr: 4.85e-04, train/loss: 0.3440, train/MAE: 0.3440, train/MSE: 0.4120, train/RMSE: 0.6419, train/MAPE: 2.3031, train/WAPE: 0.4784]
2026-03-11 19:12:40,410 - BasicTS-training - INFO - Start validation.
2026-03-11 19:14:32,563 - BasicTS-training - INFO - Result <val>: [val/time: 112.15 (s), val/loss: 0.3749, val/MAE: 0.3749, val/MSE: 0.6063, val/RMSE: 0.7786, val/MAPE: 2.3743, val/WAPE: 0.4902]
2026-03-11 19:14:34,666 - BasicTS-training - INFO - Checkpoint /mnt/users/rwl/MATS/results/main/MATS-Full-Traffic-336/9e6544deba72e22048e9cfadc53b8401/MATSArch_best_val_MAE.pt saved
2026-03-11 19:18:59,562 - BasicTS-training - INFO - Result <test>: [test/time: 264.89 (s), test/loss: 0.4227, test/MAE: 0.4227, test/MSE: 0.8026, test/RMSE: 0.8959, test/MAPE: 2.5469, test/WAPE: 0.5193]
2026-03-11 19:19:03,717 - BasicTS-training - INFO - Checkpoint /mnt/users/rwl/MATS/results/main/MATS-Full-Traffic-336/9e6544deba72e22048e9cfadc53b8401/MATSArch_012.pt saved
2026-03-11 19:19:03,718 - BasicTS-training - INFO - The estimated training finish time is 2026-03-13 05:12:56
2026-03-11 19:19:03,718 - BasicTS-training - INFO - Epoch 13 / 100
2026-03-11 19:36:19,660 - BasicTS-training - INFO - Result <train>: [train/time: 1035.94 (s), train/lr: 4.82e-04, train/loss: 0.3427, train/MAE: 0.3427, train/MSE: 0.4100, train/RMSE: 0.6403, train/MAPE: 2.2965, train/WAPE: 0.4765]
2026-03-11 19:36:21,417 - BasicTS-training - INFO - Start validation.
2026-03-11 19:38:16,792 - BasicTS-training - INFO - Result <val>: [val/time: 115.37 (s), val/loss: 0.3741, val/MAE: 0.3741, val/MSE: 0.6018, val/RMSE: 0.7758, val/MAPE: 2.3856, val/WAPE: 0.4893]
2026-03-11 19:38:19,920 - BasicTS-training - INFO - Checkpoint /mnt/users/rwl/MATS/results/main/MATS-Full-Traffic-336/9e6544deba72e22048e9cfadc53b8401/MATSArch_best_val_MAE.pt saved
2026-03-11 19:42:47,993 - BasicTS-training - INFO - Result <test>: [test/time: 267.97 (s), test/loss: 0.4230, test/MAE: 0.4230, test/MSE: 0.8000, test/RMSE: 0.8944, test/MAPE: 2.5665, test/WAPE: 0.5195]
2026-03-11 19:42:52,493 - BasicTS-training - INFO - Checkpoint /mnt/users/rwl/MATS/results/main/MATS-Full-Traffic-336/9e6544deba72e22048e9cfadc53b8401/MATSArch_013.pt saved
2026-03-11 19:42:52,494 - BasicTS-training - INFO - The estimated training finish time is 2026-03-13 05:18:19
2026-03-11 19:42:52,494 - BasicTS-training - INFO - Epoch 14 / 100
2026-03-11 20:00:18,324 - BasicTS-training - INFO - Result <train>: [train/time: 1045.83 (s), train/lr: 4.79e-04, train/loss: 0.3422, train/MAE: 0.3422, train/MSE: 0.4091, train/RMSE: 0.6396, train/MAPE: 2.2971, train/WAPE: 0.4758]
2026-03-11 20:00:21,365 - BasicTS-training - INFO - Start validation.
2026-03-11 20:02:15,400 - BasicTS-training - INFO - Result <val>: [val/time: 114.03 (s), val/loss: 0.3724, val/MAE: 0.3724, val/MSE: 0.5990, val/RMSE: 0.7739, val/MAPE: 2.3613, val/WAPE: 0.4872]
2026-03-11 20:02:20,340 - BasicTS-training - INFO - Checkpoint /mnt/users/rwl/MATS/results/main/MATS-Full-Traffic-336/9e6544deba72e22048e9cfadc53b8401/MATSArch_best_val_MAE.pt saved
2026-03-11 20:06:47,078 - BasicTS-training - INFO - Result <test>: [test/time: 266.71 (s), test/loss: 0.4217, test/MAE: 0.4217, test/MSE: 0.7990, test/RMSE: 0.8938, test/MAPE: 2.5424, test/WAPE: 0.5178]
2026-03-11 20:06:51,996 - BasicTS-training - INFO - Checkpoint /mnt/users/rwl/MATS/results/main/MATS-Full-Traffic-336/9e6544deba72e22048e9cfadc53b8401/MATSArch_014.pt saved
2026-03-11 20:06:51,996 - BasicTS-training - INFO - The estimated training finish time is 2026-03-13 05:24:13
2026-03-11 20:06:51,996 - BasicTS-training - INFO - Epoch 15 / 100
2026-03-11 20:24:12,497 - BasicTS-training - INFO - Result <train>: [train/time: 1040.50 (s), train/lr: 4.76e-04, train/loss: 0.3416, train/MAE: 0.3416, train/MSE: 0.4083, train/RMSE: 0.6390, train/MAPE: 2.2922, train/WAPE: 0.4750]
2026-03-11 20:24:14,622 - BasicTS-training - INFO - Start validation.
2026-03-11 20:26:10,583 - BasicTS-training - INFO - Result <val>: [val/time: 115.96 (s), val/loss: 0.3697, val/MAE: 0.3697, val/MSE: 0.5981, val/RMSE: 0.7734, val/MAPE: 2.3457, val/WAPE: 0.4832]
2026-03-11 20:26:12,337 - BasicTS-training - INFO - Checkpoint /mnt/users/rwl/MATS/results/main/MATS-Full-Traffic-336/9e6544deba72e22048e9cfadc53b8401/MATSArch_best_val_MAE.pt saved
2026-03-11 20:30:41,713 - BasicTS-training - INFO - Result <test>: [test/time: 269.37 (s), test/loss: 0.4199, test/MAE: 0.4199, test/MSE: 0.7964, test/RMSE: 0.8924, test/MAPE: 2.5291, test/WAPE: 0.5154]
2026-03-11 20:30:45,214 - BasicTS-training - INFO - Checkpoint /mnt/users/rwl/MATS/results/main/MATS-Full-Traffic-336/9e6544deba72e22048e9cfadc53b8401/MATSArch_015.pt saved
2026-03-11 20:30:45,215 - BasicTS-training - INFO - The estimated training finish time is 2026-03-13 05:28:37
2026-03-11 20:30:45,215 - BasicTS-training - INFO - Epoch 16 / 100
2026-03-11 20:48:17,663 - BasicTS-training - INFO - Result <train>: [train/time: 1052.45 (s), train/lr: 4.73e-04, train/loss: 0.3410, train/MAE: 0.3410, train/MSE: 0.4072, train/RMSE: 0.6381, train/MAPE: 2.2900, train/WAPE: 0.4742]
2026-03-11 20:48:19,489 - BasicTS-training - INFO - Start validation.
2026-03-11 20:50:15,161 - BasicTS-training - INFO - Result <val>: [val/time: 115.67 (s), val/loss: 0.3701, val/MAE: 0.3701, val/MSE: 0.5934, val/RMSE: 0.7703, val/MAPE: 2.3054, val/WAPE: 0.4841]
2026-03-11 20:54:47,006 - BasicTS-training - INFO - Result <test>: [test/time: 269.97 (s), test/loss: 0.4204, test/MAE: 0.4204, test/MSE: 0.7841, test/RMSE: 0.8855, test/MAPE: 2.4855, test/WAPE: 0.5166]
2026-03-11 20:54:49,987 - BasicTS-training - INFO - Checkpoint /mnt/users/rwl/MATS/results/main/MATS-Full-Traffic-336/9e6544deba72e22048e9cfadc53b8401/MATSArch_016.pt saved
2026-03-11 20:54:49,987 - BasicTS-training - INFO - The estimated training finish time is 2026-03-13 05:33:41
2026-03-11 20:54:49,987 - BasicTS-training - INFO - Epoch 17 / 100
2026-03-11 21:12:14,085 - BasicTS-training - INFO - Result <train>: [train/time: 1044.10 (s), train/lr: 4.69e-04, train/loss: 0.3405, train/MAE: 0.3405, train/MSE: 0.4062, train/RMSE: 0.6373, train/MAPE: 2.2889, train/WAPE: 0.4734]
2026-03-11 21:12:14,928 - BasicTS-training - INFO - Start validation.
2026-03-11 21:14:09,109 - BasicTS-training - INFO - Result <val>: [val/time: 114.18 (s), val/loss: 0.3695, val/MAE: 0.3695, val/MSE: 0.5925, val/RMSE: 0.7697, val/MAPE: 2.3256, val/WAPE: 0.4831]
2026-03-11 21:14:11,138 - BasicTS-training - INFO - Checkpoint /mnt/users/rwl/MATS/results/main/MATS-Full-Traffic-336/9e6544deba72e22048e9cfadc53b8401/MATSArch_best_val_MAE.pt saved
2026-03-11 21:18:37,188 - BasicTS-training - INFO - Result <test>: [test/time: 266.05 (s), test/loss: 0.4183, test/MAE: 0.4183, test/MSE: 0.7826, test/RMSE: 0.8847, test/MAPE: 2.5095, test/WAPE: 0.5138]
2026-03-11 21:18:40,714 - BasicTS-training - INFO - Checkpoint /mnt/users/rwl/MATS/results/main/MATS-Full-Traffic-336/9e6544deba72e22048e9cfadc53b8401/MATSArch_017.pt saved
2026-03-11 21:18:40,715 - BasicTS-training - INFO - The estimated training finish time is 2026-03-13 05:36:46
2026-03-11 21:18:40,715 - BasicTS-training - INFO - Epoch 18 / 100
2026-03-11 21:35:56,800 - BasicTS-training - INFO - Result <train>: [train/time: 1036.08 (s), train/lr: 4.65e-04, train/loss: 0.3404, train/MAE: 0.3404, train/MSE: 0.4060, train/RMSE: 0.6371, train/MAPE: 2.2874, train/WAPE: 0.4732]
2026-03-11 21:35:57,594 - BasicTS-training - INFO - Start validation.
2026-03-11 21:37:51,506 - BasicTS-training - INFO - Result <val>: [val/time: 113.91 (s), val/loss: 0.3701, val/MAE: 0.3701, val/MSE: 0.5943, val/RMSE: 0.7709, val/MAPE: 2.3267, val/WAPE: 0.4838]
2026-03-11 21:42:18,114 - BasicTS-training - INFO - Result <test>: [test/time: 265.61 (s), test/loss: 0.4191, test/MAE: 0.4191, test/MSE: 0.7927, test/RMSE: 0.8903, test/MAPE: 2.5188, test/WAPE: 0.5142]
2026-03-11 21:42:20,279 - BasicTS-training - INFO - Checkpoint /mnt/users/rwl/MATS/results/main/MATS-Full-Traffic-336/9e6544deba72e22048e9cfadc53b8401/MATSArch_018.pt saved
2026-03-11 21:42:20,279 - BasicTS-training - INFO - The estimated training finish time is 2026-03-13 05:38:29
2026-03-11 21:42:20,279 - BasicTS-training - INFO - Epoch 19 / 100
2026-03-11 21:59:53,304 - BasicTS-training - INFO - Result <train>: [train/time: 1053.02 (s), train/lr: 4.61e-04, train/loss: 0.3401, train/MAE: 0.3401, train/MSE: 0.4050, train/RMSE: 0.6364, train/MAPE: 2.2852, train/WAPE: 0.4727]
2026-03-11 21:59:55,073 - BasicTS-training - INFO - Start validation.
2026-03-11 22:01:49,279 - BasicTS-training - INFO - Result <val>: [val/time: 114.20 (s), val/loss: 0.3686, val/MAE: 0.3686, val/MSE: 0.5959, val/RMSE: 0.7720, val/MAPE: 2.2567, val/WAPE: 0.4818]
2026-03-11 22:01:50,854 - BasicTS-training - INFO - Checkpoint /mnt/users/rwl/MATS/results/main/MATS-Full-Traffic-336/9e6544deba72e22048e9cfadc53b8401/MATSArch_best_val_MAE.pt saved
2026-03-11 22:06:22,994 - BasicTS-training - INFO - Result <test>: [test/time: 272.14 (s), test/loss: 0.4172, test/MAE: 0.4172, test/MSE: 0.7846, test/RMSE: 0.8858, test/MAPE: 2.4246, test/WAPE: 0.5123]
2026-03-11 22:06:24,754 - BasicTS-training - INFO - Checkpoint /mnt/users/rwl/MATS/results/main/MATS-Full-Traffic-336/9e6544deba72e22048e9cfadc53b8401/MATSArch_019.pt saved
2026-03-11 22:06:24,754 - BasicTS-training - INFO - The estimated training finish time is 2026-03-13 05:42:12
2026-03-11 22:06:24,755 - BasicTS-training - INFO - Epoch 20 / 100
2026-03-11 22:23:47,558 - BasicTS-training - INFO - Result <train>: [train/time: 1042.80 (s), train/lr: 4.57e-04, train/loss: 0.3397, train/MAE: 0.3397, train/MSE: 0.4047, train/RMSE: 0.6362, train/MAPE: 2.2852, train/WAPE: 0.4722]
2026-03-11 22:23:48,861 - BasicTS-training - INFO - Start validation.
2026-03-11 22:25:42,924 - BasicTS-training - INFO - Result <val>: [val/time: 114.06 (s), val/loss: 0.3698, val/MAE: 0.3698, val/MSE: 0.5957, val/RMSE: 0.7718, val/MAPE: 2.3678, val/WAPE: 0.4831]
2026-03-11 22:30:05,949 - BasicTS-training - INFO - Result <test>: [test/time: 262.35 (s), test/loss: 0.4198, test/MAE: 0.4198, test/MSE: 0.7920, test/RMSE: 0.8899, test/MAPE: 2.5649, test/WAPE: 0.5149]
2026-03-11 22:30:07,115 - BasicTS-training - INFO - Checkpoint /mnt/users/rwl/MATS/results/main/MATS-Full-Traffic-336/9e6544deba72e22048e9cfadc53b8401/MATSArch_020.pt saved
2026-03-11 22:30:07,521 - BasicTS-training - INFO - The estimated training finish time is 2026-03-13 05:43:44
2026-03-11 22:30:07,521 - BasicTS-training - INFO - Epoch 21 / 100
2026-03-11 22:47:20,449 - BasicTS-training - INFO - Result <train>: [train/time: 1032.93 (s), train/lr: 4.52e-04, train/loss: 0.3394, train/MAE: 0.3394, train/MSE: 0.4042, train/RMSE: 0.6358, train/MAPE: 2.2826, train/WAPE: 0.4718]
2026-03-11 22:47:21,928 - BasicTS-training - INFO - Start validation.
2026-03-11 22:49:15,806 - BasicTS-training - INFO - Result <val>: [val/time: 113.88 (s), val/loss: 0.3675, val/MAE: 0.3675, val/MSE: 0.5930, val/RMSE: 0.7701, val/MAPE: 2.3122, val/WAPE: 0.4802]
2026-03-11 22:49:17,897 - BasicTS-training - INFO - Checkpoint /mnt/users/rwl/MATS/results/main/MATS-Full-Traffic-336/9e6544deba72e22048e9cfadc53b8401/MATSArch_best_val_MAE.pt saved
2026-03-11 22:53:43,083 - BasicTS-training - INFO - Result <test>: [test/time: 265.18 (s), test/loss: 0.4181, test/MAE: 0.4181, test/MSE: 0.7906, test/RMSE: 0.8891, test/MAPE: 2.5004, test/WAPE: 0.5131]
2026-03-11 22:53:46,492 - BasicTS-training - INFO - Checkpoint /mnt/users/rwl/MATS/results/main/MATS-Full-Traffic-336/9e6544deba72e22048e9cfadc53b8401/MATSArch_021.pt saved
2026-03-11 22:53:46,493 - BasicTS-training - INFO - The estimated training finish time is 2026-03-13 05:44:49
2026-03-11 22:53:46,493 - BasicTS-training - INFO - Epoch 22 / 100
2026-03-11 23:10:46,341 - BasicTS-training - INFO - Result <train>: [train/time: 1019.85 (s), train/lr: 4.48e-04, train/loss: 0.3392, train/MAE: 0.3392, train/MSE: 0.4035, train/RMSE: 0.6352, train/MAPE: 2.2823, train/WAPE: 0.4715]
2026-03-11 23:10:46,928 - BasicTS-training - INFO - Start validation.
2026-03-11 23:12:35,680 - BasicTS-training - INFO - Result <val>: [val/time: 108.75 (s), val/loss: 0.3706, val/MAE: 0.3706, val/MSE: 0.5903, val/RMSE: 0.7683, val/MAPE: 2.4080, val/WAPE: 0.4839]
2026-03-11 23:16:50,737 - BasicTS-training - INFO - Result <test>: [test/time: 254.02 (s), test/loss: 0.4203, test/MAE: 0.4203, test/MSE: 0.7878, test/RMSE: 0.8876, test/MAPE: 2.6143, test/WAPE: 0.5159]
2026-03-11 23:16:53,949 - BasicTS-training - INFO - Checkpoint /mnt/users/rwl/MATS/results/main/MATS-Full-Traffic-336/9e6544deba72e22048e9cfadc53b8401/MATSArch_022.pt saved
2026-03-11 23:16:53,950 - BasicTS-training - INFO - The estimated training finish time is 2026-03-13 05:43:25
2026-03-11 23:16:53,950 - BasicTS-training - INFO - Epoch 23 / 100
2026-03-11 23:33:29,583 - BasicTS-training - INFO - Result <train>: [train/time: 995.63 (s), train/lr: 4.43e-04, train/loss: 0.3389, train/MAE: 0.3389, train/MSE: 0.4029, train/RMSE: 0.6348, train/MAPE: 2.2814, train/WAPE: 0.4710]
2026-03-11 23:33:30,675 - BasicTS-training - INFO - Start validation.
2026-03-11 23:35:19,787 - BasicTS-training - INFO - Result <val>: [val/time: 109.11 (s), val/loss: 0.3710, val/MAE: 0.3710, val/MSE: 0.5920, val/RMSE: 0.7694, val/MAPE: 2.4162, val/WAPE: 0.4840]
2026-03-11 23:39:34,908 - BasicTS-training - INFO - Result <test>: [test/time: 254.47 (s), test/loss: 0.4200, test/MAE: 0.4200, test/MSE: 0.7841, test/RMSE: 0.8855, test/MAPE: 2.6297, test/WAPE: 0.5152]
2026-03-11 23:39:38,294 - BasicTS-training - INFO - Checkpoint /mnt/users/rwl/MATS/results/main/MATS-Full-Traffic-336/9e6544deba72e22048e9cfadc53b8401/MATSArch_023.pt saved
2026-03-11 23:39:38,295 - BasicTS-training - INFO - The estimated training finish time is 2026-03-13 05:40:28
2026-03-11 23:39:38,295 - BasicTS-training - INFO - Epoch 24 / 100
2026-03-11 23:56:27,786 - BasicTS-training - INFO - Result <train>: [train/time: 1009.49 (s), train/lr: 4.38e-04, train/loss: 0.3388, train/MAE: 0.3388, train/MSE: 0.4026, train/RMSE: 0.6345, train/MAPE: 2.2832, train/WAPE: 0.4708]
2026-03-11 23:56:29,203 - BasicTS-training - INFO - Start validation.
2026-03-11 23:58:19,473 - BasicTS-training - INFO - Result <val>: [val/time: 110.27 (s), val/loss: 0.3672, val/MAE: 0.3672, val/MSE: 0.5889, val/RMSE: 0.7674, val/MAPE: 2.3369, val/WAPE: 0.4801]
2026-03-11 23:58:21,467 - BasicTS-training - INFO - Checkpoint /mnt/users/rwl/MATS/results/main/MATS-Full-Traffic-336/9e6544deba72e22048e9cfadc53b8401/MATSArch_best_val_MAE.pt saved
2026-03-12 00:02:39,195 - BasicTS-training - INFO - Result <test>: [test/time: 257.73 (s), test/loss: 0.4183, test/MAE: 0.4183, test/MSE: 0.7848, test/RMSE: 0.8859, test/MAPE: 2.5416, test/WAPE: 0.5136]
2026-03-12 00:02:41,979 - BasicTS-training - INFO - Checkpoint /mnt/users/rwl/MATS/results/main/MATS-Full-Traffic-336/9e6544deba72e22048e9cfadc53b8401/MATSArch_024.pt saved
2026-03-12 00:02:41,980 - BasicTS-training - INFO - The estimated training finish time is 2026-03-13 05:39:06
2026-03-12 00:02:41,980 - BasicTS-training - INFO - Epoch 25 / 100
2026-03-12 00:19:25,078 - BasicTS-training - INFO - Result <train>: [train/time: 1003.10 (s), train/lr: 4.32e-04, train/loss: 0.3387, train/MAE: 0.3387, train/MSE: 0.4023, train/RMSE: 0.6343, train/MAPE: 2.2818, train/WAPE: 0.4706]
2026-03-12 00:19:26,552 - BasicTS-training - INFO - Start validation.
2026-03-12 00:21:19,325 - BasicTS-training - INFO - Result <val>: [val/time: 112.77 (s), val/loss: 0.3695, val/MAE: 0.3695, val/MSE: 0.5989, val/RMSE: 0.7739, val/MAPE: 2.3537, val/WAPE: 0.4822]
2026-03-12 00:25:36,939 - BasicTS-training - INFO - Result <test>: [test/time: 256.51 (s), test/loss: 0.4194, test/MAE: 0.4194, test/MSE: 0.7989, test/RMSE: 0.8938, test/MAPE: 2.5434, test/WAPE: 0.5140]
2026-03-12 00:25:39,156 - BasicTS-training - INFO - Checkpoint /mnt/users/rwl/MATS/results/main/MATS-Full-Traffic-336/9e6544deba72e22048e9cfadc53b8401/MATSArch_025.pt saved
2026-03-12 00:25:39,157 - BasicTS-training - INFO - The estimated training finish time is 2026-03-13 05:37:25
2026-03-12 00:25:39,157 - BasicTS-training - INFO - Epoch 26 / 100
2026-03-12 00:42:30,177 - BasicTS-training - INFO - Result <train>: [train/time: 1011.02 (s), train/lr: 4.27e-04, train/loss: 0.3385, train/MAE: 0.3385, train/MSE: 0.4021, train/RMSE: 0.6341, train/MAPE: 2.2803, train/WAPE: 0.4703]
2026-03-12 00:42:31,537 - BasicTS-training - INFO - Start validation.
2026-03-12 00:44:23,061 - BasicTS-training - INFO - Result <val>: [val/time: 111.52 (s), val/loss: 0.3666, val/MAE: 0.3666, val/MSE: 0.5845, val/RMSE: 0.7645, val/MAPE: 2.2729, val/WAPE: 0.4799]
2026-03-12 00:44:25,484 - BasicTS-training - INFO - Checkpoint /mnt/users/rwl/MATS/results/main/MATS-Full-Traffic-336/9e6544deba72e22048e9cfadc53b8401/MATSArch_best_val_MAE.pt saved
2026-03-12 00:48:43,458 - BasicTS-training - INFO - Result <test>: [test/time: 257.97 (s), test/loss: 0.4156, test/MAE: 0.4156, test/MSE: 0.7680, test/RMSE: 0.8763, test/MAPE: 2.4521, test/WAPE: 0.5111]
2026-03-12 00:48:45,429 - BasicTS-training - INFO - Checkpoint /mnt/users/rwl/MATS/results/main/MATS-Full-Traffic-336/9e6544deba72e22048e9cfadc53b8401/MATSArch_026.pt saved
2026-03-12 00:48:45,429 - BasicTS-training - INFO - The estimated training finish time is 2026-03-13 05:36:27
2026-03-12 00:48:45,429 - BasicTS-training - INFO - Epoch 27 / 100
2026-03-12 01:05:36,373 - BasicTS-training - INFO - Result <train>: [train/time: 1010.94 (s), train/lr: 4.21e-04, train/loss: 0.3383, train/MAE: 0.3383, train/MSE: 0.4018, train/RMSE: 0.6339, train/MAPE: 2.2800, train/WAPE: 0.4701]
2026-03-12 01:05:38,143 - BasicTS-training - INFO - Start validation.
2026-03-12 01:07:30,576 - BasicTS-training - INFO - Result <val>: [val/time: 112.43 (s), val/loss: 0.3695, val/MAE: 0.3695, val/MSE: 0.5977, val/RMSE: 0.7731, val/MAPE: 2.2720, val/WAPE: 0.4828]
2026-03-12 01:11:51,720 - BasicTS-training - INFO - Result <test>: [test/time: 258.21 (s), test/loss: 0.4176, test/MAE: 0.4176, test/MSE: 0.7937, test/RMSE: 0.8909, test/MAPE: 2.4397, test/WAPE: 0.5122]
2026-03-12 01:11:54,689 - BasicTS-training - INFO - Checkpoint /mnt/users/rwl/MATS/results/main/MATS-Full-Traffic-336/9e6544deba72e22048e9cfadc53b8401/MATSArch_027.pt saved
2026-03-12 01:11:54,690 - BasicTS-training - INFO - The estimated training finish time is 2026-03-13 05:35:44
2026-03-12 01:11:54,690 - BasicTS-training - INFO - Epoch 28 / 100
2026-03-12 01:28:50,299 - BasicTS-training - INFO - Result <train>: [train/time: 1015.61 (s), train/lr: 4.15e-04, train/loss: 0.3381, train/MAE: 0.3381, train/MSE: 0.4017, train/RMSE: 0.6338, train/MAPE: 2.2782, train/WAPE: 0.4698]
2026-03-12 01:28:51,866 - BasicTS-training - INFO - Start validation.
2026-03-12 01:30:43,660 - BasicTS-training - INFO - Result <val>: [val/time: 111.79 (s), val/loss: 0.3677, val/MAE: 0.3677, val/MSE: 0.5849, val/RMSE: 0.7648, val/MAPE: 2.3414, val/WAPE: 0.4808]
2026-03-12 01:35:04,779 - BasicTS-training - INFO - Result <test>: [test/time: 260.15 (s), test/loss: 0.4168, test/MAE: 0.4168, test/MSE: 0.7753, test/RMSE: 0.8805, test/MAPE: 2.5224, test/WAPE: 0.5118]
2026-03-12 01:35:07,381 - BasicTS-training - INFO - Checkpoint /mnt/users/rwl/MATS/results/main/MATS-Full-Traffic-336/9e6544deba72e22048e9cfadc53b8401/MATSArch_028.pt saved
2026-03-12 01:35:07,382 - BasicTS-training - INFO - The estimated training finish time is 2026-03-13 05:35:16
2026-03-12 01:35:07,382 - BasicTS-training - INFO - Epoch 29 / 100
2026-03-12 01:52:01,777 - BasicTS-training - INFO - Result <train>: [train/time: 1014.40 (s), train/lr: 4.09e-04, train/loss: 0.3381, train/MAE: 0.3381, train/MSE: 0.4016, train/RMSE: 0.6337, train/MAPE: 2.2773, train/WAPE: 0.4698]
2026-03-12 01:52:04,472 - BasicTS-training - INFO - Start validation.
2026-03-12 01:53:55,891 - BasicTS-training - INFO - Result <val>: [val/time: 111.42 (s), val/loss: 0.3715, val/MAE: 0.3715, val/MSE: 0.5906, val/RMSE: 0.7685, val/MAPE: 2.4870, val/WAPE: 0.4857]
2026-03-12 01:58:16,947 - BasicTS-training - INFO - Result <test>: [test/time: 259.82 (s), test/loss: 0.4221, test/MAE: 0.4221, test/MSE: 0.7849, test/RMSE: 0.8859, test/MAPE: 2.7022, test/WAPE: 0.5183]
2026-03-12 01:58:20,129 - BasicTS-training - INFO - Checkpoint /mnt/users/rwl/MATS/results/main/MATS-Full-Traffic-336/9e6544deba72e22048e9cfadc53b8401/MATSArch_029.pt saved
2026-03-12 01:58:20,130 - BasicTS-training - INFO - The estimated training finish time is 2026-03-13 05:34:50
2026-03-12 01:58:20,130 - BasicTS-training - INFO - Epoch 30 / 100
2026-03-12 02:15:12,779 - BasicTS-training - INFO - Result <train>: [train/time: 1012.65 (s), train/lr: 4.03e-04, train/loss: 0.3379, train/MAE: 0.3379, train/MSE: 0.4015, train/RMSE: 0.6336, train/MAPE: 2.2781, train/WAPE: 0.4696]
2026-03-12 02:15:14,113 - BasicTS-training - INFO - Start validation.
2026-03-12 02:17:06,234 - BasicTS-training - INFO - Result <val>: [val/time: 112.12 (s), val/loss: 0.3667, val/MAE: 0.3667, val/MSE: 0.5936, val/RMSE: 0.7704, val/MAPE: 2.2927, val/WAPE: 0.4790]
2026-03-12 02:21:27,137 - BasicTS-training - INFO - Result <test>: [test/time: 259.60 (s), test/loss: 0.4171, test/MAE: 0.4171, test/MSE: 0.7927, test/RMSE: 0.8903, test/MAPE: 2.4784, test/WAPE: 0.5113]
2026-03-12 02:21:29,939 - BasicTS-training - INFO - Checkpoint /mnt/users/rwl/MATS/results/main/MATS-Full-Traffic-336/9e6544deba72e22048e9cfadc53b8401/MATSArch_030.pt saved
2026-03-12 02:21:30,776 - BasicTS-training - INFO - The estimated training finish time is 2026-03-13 05:34:19
2026-03-12 02:21:30,776 - BasicTS-training - INFO - Epoch 31 / 100
2026-03-12 02:38:24,561 - BasicTS-training - INFO - Result <train>: [train/time: 1013.78 (s), train/lr: 3.97e-04, train/loss: 0.3379, train/MAE: 0.3379, train/MSE: 0.4014, train/RMSE: 0.6336, train/MAPE: 2.2764, train/WAPE: 0.4695]
2026-03-12 02:38:26,270 - BasicTS-training - INFO - Start validation.
2026-03-12 02:40:17,458 - BasicTS-training - INFO - Result <val>: [val/time: 111.19 (s), val/loss: 0.3668, val/MAE: 0.3668, val/MSE: 0.5929, val/RMSE: 0.7700, val/MAPE: 2.3102, val/WAPE: 0.4793]
2026-03-12 02:44:38,959 - BasicTS-training - INFO - Result <test>: [test/time: 259.59 (s), test/loss: 0.4164, test/MAE: 0.4164, test/MSE: 0.7927, test/RMSE: 0.8903, test/MAPE: 2.5109, test/WAPE: 0.5104]
2026-03-12 02:44:42,693 - BasicTS-training - INFO - Checkpoint /mnt/users/rwl/MATS/results/main/MATS-Full-Traffic-336/9e6544deba72e22048e9cfadc53b8401/MATSArch_031.pt saved
2026-03-12 02:44:42,694 - BasicTS-training - INFO - The estimated training finish time is 2026-03-13 05:33:55
2026-03-12 02:44:42,694 - BasicTS-training - INFO - Epoch 32 / 100
2026-03-12 03:01:26,075 - BasicTS-training - INFO - Result <train>: [train/time: 1003.38 (s), train/lr: 3.91e-04, train/loss: 0.3376, train/MAE: 0.3376, train/MSE: 0.4010, train/RMSE: 0.6333, train/MAPE: 2.2760, train/WAPE: 0.4691]
2026-03-12 03:01:29,334 - BasicTS-training - INFO - Start validation.
2026-03-12 03:03:18,337 - BasicTS-training - INFO - Result <val>: [val/time: 109.00 (s), val/loss: 0.3667, val/MAE: 0.3667, val/MSE: 0.5958, val/RMSE: 0.7719, val/MAPE: 2.2895, val/WAPE: 0.4784]
2026-03-12 03:07:34,622 - BasicTS-training - INFO - Result <test>: [test/time: 254.67 (s), test/loss: 0.4172, test/MAE: 0.4172, test/MSE: 0.7919, test/RMSE: 0.8899, test/MAPE: 2.5064, test/WAPE: 0.5117]
2026-03-12 03:07:37,821 - BasicTS-training - INFO - Checkpoint /mnt/users/rwl/MATS/results/main/MATS-Full-Traffic-336/9e6544deba72e22048e9cfadc53b8401/MATSArch_032.pt saved
2026-03-12 03:07:37,822 - BasicTS-training - INFO - The estimated training finish time is 2026-03-13 05:32:39
2026-03-12 03:07:37,822 - BasicTS-training - INFO - Epoch 33 / 100
2026-03-12 03:24:24,095 - BasicTS-training - INFO - Result <train>: [train/time: 1006.27 (s), train/lr: 3.84e-04, train/loss: 0.3376, train/MAE: 0.3376, train/MSE: 0.4011, train/RMSE: 0.6334, train/MAPE: 2.2762, train/WAPE: 0.4691]
2026-03-12 03:24:25,735 - BasicTS-training - INFO - Start validation.
2026-03-12 03:26:16,445 - BasicTS-training - INFO - Result <val>: [val/time: 110.71 (s), val/loss: 0.3657, val/MAE: 0.3657, val/MSE: 0.5875, val/RMSE: 0.7665, val/MAPE: 2.3106, val/WAPE: 0.4777]
2026-03-12 03:26:19,732 - BasicTS-training - INFO - Checkpoint /mnt/users/rwl/MATS/results/main/MATS-Full-Traffic-336/9e6544deba72e22048e9cfadc53b8401/MATSArch_best_val_MAE.pt saved
2026-03-12 03:30:37,145 - BasicTS-training - INFO - Result <test>: [test/time: 257.41 (s), test/loss: 0.4151, test/MAE: 0.4151, test/MSE: 0.7794, test/RMSE: 0.8828, test/MAPE: 2.5097, test/WAPE: 0.5096]
2026-03-12 03:30:39,694 - BasicTS-training - INFO - Checkpoint /mnt/users/rwl/MATS/results/main/MATS-Full-Traffic-336/9e6544deba72e22048e9cfadc53b8401/MATSArch_033.pt saved
2026-03-12 03:30:39,695 - BasicTS-training - INFO - The estimated training finish time is 2026-03-13 05:31:48
2026-03-12 03:30:39,695 - BasicTS-training - INFO - Epoch 34 / 100
2026-03-12 03:47:21,566 - BasicTS-training - INFO - Result <train>: [train/time: 1001.87 (s), train/lr: 3.77e-04, train/loss: 0.3375, train/MAE: 0.3375, train/MSE: 0.4011, train/RMSE: 0.6333, train/MAPE: 2.2756, train/WAPE: 0.4691]
2026-03-12 03:47:24,059 - BasicTS-training - INFO - Start validation.
2026-03-12 03:49:13,250 - BasicTS-training - INFO - Result <val>: [val/time: 109.19 (s), val/loss: 0.3686, val/MAE: 0.3686, val/MSE: 0.5951, val/RMSE: 0.7715, val/MAPE: 2.2776, val/WAPE: 0.4814]
2026-03-12 03:53:33,624 - BasicTS-training - INFO - Result <test>: [test/time: 257.52 (s), test/loss: 0.4172, test/MAE: 0.4172, test/MSE: 0.7874, test/RMSE: 0.8873, test/MAPE: 2.4445, test/WAPE: 0.5119]
2026-03-12 03:53:37,442 - BasicTS-training - INFO - Checkpoint /mnt/users/rwl/MATS/results/main/MATS-Full-Traffic-336/9e6544deba72e22048e9cfadc53b8401/MATSArch_034.pt saved
2026-03-12 03:53:37,443 - BasicTS-training - INFO - The estimated training finish time is 2026-03-13 05:30:48
2026-03-12 03:53:37,443 - BasicTS-training - INFO - Epoch 35 / 100
2026-03-12 04:10:16,427 - BasicTS-training - INFO - Result <train>: [train/time: 998.98 (s), train/lr: 3.70e-04, train/loss: 0.3375, train/MAE: 0.3375, train/MSE: 0.4009, train/RMSE: 0.6331, train/MAPE: 2.2760, train/WAPE: 0.4690]
2026-03-12 04:10:18,597 - BasicTS-training - INFO - Start validation.
2026-03-12 04:12:07,054 - BasicTS-training - INFO - Result <val>: [val/time: 108.46 (s), val/loss: 0.3686, val/MAE: 0.3686, val/MSE: 0.5888, val/RMSE: 0.7673, val/MAPE: 2.3806, val/WAPE: 0.4813]
2026-03-12 04:16:24,040 - BasicTS-training - INFO - Result <test>: [test/time: 256.06 (s), test/loss: 0.4181, test/MAE: 0.4181, test/MSE: 0.7828, test/RMSE: 0.8848, test/MAPE: 2.5816, test/WAPE: 0.5129]
2026-03-12 04:16:26,658 - BasicTS-training - INFO - Checkpoint /mnt/users/rwl/MATS/results/main/MATS-Full-Traffic-336/9e6544deba72e22048e9cfadc53b8401/MATSArch_035.pt saved
2026-03-12 04:16:26,659 - BasicTS-training - INFO - The estimated training finish time is 2026-03-13 05:29:28
2026-03-12 04:16:26,659 - BasicTS-training - INFO - Epoch 36 / 100
2026-03-12 04:33:07,581 - BasicTS-training - INFO - Result <train>: [train/time: 1000.92 (s), train/lr: 3.63e-04, train/loss: 0.3373, train/MAE: 0.3373, train/MSE: 0.4008, train/RMSE: 0.6331, train/MAPE: 2.2752, train/WAPE: 0.4687]
2026-03-12 04:33:09,566 - BasicTS-training - INFO - Start validation.
2026-03-12 04:34:57,781 - BasicTS-training - INFO - Result <val>: [val/time: 108.21 (s), val/loss: 0.3681, val/MAE: 0.3681, val/MSE: 0.5827, val/RMSE: 0.7634, val/MAPE: 2.3438, val/WAPE: 0.4816]
2026-03-12 04:39:14,000 - BasicTS-training - INFO - Result <test>: [test/time: 255.40 (s), test/loss: 0.4187, test/MAE: 0.4187, test/MSE: 0.7760, test/RMSE: 0.8809, test/MAPE: 2.5618, test/WAPE: 0.5145]
2026-03-12 04:39:17,934 - BasicTS-training - INFO - Checkpoint /mnt/users/rwl/MATS/results/main/MATS-Full-Traffic-336/9e6544deba72e22048e9cfadc53b8401/MATSArch_036.pt saved
2026-03-12 04:39:17,935 - BasicTS-training - INFO - The estimated training finish time is 2026-03-13 05:28:17
2026-03-12 04:39:17,935 - BasicTS-training - INFO - Epoch 37 / 100
2026-03-12 04:56:00,366 - BasicTS-training - INFO - Result <train>: [train/time: 1002.43 (s), train/lr: 3.56e-04, train/loss: 0.3370, train/MAE: 0.3370, train/MSE: 0.4004, train/RMSE: 0.6328, train/MAPE: 2.2732, train/WAPE: 0.4684]
2026-03-12 04:56:02,945 - BasicTS-training - INFO - Start validation.
2026-03-12 04:57:52,467 - BasicTS-training - INFO - Result <val>: [val/time: 109.52 (s), val/loss: 0.3690, val/MAE: 0.3690, val/MSE: 0.5910, val/RMSE: 0.7688, val/MAPE: 2.4114, val/WAPE: 0.4821]
2026-03-12 05:02:08,550 - BasicTS-training - INFO - Result <test>: [test/time: 254.49 (s), test/loss: 0.4194, test/MAE: 0.4194, test/MSE: 0.7909, test/RMSE: 0.8893, test/MAPE: 2.6354, test/WAPE: 0.5145]
2026-03-12 05:02:11,763 - BasicTS-training - INFO - Checkpoint /mnt/users/rwl/MATS/results/main/MATS-Full-Traffic-336/9e6544deba72e22048e9cfadc53b8401/MATSArch_037.pt saved
2026-03-12 05:02:11,763 - BasicTS-training - INFO - The estimated training finish time is 2026-03-13 05:27:17
2026-03-12 05:02:11,763 - BasicTS-training - INFO - Epoch 38 / 100
2026-03-12 05:18:54,174 - BasicTS-training - INFO - Result <train>: [train/time: 1002.41 (s), train/lr: 3.49e-04, train/loss: 0.3372, train/MAE: 0.3372, train/MSE: 0.4007, train/RMSE: 0.6330, train/MAPE: 2.2761, train/WAPE: 0.4686]
2026-03-12 05:18:55,946 - BasicTS-training - INFO - Start validation.
2026-03-12 05:20:43,100 - BasicTS-training - INFO - Result <val>: [val/time: 107.15 (s), val/loss: 0.3664, val/MAE: 0.3664, val/MSE: 0.5906, val/RMSE: 0.7685, val/MAPE: 2.3290, val/WAPE: 0.4785]
2026-03-12 05:25:00,571 - BasicTS-training - INFO - Result <test>: [test/time: 256.67 (s), test/loss: 0.4165, test/MAE: 0.4165, test/MSE: 0.7909, test/RMSE: 0.8893, test/MAPE: 2.5337, test/WAPE: 0.5106]
2026-03-12 05:25:03,937 - BasicTS-training - INFO - Checkpoint /mnt/users/rwl/MATS/results/main/MATS-Full-Traffic-336/9e6544deba72e22048e9cfadc53b8401/MATSArch_038.pt saved
2026-03-12 05:25:03,938 - BasicTS-training - INFO - The estimated training finish time is 2026-03-13 05:26:16
2026-03-12 05:25:03,938 - BasicTS-training - INFO - Epoch 39 / 100
2026-03-12 05:41:42,284 - BasicTS-training - INFO - Result <train>: [train/time: 998.35 (s), train/lr: 3.42e-04, train/loss: 0.3369, train/MAE: 0.3369, train/MSE: 0.4003, train/RMSE: 0.6327, train/MAPE: 2.2728, train/WAPE: 0.4682]
2026-03-12 05:41:43,954 - BasicTS-training - INFO - Start validation.
2026-03-12 05:43:32,373 - BasicTS-training - INFO - Result <val>: [val/time: 108.42 (s), val/loss: 0.3672, val/MAE: 0.3672, val/MSE: 0.5899, val/RMSE: 0.7680, val/MAPE: 2.3313, val/WAPE: 0.4794]
2026-03-12 05:47:47,795 - BasicTS-training - INFO - Result <test>: [test/time: 254.56 (s), test/loss: 0.4162, test/MAE: 0.4162, test/MSE: 0.7762, test/RMSE: 0.8810, test/MAPE: 2.5043, test/WAPE: 0.5111]
2026-03-12 05:47:50,461 - BasicTS-training - INFO - Checkpoint /mnt/users/rwl/MATS/results/main/MATS-Full-Traffic-336/9e6544deba72e22048e9cfadc53b8401/MATSArch_039.pt saved
2026-03-12 05:47:50,462 - BasicTS-training - INFO - The estimated training finish time is 2026-03-13 05:25:04
2026-03-12 05:47:50,462 - BasicTS-training - INFO - Epoch 40 / 100
2026-03-12 06:04:32,093 - BasicTS-training - INFO - Result <train>: [train/time: 1001.63 (s), train/lr: 3.35e-04, train/loss: 0.3368, train/MAE: 0.3368, train/MSE: 0.4004, train/RMSE: 0.6328, train/MAPE: 2.2723, train/WAPE: 0.4681]
2026-03-12 06:04:34,711 - BasicTS-training - INFO - Start validation.
2026-03-12 06:06:24,106 - BasicTS-training - INFO - Result <val>: [val/time: 109.39 (s), val/loss: 0.3685, val/MAE: 0.3685, val/MSE: 0.5837, val/RMSE: 0.7640, val/MAPE: 2.3977, val/WAPE: 0.4813]
2026-03-12 06:10:39,259 - BasicTS-training - INFO - Result <test>: [test/time: 253.97 (s), test/loss: 0.4189, test/MAE: 0.4189, test/MSE: 0.7734, test/RMSE: 0.8794, test/MAPE: 2.6196, test/WAPE: 0.5144]
2026-03-12 06:10:42,544 - BasicTS-training - INFO - Checkpoint /mnt/users/rwl/MATS/results/main/MATS-Full-Traffic-336/9e6544deba72e22048e9cfadc53b8401/MATSArch_040.pt saved
2026-03-12 06:10:43,473 - BasicTS-training - INFO - The estimated training finish time is 2026-03-13 05:24:11
2026-03-12 06:10:43,473 - BasicTS-training - INFO - Epoch 41 / 100
2026-03-12 06:27:19,452 - BasicTS-training - INFO - Result <train>: [train/time: 995.98 (s), train/lr: 3.27e-04, train/loss: 0.3367, train/MAE: 0.3367, train/MSE: 0.4000, train/RMSE: 0.6324, train/MAPE: 2.2714, train/WAPE: 0.4679]
2026-03-12 06:27:22,057 - BasicTS-training - INFO - Start validation.
2026-03-12 06:29:11,495 - BasicTS-training - INFO - Result <val>: [val/time: 109.44 (s), val/loss: 0.3671, val/MAE: 0.3671, val/MSE: 0.5876, val/RMSE: 0.7665, val/MAPE: 2.3089, val/WAPE: 0.4797]
2026-03-12 06:33:27,203 - BasicTS-training - INFO - Result <test>: [test/time: 253.92 (s), test/loss: 0.4172, test/MAE: 0.4172, test/MSE: 0.7798, test/RMSE: 0.8830, test/MAPE: 2.5295, test/WAPE: 0.5121]
2026-03-12 06:33:30,878 - BasicTS-training - INFO - Checkpoint /mnt/users/rwl/MATS/results/main/MATS-Full-Traffic-336/9e6544deba72e22048e9cfadc53b8401/MATSArch_041.pt saved
2026-03-12 06:33:30,879 - BasicTS-training - INFO - The estimated training finish time is 2026-03-13 05:23:07
2026-03-12 06:33:30,879 - BasicTS-training - INFO - Epoch 42 / 100
2026-03-12 06:50:05,467 - BasicTS-training - INFO - Result <train>: [train/time: 994.59 (s), train/lr: 3.20e-04, train/loss: 0.3367, train/MAE: 0.3367, train/MSE: 0.3999, train/RMSE: 0.6324, train/MAPE: 2.2716, train/WAPE: 0.4678]
2026-03-12 06:50:07,098 - BasicTS-training - INFO - Start validation.
2026-03-12 06:51:57,957 - BasicTS-training - INFO - Result <val>: [val/time: 110.86 (s), val/loss: 0.3642, val/MAE: 0.3642, val/MSE: 0.5873, val/RMSE: 0.7664, val/MAPE: 2.3132, val/WAPE: 0.4760]
2026-03-12 06:52:00,377 - BasicTS-training - INFO - Checkpoint /mnt/users/rwl/MATS/results/main/MATS-Full-Traffic-336/9e6544deba72e22048e9cfadc53b8401/MATSArch_best_val_MAE.pt saved
2026-03-12 06:56:15,614 - BasicTS-training - INFO - Result <test>: [test/time: 255.24 (s), test/loss: 0.4147, test/MAE: 0.4147, test/MSE: 0.7827, test/RMSE: 0.8847, test/MAPE: 2.5183, test/WAPE: 0.5086]
2026-03-12 06:56:19,365 - BasicTS-training - INFO - Checkpoint /mnt/users/rwl/MATS/results/main/MATS-Full-Traffic-336/9e6544deba72e22048e9cfadc53b8401/MATSArch_042.pt saved
2026-03-12 06:56:19,366 - BasicTS-training - INFO - The estimated training finish time is 2026-03-13 05:22:09
2026-03-12 06:56:19,366 - BasicTS-training - INFO - Epoch 43 / 100
2026-03-12 07:12:54,618 - BasicTS-training - INFO - Result <train>: [train/time: 995.25 (s), train/lr: 3.12e-04, train/loss: 0.3363, train/MAE: 0.3363, train/MSE: 0.3996, train/RMSE: 0.6321, train/MAPE: 2.2701, train/WAPE: 0.4674]
2026-03-12 07:12:56,971 - BasicTS-training - INFO - Start validation.
2026-03-12 07:14:47,948 - BasicTS-training - INFO - Result <val>: [val/time: 110.98 (s), val/loss: 0.3676, val/MAE: 0.3676, val/MSE: 0.5931, val/RMSE: 0.7701, val/MAPE: 2.3740, val/WAPE: 0.4799]
2026-03-12 07:19:03,347 - BasicTS-training - INFO - Result <test>: [test/time: 253.93 (s), test/loss: 0.4184, test/MAE: 0.4184, test/MSE: 0.7943, test/RMSE: 0.8912, test/MAPE: 2.5941, test/WAPE: 0.5128]
2026-03-12 07:19:05,854 - BasicTS-training - INFO - Checkpoint /mnt/users/rwl/MATS/results/main/MATS-Full-Traffic-336/9e6544deba72e22048e9cfadc53b8401/MATSArch_043.pt saved
2026-03-12 07:19:05,855 - BasicTS-training - INFO - The estimated training finish time is 2026-03-13 05:21:09
2026-03-12 07:19:05,855 - BasicTS-training - INFO - Epoch 44 / 100
2026-03-12 07:35:42,285 - BasicTS-training - INFO - Result <train>: [train/time: 996.43 (s), train/lr: 3.05e-04, train/loss: 0.3364, train/MAE: 0.3364, train/MSE: 0.3997, train/RMSE: 0.6322, train/MAPE: 2.2704, train/WAPE: 0.4674]
2026-03-12 07:35:43,377 - BasicTS-training - INFO - Start validation.
2026-03-12 07:37:34,199 - BasicTS-training - INFO - Result <val>: [val/time: 110.82 (s), val/loss: 0.3688, val/MAE: 0.3688, val/MSE: 0.5836, val/RMSE: 0.7639, val/MAPE: 2.4094, val/WAPE: 0.4821]
2026-03-12 07:41:51,960 - BasicTS-training - INFO - Result <test>: [test/time: 255.04 (s), test/loss: 0.4178, test/MAE: 0.4178, test/MSE: 0.7716, test/RMSE: 0.8784, test/MAPE: 2.6297, test/WAPE: 0.5133]
2026-03-12 07:41:54,683 - BasicTS-training - INFO - Checkpoint /mnt/users/rwl/MATS/results/main/MATS-Full-Traffic-336/9e6544deba72e22048e9cfadc53b8401/MATSArch_044.pt saved
2026-03-12 07:41:54,684 - BasicTS-training - INFO - The estimated training finish time is 2026-03-13 05:20:17
2026-03-12 07:41:54,684 - BasicTS-training - INFO - Epoch 45 / 100
2026-03-12 07:58:30,921 - BasicTS-training - INFO - Result <train>: [train/time: 996.24 (s), train/lr: 2.97e-04, train/loss: 0.3361, train/MAE: 0.3361, train/MSE: 0.3992, train/RMSE: 0.6319, train/MAPE: 2.2698, train/WAPE: 0.4671]
2026-03-12 07:58:35,379 - BasicTS-training - INFO - Start validation.
2026-03-12 08:00:25,273 - BasicTS-training - INFO - Result <val>: [val/time: 109.89 (s), val/loss: 0.3675, val/MAE: 0.3675, val/MSE: 0.5918, val/RMSE: 0.7693, val/MAPE: 2.3080, val/WAPE: 0.4797]
2026-03-12 08:04:42,390 - BasicTS-training - INFO - Result <test>: [test/time: 254.90 (s), test/loss: 0.4158, test/MAE: 0.4158, test/MSE: 0.7804, test/RMSE: 0.8834, test/MAPE: 2.5029, test/WAPE: 0.5104]
2026-03-12 08:04:45,030 - BasicTS-training - INFO - Checkpoint /mnt/users/rwl/MATS/results/main/MATS-Full-Traffic-336/9e6544deba72e22048e9cfadc53b8401/MATSArch_045.pt saved
2026-03-12 08:04:45,031 - BasicTS-training - INFO - The estimated training finish time is 2026-03-13 05:19:31
2026-03-12 08:04:45,031 - BasicTS-training - INFO - Epoch 46 / 100
2026-03-12 08:21:20,735 - BasicTS-training - INFO - Result <train>: [train/time: 995.70 (s), train/lr: 2.89e-04, train/loss: 0.3361, train/MAE: 0.3361, train/MSE: 0.3993, train/RMSE: 0.6319, train/MAPE: 2.2699, train/WAPE: 0.4670]
2026-03-12 08:21:25,150 - BasicTS-training - INFO - Start validation.
2026-03-12 08:23:15,022 - BasicTS-training - INFO - Result <val>: [val/time: 109.87 (s), val/loss: 0.3649, val/MAE: 0.3649, val/MSE: 0.5937, val/RMSE: 0.7705, val/MAPE: 2.2805, val/WAPE: 0.4765]
2026-03-12 08:27:30,890 - BasicTS-training - INFO - Result <test>: [test/time: 254.66 (s), test/loss: 0.4136, test/MAE: 0.4136, test/MSE: 0.7908, test/RMSE: 0.8893, test/MAPE: 2.4648, test/WAPE: 0.5070]
2026-03-12 08:27:33,738 - BasicTS-training - INFO - Checkpoint /mnt/users/rwl/MATS/results/main/MATS-Full-Traffic-336/9e6544deba72e22048e9cfadc53b8401/MATSArch_046.pt saved
2026-03-12 08:27:33,739 - BasicTS-training - INFO - The estimated training finish time is 2026-03-13 05:18:43
2026-03-12 08:27:33,739 - BasicTS-training - INFO - Epoch 47 / 100
2026-03-12 08:44:08,096 - BasicTS-training - INFO - Result <train>: [train/time: 994.36 (s), train/lr: 2.81e-04, train/loss: 0.3360, train/MAE: 0.3360, train/MSE: 0.3992, train/RMSE: 0.6319, train/MAPE: 2.2690, train/WAPE: 0.4669]
2026-03-12 08:44:10,522 - BasicTS-training - INFO - Start validation.
2026-03-12 08:46:00,002 - BasicTS-training - INFO - Result <val>: [val/time: 109.48 (s), val/loss: 0.3655, val/MAE: 0.3655, val/MSE: 0.5861, val/RMSE: 0.7656, val/MAPE: 2.3405, val/WAPE: 0.4772]
2026-03-12 08:50:15,475 - BasicTS-training - INFO - Result <test>: [test/time: 254.43 (s), test/loss: 0.4159, test/MAE: 0.4159, test/MSE: 0.7780, test/RMSE: 0.8820, test/MAPE: 2.5454, test/WAPE: 0.5104]
2026-03-12 08:50:18,285 - BasicTS-training - INFO - Checkpoint /mnt/users/rwl/MATS/results/main/MATS-Full-Traffic-336/9e6544deba72e22048e9cfadc53b8401/MATSArch_047.pt saved
2026-03-12 08:50:18,286 - BasicTS-training - INFO - The estimated training finish time is 2026-03-13 05:17:48
2026-03-12 08:50:18,286 - BasicTS-training - INFO - Epoch 48 / 100
2026-03-12 09:06:54,390 - BasicTS-training - INFO - Result <train>: [train/time: 996.10 (s), train/lr: 2.74e-04, train/loss: 0.3359, train/MAE: 0.3359, train/MSE: 0.3992, train/RMSE: 0.6318, train/MAPE: 2.2688, train/WAPE: 0.4668]
2026-03-12 09:06:56,371 - BasicTS-training - INFO - Start validation.
2026-03-12 09:08:47,030 - BasicTS-training - INFO - Result <val>: [val/time: 110.66 (s), val/loss: 0.3654, val/MAE: 0.3654, val/MSE: 0.5881, val/RMSE: 0.7669, val/MAPE: 2.3312, val/WAPE: 0.4771]
2026-03-12 09:13:03,186 - BasicTS-training - INFO - Result <test>: [test/time: 255.31 (s), test/loss: 0.4148, test/MAE: 0.4148, test/MSE: 0.7769, test/RMSE: 0.8814, test/MAPE: 2.5328, test/WAPE: 0.5091]
2026-03-12 09:13:05,693 - BasicTS-training - INFO - Checkpoint /mnt/users/rwl/MATS/results/main/MATS-Full-Traffic-336/9e6544deba72e22048e9cfadc53b8401/MATSArch_048.pt saved
2026-03-12 09:13:05,694 - BasicTS-training - INFO - The estimated training finish time is 2026-03-13 05:17:02
2026-03-12 09:13:05,694 - BasicTS-training - INFO - Epoch 49 / 100
2026-03-12 09:29:45,097 - BasicTS-training - INFO - Result <train>: [train/time: 999.40 (s), train/lr: 2.66e-04, train/loss: 0.3357, train/MAE: 0.3357, train/MSE: 0.3989, train/RMSE: 0.6316, train/MAPE: 2.2678, train/WAPE: 0.4665]
2026-03-12 09:29:48,155 - BasicTS-training - INFO - Start validation.
2026-03-12 09:31:38,121 - BasicTS-training - INFO - Result <val>: [val/time: 109.96 (s), val/loss: 0.3672, val/MAE: 0.3672, val/MSE: 0.5921, val/RMSE: 0.7695, val/MAPE: 2.3722, val/WAPE: 0.4793]
2026-03-12 09:35:54,582 - BasicTS-training - INFO - Result <test>: [test/time: 255.29 (s), test/loss: 0.4170, test/MAE: 0.4170, test/MSE: 0.7910, test/RMSE: 0.8894, test/MAPE: 2.5877, test/WAPE: 0.5115]
2026-03-12 09:35:57,543 - BasicTS-training - INFO - Checkpoint /mnt/users/rwl/MATS/results/main/MATS-Full-Traffic-336/9e6544deba72e22048e9cfadc53b8401/MATSArch_049.pt saved
2026-03-12 09:35:57,544 - BasicTS-training - INFO - The estimated training finish time is 2026-03-13 05:16:26
2026-03-12 09:35:57,544 - BasicTS-training - INFO - Epoch 50 / 100
2026-03-12 09:52:33,344 - BasicTS-training - INFO - Result <train>: [train/time: 995.80 (s), train/lr: 2.58e-04, train/loss: 0.3356, train/MAE: 0.3356, train/MSE: 0.3988, train/RMSE: 0.6315, train/MAPE: 2.2670, train/WAPE: 0.4664]
2026-03-12 09:52:36,025 - BasicTS-training - INFO - Start validation.
2026-03-12 09:54:24,692 - BasicTS-training - INFO - Result <val>: [val/time: 108.67 (s), val/loss: 0.3661, val/MAE: 0.3661, val/MSE: 0.5880, val/RMSE: 0.7668, val/MAPE: 2.3678, val/WAPE: 0.4777]
2026-03-12 09:58:40,368 - BasicTS-training - INFO - Result <test>: [test/time: 254.52 (s), test/loss: 0.4172, test/MAE: 0.4172, test/MSE: 0.7882, test/RMSE: 0.8878, test/MAPE: 2.6029, test/WAPE: 0.5114]
2026-03-12 09:58:42,484 - BasicTS-training - INFO - Checkpoint /mnt/users/rwl/MATS/results/main/MATS-Full-Traffic-336/9e6544deba72e22048e9cfadc53b8401/MATSArch_050.pt saved
2026-03-12 09:58:43,731 - BasicTS-training - INFO - The estimated training finish time is 2026-03-13 05:15:41
2026-03-12 09:58:43,731 - BasicTS-training - INFO - Epoch 51 / 100
2026-03-12 10:15:22,112 - BasicTS-training - INFO - Result <train>: [train/time: 998.38 (s), train/lr: 2.50e-04, train/loss: 0.3354, train/MAE: 0.3354, train/MSE: 0.3986, train/RMSE: 0.6313, train/MAPE: 2.2674, train/WAPE: 0.4662]
2026-03-12 10:15:23,681 - BasicTS-training - INFO - Start validation.
2026-03-12 10:17:12,638 - BasicTS-training - INFO - Result <val>: [val/time: 108.96 (s), val/loss: 0.3647, val/MAE: 0.3647, val/MSE: 0.5896, val/RMSE: 0.7679, val/MAPE: 2.2729, val/WAPE: 0.4758]
2026-03-12 10:21:31,143 - BasicTS-training - INFO - Result <test>: [test/time: 257.53 (s), test/loss: 0.4148, test/MAE: 0.4148, test/MSE: 0.7840, test/RMSE: 0.8855, test/MAPE: 2.4746, test/WAPE: 0.5085]
2026-03-12 10:21:34,644 - BasicTS-training - INFO - Checkpoint /mnt/users/rwl/MATS/results/main/MATS-Full-Traffic-336/9e6544deba72e22048e9cfadc53b8401/MATSArch_051.pt saved
2026-03-12 10:21:34,645 - BasicTS-training - INFO - The estimated training finish time is 2026-03-13 05:15:07
2026-03-12 10:21:34,645 - BasicTS-training - INFO - Epoch 52 / 100
2026-03-12 10:38:27,427 - BasicTS-training - INFO - Result <train>: [train/time: 1012.78 (s), train/lr: 2.42e-04, train/loss: 0.3351, train/MAE: 0.3351, train/MSE: 0.3982, train/RMSE: 0.6310, train/MAPE: 2.2646, train/WAPE: 0.4657]
2026-03-12 10:38:29,707 - BasicTS-training - INFO - Start validation.
2026-03-12 10:40:20,642 - BasicTS-training - INFO - Result <val>: [val/time: 110.93 (s), val/loss: 0.3651, val/MAE: 0.3651, val/MSE: 0.5841, val/RMSE: 0.7643, val/MAPE: 2.3468, val/WAPE: 0.4765]
2026-03-12 10:44:42,296 - BasicTS-training - INFO - Result <test>: [test/time: 260.74 (s), test/loss: 0.4152, test/MAE: 0.4152, test/MSE: 0.7734, test/RMSE: 0.8795, test/MAPE: 2.5685, test/WAPE: 0.5098]
2026-03-12 10:44:45,701 - BasicTS-training - INFO - Checkpoint /mnt/users/rwl/MATS/results/main/MATS-Full-Traffic-336/9e6544deba72e22048e9cfadc53b8401/MATSArch_052.pt saved
2026-03-12 10:44:45,702 - BasicTS-training - INFO - The estimated training finish time is 2026-03-13 05:15:12
2026-03-12 10:44:45,703 - BasicTS-training - INFO - Epoch 53 / 100
2026-03-12 11:01:42,759 - BasicTS-training - INFO - Result <train>: [train/time: 1017.06 (s), train/lr: 2.34e-04, train/loss: 0.3352, train/MAE: 0.3352, train/MSE: 0.3983, train/RMSE: 0.6311, train/MAPE: 2.2647, train/WAPE: 0.4658]
2026-03-12 11:01:44,690 - BasicTS-training - INFO - Start validation.
2026-03-12 11:03:36,802 - BasicTS-training - INFO - Result <val>: [val/time: 112.11 (s), val/loss: 0.3674, val/MAE: 0.3674, val/MSE: 0.5927, val/RMSE: 0.7699, val/MAPE: 2.3714, val/WAPE: 0.4790]
2026-03-12 11:07:57,578 - BasicTS-training - INFO - Result <test>: [test/time: 259.77 (s), test/loss: 0.4171, test/MAE: 0.4171, test/MSE: 0.7925, test/RMSE: 0.8902, test/MAPE: 2.5949, test/WAPE: 0.5110]
2026-03-12 11:08:01,903 - BasicTS-training - INFO - Checkpoint /mnt/users/rwl/MATS/results/main/MATS-Full-Traffic-336/9e6544deba72e22048e9cfadc53b8401/MATSArch_053.pt saved
2026-03-12 11:08:01,904 - BasicTS-training - INFO - The estimated training finish time is 2026-03-13 05:15:27
2026-03-12 11:08:01,904 - BasicTS-training - INFO - Epoch 54 / 100
2026-03-12 11:25:41,727 - BasicTS-training - INFO - Result <train>: [train/time: 1059.82 (s), train/lr: 2.26e-04, train/loss: 0.3348, train/MAE: 0.3348, train/MSE: 0.3978, train/RMSE: 0.6307, train/MAPE: 2.2635, train/WAPE: 0.4653]
2026-03-12 11:25:44,180 - BasicTS-training - INFO - Start validation.
2026-03-12 11:27:40,666 - BasicTS-training - INFO - Result <val>: [val/time: 116.48 (s), val/loss: 0.3661, val/MAE: 0.3661, val/MSE: 0.5866, val/RMSE: 0.7659, val/MAPE: 2.3445, val/WAPE: 0.4781]
2026-03-12 11:32:16,259 - BasicTS-training - INFO - Result <test>: [test/time: 274.19 (s), test/loss: 0.4147, test/MAE: 0.4147, test/MSE: 0.7740, test/RMSE: 0.8798, test/MAPE: 2.5459, test/WAPE: 0.5089]
2026-03-12 11:32:19,618 - BasicTS-training - INFO - Checkpoint /mnt/users/rwl/MATS/results/main/MATS-Full-Traffic-336/9e6544deba72e22048e9cfadc53b8401/MATSArch_054.pt saved
2026-03-12 11:32:19,619 - BasicTS-training - INFO - The estimated training finish time is 2026-03-13 05:17:36
2026-03-12 11:32:19,619 - BasicTS-training - INFO - Epoch 55 / 100
2026-03-12 11:49:57,116 - BasicTS-training - INFO - Result <train>: [train/time: 1057.50 (s), train/lr: 2.19e-04, train/loss: 0.3349, train/MAE: 0.3349, train/MSE: 0.3980, train/RMSE: 0.6309, train/MAPE: 2.2630, train/WAPE: 0.4654]
2026-03-12 11:50:01,641 - BasicTS-training - INFO - Start validation.
2026-03-12 11:51:59,307 - BasicTS-training - INFO - Result <val>: [val/time: 117.66 (s), val/loss: 0.3632, val/MAE: 0.3632, val/MSE: 0.5813, val/RMSE: 0.7624, val/MAPE: 2.3003, val/WAPE: 0.4748]
2026-03-12 11:52:04,188 - BasicTS-training - INFO - Checkpoint /mnt/users/rwl/MATS/results/main/MATS-Full-Traffic-336/9e6544deba72e22048e9cfadc53b8401/MATSArch_best_val_MAE.pt saved
2026-03-12 11:56:33,522 - BasicTS-training - INFO - Result <test>: [test/time: 269.33 (s), test/loss: 0.4128, test/MAE: 0.4128, test/MSE: 0.7708, test/RMSE: 0.8779, test/MAPE: 2.5035, test/WAPE: 0.5067]
2026-03-12 11:56:43,035 - BasicTS-training - INFO - Checkpoint /mnt/users/rwl/MATS/results/main/MATS-Full-Traffic-336/9e6544deba72e22048e9cfadc53b8401/MATSArch_055.pt saved
2026-03-12 11:56:43,036 - BasicTS-training - INFO - The estimated training finish time is 2026-03-13 05:19:50
2026-03-12 11:56:43,036 - BasicTS-training - INFO - Epoch 56 / 100
2026-03-12 12:14:24,827 - BasicTS-training - INFO - Result <train>: [train/time: 1061.79 (s), train/lr: 2.11e-04, train/loss: 0.3347, train/MAE: 0.3347, train/MSE: 0.3978, train/RMSE: 0.6307, train/MAPE: 2.2637, train/WAPE: 0.4652]
2026-03-12 12:14:30,320 - BasicTS-training - INFO - Start validation.
2026-03-12 12:16:27,340 - BasicTS-training - INFO - Result <val>: [val/time: 117.02 (s), val/loss: 0.3651, val/MAE: 0.3651, val/MSE: 0.5810, val/RMSE: 0.7623, val/MAPE: 2.2964, val/WAPE: 0.4770]
2026-03-12 12:20:57,440 - BasicTS-training - INFO - Result <test>: [test/time: 269.48 (s), test/loss: 0.4151, test/MAE: 0.4151, test/MSE: 0.7700, test/RMSE: 0.8775, test/MAPE: 2.5133, test/WAPE: 0.5097]
2026-03-12 12:21:05,129 - BasicTS-training - INFO - Checkpoint /mnt/users/rwl/MATS/results/main/MATS-Full-Traffic-336/9e6544deba72e22048e9cfadc53b8401/MATSArch_056.pt saved
2026-03-12 12:21:05,130 - BasicTS-training - INFO - The estimated training finish time is 2026-03-13 05:21:57
2026-03-12 12:21:05,130 - BasicTS-training - INFO - Epoch 57 / 100
2026-03-12 12:38:40,954 - BasicTS-training - INFO - Result <train>: [train/time: 1055.82 (s), train/lr: 2.03e-04, train/loss: 0.3345, train/MAE: 0.3345, train/MSE: 0.3975, train/RMSE: 0.6305, train/MAPE: 2.2629, train/WAPE: 0.4648]
2026-03-12 12:38:42,542 - BasicTS-training - INFO - Start validation.
2026-03-12 12:40:39,658 - BasicTS-training - INFO - Result <val>: [val/time: 117.11 (s), val/loss: 0.3658, val/MAE: 0.3658, val/MSE: 0.5864, val/RMSE: 0.7658, val/MAPE: 2.3479, val/WAPE: 0.4777]
2026-03-12 12:45:11,033 - BasicTS-training - INFO - Result <test>: [test/time: 270.06 (s), test/loss: 0.4151, test/MAE: 0.4151, test/MSE: 0.7805, test/RMSE: 0.8834, test/MAPE: 2.5601, test/WAPE: 0.5093]
2026-03-12 12:45:13,964 - BasicTS-training - INFO - Checkpoint /mnt/users/rwl/MATS/results/main/MATS-Full-Traffic-336/9e6544deba72e22048e9cfadc53b8401/MATSArch_057.pt saved
2026-03-12 12:45:13,965 - BasicTS-training - INFO - The estimated training finish time is 2026-03-13 05:23:37
2026-03-12 12:45:13,965 - BasicTS-training - INFO - Epoch 58 / 100
2026-03-12 13:02:59,323 - BasicTS-training - INFO - Result <train>: [train/time: 1065.36 (s), train/lr: 1.95e-04, train/loss: 0.3343, train/MAE: 0.3343, train/MSE: 0.3974, train/RMSE: 0.6304, train/MAPE: 2.2617, train/WAPE: 0.4646]
2026-03-12 13:03:00,543 - BasicTS-training - INFO - Start validation.
2026-03-12 13:04:58,068 - BasicTS-training - INFO - Result <val>: [val/time: 117.52 (s), val/loss: 0.3658, val/MAE: 0.3658, val/MSE: 0.5875, val/RMSE: 0.7665, val/MAPE: 2.2847, val/WAPE: 0.4776]
2026-03-12 13:09:30,560 - BasicTS-training - INFO - Result <test>: [test/time: 270.43 (s), test/loss: 0.4144, test/MAE: 0.4144, test/MSE: 0.7768, test/RMSE: 0.8813, test/MAPE: 2.4901, test/WAPE: 0.5085]
2026-03-12 13:09:32,106 - BasicTS-training - INFO - Checkpoint /mnt/users/rwl/MATS/results/main/MATS-Full-Traffic-336/9e6544deba72e22048e9cfadc53b8401/MATSArch_058.pt saved
2026-03-12 13:09:32,107 - BasicTS-training - INFO - The estimated training finish time is 2026-03-13 05:25:29
2026-03-12 13:09:32,107 - BasicTS-training - INFO - Epoch 59 / 100
2026-03-12 13:27:15,168 - BasicTS-training - INFO - Result <train>: [train/time: 1063.06 (s), train/lr: 1.88e-04, train/loss: 0.3342, train/MAE: 0.3342, train/MSE: 0.3972, train/RMSE: 0.6302, train/MAPE: 2.2612, train/WAPE: 0.4644]
2026-03-12 13:27:15,916 - BasicTS-training - INFO - Start validation.
2026-03-12 13:29:12,880 - BasicTS-training - INFO - Result <val>: [val/time: 116.96 (s), val/loss: 0.3657, val/MAE: 0.3657, val/MSE: 0.5910, val/RMSE: 0.7688, val/MAPE: 2.4127, val/WAPE: 0.4772]
2026-03-12 13:33:42,974 - BasicTS-training - INFO - Result <test>: [test/time: 269.26 (s), test/loss: 0.4163, test/MAE: 0.4163, test/MSE: 0.7990, test/RMSE: 0.8938, test/MAPE: 2.6414, test/WAPE: 0.5095]
2026-03-12 13:33:45,016 - BasicTS-training - INFO - Checkpoint /mnt/users/rwl/MATS/results/main/MATS-Full-Traffic-336/9e6544deba72e22048e9cfadc53b8401/MATSArch_059.pt saved
2026-03-12 13:33:45,017 - BasicTS-training - INFO - The estimated training finish time is 2026-03-13 05:27:08
2026-03-12 13:33:45,018 - BasicTS-training - INFO - Epoch 60 / 100
2026-03-12 13:51:30,843 - BasicTS-training - INFO - Result <train>: [train/time: 1065.83 (s), train/lr: 1.80e-04, train/loss: 0.3340, train/MAE: 0.3340, train/MSE: 0.3969, train/RMSE: 0.6300, train/MAPE: 2.2603, train/WAPE: 0.4641]
2026-03-12 13:51:31,674 - BasicTS-training - INFO - Start validation.
2026-03-12 13:53:28,706 - BasicTS-training - INFO - Result <val>: [val/time: 117.03 (s), val/loss: 0.3641, val/MAE: 0.3641, val/MSE: 0.5852, val/RMSE: 0.7650, val/MAPE: 2.3010, val/WAPE: 0.4756]
2026-03-12 13:58:01,690 - BasicTS-training - INFO - Result <test>: [test/time: 272.26 (s), test/loss: 0.4134, test/MAE: 0.4134, test/MSE: 0.7707, test/RMSE: 0.8779, test/MAPE: 2.5026, test/WAPE: 0.5077]
2026-03-12 13:58:02,925 - BasicTS-training - INFO - Checkpoint /mnt/users/rwl/MATS/results/main/MATS-Full-Traffic-336/9e6544deba72e22048e9cfadc53b8401/MATSArch_060.pt saved
2026-03-12 13:58:03,776 - BasicTS-training - INFO - The estimated training finish time is 2026-03-13 05:28:54
2026-03-12 13:58:03,776 - BasicTS-training - INFO - Epoch 61 / 100
2026-03-12 14:15:47,587 - BasicTS-training - INFO - Result <train>: [train/time: 1063.81 (s), train/lr: 1.73e-04, train/loss: 0.3339, train/MAE: 0.3339, train/MSE: 0.3969, train/RMSE: 0.6300, train/MAPE: 2.2600, train/WAPE: 0.4640]
2026-03-12 14:15:49,258 - BasicTS-training - INFO - Start validation.
2026-03-12 14:17:45,716 - BasicTS-training - INFO - Result <val>: [val/time: 116.46 (s), val/loss: 0.3633, val/MAE: 0.3633, val/MSE: 0.5813, val/RMSE: 0.7624, val/MAPE: 2.3407, val/WAPE: 0.4749]
2026-03-12 14:22:21,415 - BasicTS-training - INFO - Result <test>: [test/time: 274.26 (s), test/loss: 0.4143, test/MAE: 0.4143, test/MSE: 0.7698, test/RMSE: 0.8774, test/MAPE: 2.5594, test/WAPE: 0.5088]
2026-03-12 14:22:24,236 - BasicTS-training - INFO - Checkpoint /mnt/users/rwl/MATS/results/main/MATS-Full-Traffic-336/9e6544deba72e22048e9cfadc53b8401/MATSArch_061.pt saved
2026-03-12 14:22:24,237 - BasicTS-training - INFO - The estimated training finish time is 2026-03-13 05:30:39
2026-03-12 14:22:24,237 - BasicTS-training - INFO - Epoch 62 / 100
2026-03-12 14:40:13,042 - BasicTS-training - INFO - Result <train>: [train/time: 1068.80 (s), train/lr: 1.65e-04, train/loss: 0.3336, train/MAE: 0.3336, train/MSE: 0.3966, train/RMSE: 0.6297, train/MAPE: 2.2591, train/WAPE: 0.4636]
2026-03-12 14:40:13,897 - BasicTS-training - INFO - Start validation.
2026-03-12 14:42:10,015 - BasicTS-training - INFO - Result <val>: [val/time: 116.12 (s), val/loss: 0.3624, val/MAE: 0.3624, val/MSE: 0.5835, val/RMSE: 0.7639, val/MAPE: 2.3127, val/WAPE: 0.4731]
2026-03-12 14:42:11,926 - BasicTS-training - INFO - Checkpoint /mnt/users/rwl/MATS/results/main/MATS-Full-Traffic-336/9e6544deba72e22048e9cfadc53b8401/MATSArch_best_val_MAE.pt saved
2026-03-12 14:46:43,435 - BasicTS-training - INFO - Result <test>: [test/time: 271.51 (s), test/loss: 0.4121, test/MAE: 0.4121, test/MSE: 0.7692, test/RMSE: 0.8770, test/MAPE: 2.5177, test/WAPE: 0.5061]
2026-03-12 14:46:46,215 - BasicTS-training - INFO - Checkpoint /mnt/users/rwl/MATS/results/main/MATS-Full-Traffic-336/9e6544deba72e22048e9cfadc53b8401/MATSArch_062.pt saved
2026-03-12 14:46:46,216 - BasicTS-training - INFO - The estimated training finish time is 2026-03-13 05:32:23
2026-03-12 14:46:46,216 - BasicTS-training - INFO - Epoch 63 / 100
2026-03-12 15:04:29,889 - BasicTS-training - INFO - Result <train>: [train/time: 1063.67 (s), train/lr: 1.58e-04, train/loss: 0.3333, train/MAE: 0.3333, train/MSE: 0.3963, train/RMSE: 0.6295, train/MAPE: 2.2578, train/WAPE: 0.4633]
2026-03-12 15:04:30,496 - BasicTS-training - INFO - Start validation.
2026-03-12 15:06:28,521 - BasicTS-training - INFO - Result <val>: [val/time: 118.02 (s), val/loss: 0.3638, val/MAE: 0.3638, val/MSE: 0.5882, val/RMSE: 0.7669, val/MAPE: 2.3181, val/WAPE: 0.4752]
2026-03-12 15:11:01,649 - BasicTS-training - INFO - Result <test>: [test/time: 272.17 (s), test/loss: 0.4133, test/MAE: 0.4133, test/MSE: 0.7834, test/RMSE: 0.8851, test/MAPE: 2.5180, test/WAPE: 0.5067]
2026-03-12 15:11:03,697 - BasicTS-training - INFO - Checkpoint /mnt/users/rwl/MATS/results/main/MATS-Full-Traffic-336/9e6544deba72e22048e9cfadc53b8401/MATSArch_063.pt saved
2026-03-12 15:11:03,698 - BasicTS-training - INFO - The estimated training finish time is 2026-03-13 05:33:57
2026-03-12 15:11:03,698 - BasicTS-training - INFO - Epoch 64 / 100
2026-03-12 15:28:43,821 - BasicTS-training - INFO - Result <train>: [train/time: 1060.12 (s), train/lr: 1.51e-04, train/loss: 0.3334, train/MAE: 0.3334, train/MSE: 0.3964, train/RMSE: 0.6296, train/MAPE: 2.2578, train/WAPE: 0.4634]
2026-03-12 15:28:45,240 - BasicTS-training - INFO - Start validation.
2026-03-12 15:30:40,637 - BasicTS-training - INFO - Result <val>: [val/time: 115.40 (s), val/loss: 0.3627, val/MAE: 0.3627, val/MSE: 0.5801, val/RMSE: 0.7616, val/MAPE: 2.2800, val/WAPE: 0.4738]
2026-03-12 15:35:12,585 - BasicTS-training - INFO - Result <test>: [test/time: 271.20 (s), test/loss: 0.4138, test/MAE: 0.4138, test/MSE: 0.7677, test/RMSE: 0.8762, test/MAPE: 2.5031, test/WAPE: 0.5082]
2026-03-12 15:35:14,772 - BasicTS-training - INFO - Checkpoint /mnt/users/rwl/MATS/results/main/MATS-Full-Traffic-336/9e6544deba72e22048e9cfadc53b8401/MATSArch_064.pt saved
2026-03-12 15:35:14,772 - BasicTS-training - INFO - The estimated training finish time is 2026-03-13 05:35:17
2026-03-12 15:35:14,772 - BasicTS-training - INFO - Epoch 65 / 100
2026-03-12 15:52:58,633 - BasicTS-training - INFO - Result <train>: [train/time: 1063.86 (s), train/lr: 1.44e-04, train/loss: 0.3331, train/MAE: 0.3331, train/MSE: 0.3960, train/RMSE: 0.6293, train/MAPE: 2.2574, train/WAPE: 0.4629]
2026-03-12 15:53:00,242 - BasicTS-training - INFO - Start validation.
2026-03-12 15:54:56,858 - BasicTS-training - INFO - Result <val>: [val/time: 116.61 (s), val/loss: 0.3641, val/MAE: 0.3641, val/MSE: 0.5883, val/RMSE: 0.7670, val/MAPE: 2.2927, val/WAPE: 0.4749]
2026-03-12 15:59:26,922 - BasicTS-training - INFO - Result <test>: [test/time: 269.02 (s), test/loss: 0.4135, test/MAE: 0.4135, test/MSE: 0.7831, test/RMSE: 0.8849, test/MAPE: 2.4926, test/WAPE: 0.5068]
2026-03-12 15:59:29,784 - BasicTS-training - INFO - Checkpoint /mnt/users/rwl/MATS/results/main/MATS-Full-Traffic-336/9e6544deba72e22048e9cfadc53b8401/MATSArch_065.pt saved
2026-03-12 15:59:29,785 - BasicTS-training - INFO - The estimated training finish time is 2026-03-13 05:36:42
2026-03-12 15:59:29,785 - BasicTS-training - INFO - Epoch 66 / 100
2026-03-12 16:16:55,383 - BasicTS-training - INFO - Result <train>: [train/time: 1045.60 (s), train/lr: 1.37e-04, train/loss: 0.3329, train/MAE: 0.3329, train/MSE: 0.3958, train/RMSE: 0.6291, train/MAPE: 2.2555, train/WAPE: 0.4627]
2026-03-12 16:16:57,452 - BasicTS-training - INFO - Start validation.
2026-03-12 16:18:51,827 - BasicTS-training - INFO - Result <val>: [val/time: 114.37 (s), val/loss: 0.3626, val/MAE: 0.3626, val/MSE: 0.5831, val/RMSE: 0.7636, val/MAPE: 2.2723, val/WAPE: 0.4736]
2026-03-12 16:23:20,161 - BasicTS-training - INFO - Result <test>: [test/time: 267.50 (s), test/loss: 0.4131, test/MAE: 0.4131, test/MSE: 0.7741, test/RMSE: 0.8798, test/MAPE: 2.4849, test/WAPE: 0.5067]
2026-03-12 16:23:22,335 - BasicTS-training - INFO - Checkpoint /mnt/users/rwl/MATS/results/main/MATS-Full-Traffic-336/9e6544deba72e22048e9cfadc53b8401/MATSArch_066.pt saved
2026-03-12 16:23:22,336 - BasicTS-training - INFO - The estimated training finish time is 2026-03-13 05:37:30
2026-03-12 16:23:22,336 - BasicTS-training - INFO - Epoch 67 / 100
2026-03-12 16:40:39,863 - BasicTS-training - INFO - Result <train>: [train/time: 1037.53 (s), train/lr: 1.30e-04, train/loss: 0.3328, train/MAE: 0.3328, train/MSE: 0.3956, train/RMSE: 0.6290, train/MAPE: 2.2559, train/WAPE: 0.4625]
2026-03-12 16:40:40,461 - BasicTS-training - INFO - Start validation.
2026-03-12 16:42:34,608 - BasicTS-training - INFO - Result <val>: [val/time: 114.15 (s), val/loss: 0.3628, val/MAE: 0.3628, val/MSE: 0.5818, val/RMSE: 0.7627, val/MAPE: 2.3202, val/WAPE: 0.4737]
2026-03-12 16:46:59,942 - BasicTS-training - INFO - Result <test>: [test/time: 263.86 (s), test/loss: 0.4119, test/MAE: 0.4119, test/MSE: 0.7683, test/RMSE: 0.8765, test/MAPE: 2.5332, test/WAPE: 0.5058]
2026-03-12 16:47:02,056 - BasicTS-training - INFO - Checkpoint /mnt/users/rwl/MATS/results/main/MATS-Full-Traffic-336/9e6544deba72e22048e9cfadc53b8401/MATSArch_067.pt saved
2026-03-12 16:47:02,056 - BasicTS-training - INFO - The estimated training finish time is 2026-03-13 05:37:57
2026-03-12 16:47:02,056 - BasicTS-training - INFO - Epoch 68 / 100
2026-03-12 17:04:28,166 - BasicTS-training - INFO - Result <train>: [train/time: 1046.11 (s), train/lr: 1.23e-04, train/loss: 0.3326, train/MAE: 0.3326, train/MSE: 0.3955, train/RMSE: 0.6289, train/MAPE: 2.2543, train/WAPE: 0.4622]
2026-03-12 17:04:29,688 - BasicTS-training - INFO - Start validation.
2026-03-12 17:06:22,148 - BasicTS-training - INFO - Result <val>: [val/time: 112.46 (s), val/loss: 0.3621, val/MAE: 0.3621, val/MSE: 0.5878, val/RMSE: 0.7667, val/MAPE: 2.2774, val/WAPE: 0.4726]
2026-03-12 17:06:24,640 - BasicTS-training - INFO - Checkpoint /mnt/users/rwl/MATS/results/main/MATS-Full-Traffic-336/9e6544deba72e22048e9cfadc53b8401/MATSArch_best_val_MAE.pt saved
